 copytrade

 Timestamp is 58ca85fc (Thu Mar 16 14:33:00 2017)

 Preferred load address is 10000000

 Start         Length     Name                   Class
 0001:00000000 0016f899H .text                   CODE
 0001:0016f8a0 00004734H .text$x                 CODE
 0001:00173fe0 00002ca8H .text$yc                CODE
 0001:00176c90 00001ab2H .text$yd                CODE
 0002:00000000 00000104H .CRT$XCA                DATA
 0002:00000104 00000104H .CRT$XCC                DATA
 0002:00000208 000001c4H .CRT$XCU                DATA
 0002:000003cc 00000104H .CRT$XCZ                DATA
 0002:000004d0 00000104H .CRT$XIA                DATA
 0002:000005d4 00000113H .CRT$XIC                DATA
 0002:000006e8 00000104H .CRT$XIZ                DATA
 0002:000007ec 00000104H .CRT$XPA                DATA
 0002:000008f0 00000109H .CRT$XPX                DATA
 0002:000009fc 00000104H .CRT$XPXA               DATA
 0002:00000b00 00000104H .CRT$XPZ                DATA
 0002:00000c04 00000104H .CRT$XTA                DATA
 0002:00000d08 00000104H .CRT$XTZ                DATA
 0002:00000e10 0002228bH .rdata                  DATA
 0002:0002309c 00000173H .rdata$debug            DATA
 0002:00023210 00000a07H .rdata$r                DATA
 0002:00023c20 000004a3H .rdata$sxdata           DATA
 0002:000240c4 00000104H .rtc$IAA                DATA
 0002:000241c8 0000012bH .rtc$IMZ                DATA
 0002:000242f4 00000104H .rtc$IZZ                DATA
 0002:000243f8 00000104H .rtc$TAA                DATA
 0002:000244fc 0000012bH .rtc$TMZ                DATA
 0002:00024628 00000104H .rtc$TZZ                DATA
 0002:00024730 00004a41H .xdata$x                DATA
 0002:00029180 000002e4H .edata                  DATA
 0003:00000000 00003385H .data                   DATA
 0003:000033a0 0000332cH .bss                    DATA
 0004:00000000 00000028H .idata$2                DATA
 0004:00000028 00000014H .idata$3                DATA
 0004:0000003c 00000330H .idata$4                DATA
 0004:0000036c 00000330H .idata$5                DATA
 0004:0000069c 00000c0bH .idata$6                DATA
 0005:00000000 000001c0H .rsrc$01                DATA
 0005:000001c0 000007d3H .rsrc$02                DATA

  Address         Publics by Value              Rva+Base       Lib:Object

 0000:00000000       __except_list              00000000     <absolute>
 0000:000000c2       ___safe_se_handler_count   000000c2     <absolute>
 0000:00000000       ___ImageBase               10000000     <linker-defined>
 0001:00003240       ??$_Allocate@D@std@@YAPADIPAD@Z 10004240 f i common.obj
 0001:000032c0       ??$_Allocate@U_Container_proxy@std@@@std@@YAPAU_Container_proxy@0@IPAU10@@Z 100042c0 f i common.obj
 0001:00003350       ??$_Debug_pointer@D@std@@YAXPBDPB_WI@Z 10004350 f i common.obj
 0001:000033b0       ??$addressof@D@std@@YAPADAAD@Z 100043b0 f i common.obj
 0001:000033f0       ??$construct@PADAAPAD@?$_Wrap_alloc@V?$allocator@D@std@@@std@@QAEXPAPADAAPAD@Z 100043f0 f i common.obj
 0001:00003460       ??$construct@PADAAPAD@?$allocator@D@std@@QAEXPAPADAAPAD@Z 10004460 f i common.obj
 0001:00003560       ??$construct@PADAAPAD@?$allocator_traits@V?$allocator@D@std@@@std@@SAXAAV?$allocator@D@1@PAPADAAPAD@Z 10004560 f i common.obj
 0001:000035c0       ??$construct@U_Container_proxy@std@@U12@@?$allocator@U_Container_proxy@std@@@std@@QAEXPAU_Container_proxy@1@$$QAU21@@Z 100045c0 f i common.obj
 0001:000036d0       ??$destroy@PAD@?$_Wrap_alloc@V?$allocator@D@std@@@std@@QAEXPAPAD@Z 100046d0 f i common.obj
 0001:00003730       ??$destroy@PAD@?$allocator@D@std@@QAEXPAPAD@Z 10004730 f i common.obj
 0001:00003770       ??$destroy@PAD@?$allocator_traits@V?$allocator@D@std@@@std@@SAXAAV?$allocator@D@1@PAPAD@Z 10004770 f i common.obj
 0001:000037c0       ??$destroy@U_Container_proxy@std@@@?$allocator@U_Container_proxy@std@@@std@@QAEXPAU_Container_proxy@1@@Z 100047c0 f i common.obj
 0001:00003800       ??$forward@AAPAD@std@@YAAAPADAAPAD@Z 10004800 f i common.obj
 0001:00003840       ??$forward@U_Container_proxy@std@@@std@@YA$$QAU_Container_proxy@0@AAU10@@Z 10004840 f i common.obj
 0001:00003880       ??0?$_String_alloc@$0A@U?$_String_base_types@DV?$allocator@D@std@@@std@@@std@@QAE@ABV?$allocator@D@1@@Z 10004880 f i common.obj
 0001:00003930       ??0?$_String_val@U?$_Simple_types@D@std@@@std@@QAE@XZ 10004930 f i common.obj
 0001:000039a0       ??0?$_Wrap_alloc@V?$allocator@D@std@@@std@@QAE@XZ 100049a0 f i common.obj
 0001:00003a00       ??0?$allocator@D@std@@QAE@XZ 10004a00 f i common.obj
 0001:00003a40       ??0?$allocator@U_Container_proxy@std@@@std@@QAE@XZ 10004a40 f i common.obj
 0001:00003a80       ??0?$basic_string@DU?$char_traits@D@std@@V?$allocator@D@2@@std@@QAE@PBD@Z 10004a80 f i common.obj
 0001:00003b50       ??0CSync@@QAE@XZ           10004b50 f i common.obj
 0001:00003bd0       ??0_Container_base12@std@@QAE@XZ 10004bd0 f i common.obj
 0001:00003c20       ??0_Container_proxy@std@@QAE@XZ 10004c20 f i common.obj
 0001:00003c70       ??0_Generic_error_category@std@@QAE@XZ 10004c70 f i common.obj
 0001:00003cd0       ??0_Iostream_error_category@std@@QAE@XZ 10004cd0 f i common.obj
 0001:00003d30       ??0_System_error_category@std@@QAE@XZ 10004d30 f i common.obj
 0001:00003d90       ??0error_category@std@@QAE@XZ 10004d90 f i common.obj
 0001:00003de0       ??0error_condition@std@@QAE@HABVerror_category@1@@Z 10004de0 f i common.obj
 0001:00003e30       ??0id@locale@std@@QAE@I@Z  10004e30 f i common.obj
 0001:00003e80       ??1?$_String_alloc@$0A@U?$_String_base_types@DV?$allocator@D@std@@@std@@@std@@QAE@XZ 10004e80 f i common.obj
 0001:00003ee0       ??1?$_String_val@U?$_Simple_types@D@std@@@std@@QAE@XZ 10004ee0 f i common.obj
 0001:00003f30       ??1CSync@@QAE@XZ           10004f30 f i common.obj
 0001:00003f90       ??1_Container_base12@std@@QAE@XZ 10004f90 f i common.obj
 0001:00003fe0       ??1_Generic_error_category@std@@UAE@XZ 10004fe0 f i common.obj
 0001:00004030       ??1_Iostream_error_category@std@@UAE@XZ 10005030 f i common.obj
 0001:00004080       ??1_System_error_category@std@@UAE@XZ 10005080 f i common.obj
 0001:000040d0       ??1error_category@std@@UAE@XZ 100050d0 f i common.obj
 0001:00004110       ??2@YAPAXIPAX@Z            10005110 f i common.obj
 0001:00004150       ??3@YAXPAX0@Z              10005150 f i common.obj
 0001:00004180       ??8error_category@std@@QBE_NABV01@@Z 10005180 f i common.obj
 0001:000041f0       ??8error_condition@std@@QBE_NABV01@@Z 100051f0 f i common.obj
 0001:000042a0       ??_E_Generic_error_category@std@@UAEPAXI@Z 100052a0 f i common.obj
 0001:000042a0       ??_G_Generic_error_category@std@@UAEPAXI@Z 100052a0 f i common.obj
 0001:00004310       ??_E_Iostream_error_category@std@@UAEPAXI@Z 10005310 f i common.obj
 0001:00004310       ??_G_Iostream_error_category@std@@UAEPAXI@Z 10005310 f i common.obj
 0001:00004380       ??_G_System_error_category@std@@UAEPAXI@Z 10005380 f i common.obj
 0001:00004380       ??_E_System_error_category@std@@UAEPAXI@Z 10005380 f i common.obj
 0001:000043f0       ??_Eerror_category@std@@UAEPAXI@Z 100053f0 f i common.obj
 0001:000043f0       ??_Gerror_category@std@@UAEPAXI@Z 100053f0 f i common.obj
 0001:00004460       ?CheckGroup@@YAHPADPBD@Z   10005460 f   common.obj
 0001:00004950       ?ClearLF@@YAXPAD@Z         10005950 f   common.obj
 0001:000049e0       ?GetCmd@@YAPBDH@Z          100059e0 f   common.obj
 0001:00004a40       ?GetDecimalPow@@YANH@Z     10005a40 f   common.obj
 0001:00004ab0       ?GetIntParam@@YAHPBD0PAH@Z 10005ab0 f   common.obj
 0001:00004b80       ?GetStrParam@@YAHPBD0PADH@Z 10005b80 f   common.obj
 0001:00004ca0       ?NormalizeDouble@@YINNH@Z  10005ca0 f   common.obj
 0001:00004e30       ?_Alloc_proxy@?$_String_alloc@$0A@U?$_String_base_types@DV?$allocator@D@std@@@std@@@std@@QAEXXZ 10005e30 f i common.obj
 0001:00004f00       ?_Copy@?$basic_string@DU?$char_traits@D@std@@V?$allocator@D@2@@std@@QAEXII@Z 10005f00 f i common.obj
 0001:000051c0       ?_Eos@?$basic_string@DU?$char_traits@D@std@@V?$allocator@D@2@@std@@QAEXI@Z 100061c0 f i common.obj
 0001:00005240       ?_Free_proxy@?$_String_alloc@$0A@U?$_String_base_types@DV?$allocator@D@std@@@std@@@std@@QAEXXZ 10006240 f i common.obj
 0001:00005310       ?_Getal@?$_String_alloc@$0A@U?$_String_base_types@DV?$allocator@D@std@@@std@@@std@@QBE?AU?$_Wrap_alloc@V?$allocator@D@std@@@2@XZ 10006310 f i common.obj
 0001:00005370       ?_Grow@?$basic_string@DU?$char_traits@D@std@@V?$allocator@D@2@@std@@QAE_NI_N@Z 10006370 f i common.obj
 0001:00005490       ?_Inside@?$basic_string@DU?$char_traits@D@std@@V?$allocator@D@2@@std@@QAE_NPBD@Z 10006490 f i common.obj
 0001:00005510       ?_Myptr@?$_String_val@U?$_Simple_types@D@std@@@std@@QAEPADXZ 10006510 f i common.obj
 0001:000055a0       ?_Myptr@?$_String_val@U?$_Simple_types@D@std@@@std@@QBEPBDXZ 100065a0 f i common.obj
 0001:00005630       ?_Orphan_all@_Container_base12@std@@QAEXXZ 10006630 f i common.obj
 0001:00005720       ?_Tidy@?$basic_string@DU?$char_traits@D@std@@V?$allocator@D@2@@std@@QAEX_NI@Z 10006720 f i common.obj
 0001:00005830       ?_Xlen@?$basic_string@DU?$char_traits@D@std@@V?$allocator@D@2@@std@@QBEXXZ 10006830 f i common.obj
 0001:00005890       ?_Xran@?$basic_string@DU?$char_traits@D@std@@V?$allocator@D@2@@std@@QBEXXZ 10006890 f i common.obj
 0001:000058f0       ?allocate@?$_Wrap_alloc@V?$allocator@D@std@@@std@@QAEPADI@Z 100068f0 f i common.obj
 0001:00005950       ?allocate@?$allocator@D@std@@QAEPADI@Z 10006950 f i common.obj
 0001:000059b0       ?allocate@?$allocator@U_Container_proxy@std@@@std@@QAEPAU_Container_proxy@2@I@Z 100069b0 f i common.obj
 0001:00005a10       ?assign@?$basic_string@DU?$char_traits@D@std@@V?$allocator@D@2@@std@@QAEAAV12@ABV12@II@Z 10006a10 f i common.obj
 0001:00005b20       ?assign@?$basic_string@DU?$char_traits@D@std@@V?$allocator@D@2@@std@@QAEAAV12@PBD@Z 10006b20 f i common.obj
 0001:00005bb0       ?assign@?$basic_string@DU?$char_traits@D@std@@V?$allocator@D@2@@std@@QAEAAV12@PBDI@Z 10006bb0 f i common.obj
 0001:00005cb0       ?assign@?$char_traits@D@std@@SAXAADABD@Z 10006cb0 f i common.obj
 0001:00005cf0       ?category@error_code@std@@QBEABVerror_category@2@XZ 10006cf0 f i common.obj
 0001:00005d30       ?category@error_condition@std@@QBEABVerror_category@2@XZ 10006d30 f i common.obj
 0001:00005d70       ?copy@?$char_traits@D@std@@SAPADPADPBDI@Z 10006d70 f i common.obj
 0001:00005df0       ?deallocate@?$_Wrap_alloc@V?$allocator@D@std@@@std@@QAEXPADI@Z 10006df0 f i common.obj
 0001:00005e50       ?deallocate@?$allocator@D@std@@QAEXPADI@Z 10006e50 f i common.obj
 0001:00005eb0       ?deallocate@?$allocator@U_Container_proxy@std@@@std@@QAEXPAU_Container_proxy@2@I@Z 10006eb0 f i common.obj
 0001:00005f10       ?default_error_condition@_System_error_category@std@@UBE?AVerror_condition@2@H@Z 10006f10 f i common.obj
 0001:00005fb0       ?default_error_condition@error_category@std@@UBE?AVerror_condition@2@H@Z 10006fb0 f i common.obj
 0001:00006010       ?equivalent@error_category@std@@UBE_NABVerror_code@2@H@Z 10007010 f i common.obj
 0001:000060b0       ?equivalent@error_category@std@@UBE_NHABVerror_condition@2@@Z 100070b0 f i common.obj
 0001:00006130       ?erase@?$basic_string@DU?$char_traits@D@std@@V?$allocator@D@2@@std@@QAEAAV12@I@Z 10007130 f i common.obj
 0001:000061b0       ?erase@?$basic_string@DU?$char_traits@D@std@@V?$allocator@D@2@@std@@QAEAAV12@II@Z 100071b0 f i common.obj
 0001:00006290       ?generic_category@std@@YAABVerror_category@1@XZ 10007290 f i common.obj
 0001:000062d0       ?insert@@YAPADPAXPBXIIP6AH11@Z@Z 100072d0 f   common.obj
 0001:00006440       ?length@?$char_traits@D@std@@SAIPBD@Z 10007440 f i common.obj
 0001:000064c0       ?max_size@?$_Wrap_alloc@V?$allocator@D@std@@@std@@QBEIXZ 100074c0 f i common.obj
 0001:00006520       ?max_size@?$allocator@D@std@@QBEIXZ 10007520 f i common.obj
 0001:00006560       ?max_size@?$allocator_traits@V?$allocator@D@std@@@std@@SAIABV?$allocator@D@2@@Z 10007560 f i common.obj
 0001:000065b0       ?max_size@?$basic_string@DU?$char_traits@D@std@@V?$allocator@D@2@@std@@QBEIXZ 100075b0 f i common.obj
 0001:00006650       ?message@_Generic_error_category@std@@UBE?AV?$basic_string@DU?$char_traits@D@std@@V?$allocator@D@2@@2@H@Z 10007650 f i common.obj
 0001:00006710       ?message@_Iostream_error_category@std@@UBE?AV?$basic_string@DU?$char_traits@D@std@@V?$allocator@D@2@@2@H@Z 10007710 f i common.obj
 0001:000067d0       ?message@_System_error_category@std@@UBE?AV?$basic_string@DU?$char_traits@D@std@@V?$allocator@D@2@@2@H@Z 100077d0 f i common.obj
 0001:00006890       ?move@?$char_traits@D@std@@SAPADPADPBDI@Z 10007890 f i common.obj
 0001:00006910       ?name@_Generic_error_category@std@@UBEPBDXZ 10007910 f i common.obj
 0001:00006950       ?name@_Iostream_error_category@std@@UBEPBDXZ 10007950 f i common.obj
 0001:00006990       ?name@_System_error_category@std@@UBEPBDXZ 10007990 f i common.obj
 0001:000069d0       ?size@?$basic_string@DU?$char_traits@D@std@@V?$allocator@D@2@@std@@QBEIXZ 100079d0 f i common.obj
 0001:00006a10       ?system_category@std@@YAABVerror_category@1@XZ 10007a10 f i common.obj
 0001:00006a50       ?value@error_code@std@@QBEHXZ 10007a50 f i common.obj
 0001:00006a90       ?value@error_condition@std@@QBEHXZ 10007a90 f i common.obj
 0001:00006ad0       ??$strncpy_s@$0MI@@@YAHAAY0MI@DPBDI@Z 10007ad0 f i Logger.obj
 0001:00006b30       ??0CLogger@@QAE@XZ         10007b30 f   Logger.obj
 0001:00006c40       ??1CLogger@@QAE@XZ         10007c40 f   Logger.obj
 0001:00006d50       ?Journal@CLogger@@QAEHPADH@Z 10007d50 f   Logger.obj
 0001:00006ee0       ?Lock@CSync@@QAEXXZ        10007ee0 f i Logger.obj
 0001:00006f40       ?Out@CLogger@@QAAXHPBD0ZZ  10007f40 f   Logger.obj
 0001:00007110       ?Unlock@CSync@@QAEXXZ      10008110 f i Logger.obj
 0001:00007170       ??0?$_Wrap_alloc@V?$allocator@D@std@@@std@@QAE@ABV?$allocator@D@1@@Z 10008170 f i ServerPlugin.obj
 0001:000071d0       ??0?$allocator@D@std@@QAE@ABV01@@Z 100081d0 f i ServerPlugin.obj
 0001:00007210       ??0?$basic_string@DU?$char_traits@D@std@@V?$allocator@D@2@@std@@QAE@ABV01@@Z 10008210 f i ServerPlugin.obj
 0001:00007300       ??0?$basic_string@DU?$char_traits@D@std@@V?$allocator@D@2@@std@@QAE@XZ 10008300 f i ServerPlugin.obj
 0001:000073c0       ??1?$basic_string@DU?$char_traits@D@std@@V?$allocator@D@2@@std@@QAE@XZ 100083c0 f i ServerPlugin.obj
 0001:00007420       ??4?$basic_string@DU?$char_traits@D@std@@V?$allocator@D@2@@std@@QAEAAV01@PBD@Z 10008420 f i ServerPlugin.obj
 0001:00007480       ?Initialize@CLogger@@QAEXPBD@Z 10008480 f i ServerPlugin.obj
 0001:00007520       ?MtSrvAbout@@YGXPAUPluginInfo@@@Z 10008520 f   ServerPlugin.obj
 0001:00007590       ?MtSrvCleanup@@YGXXZ       10008590 f   ServerPlugin.obj
 0001:000075c0       ?MtSrvPluginCfgAdd@@YGHPBUPluginCfg@@@Z 100085c0 f   ServerPlugin.obj
 0001:00007620       ?MtSrvPluginCfgDelete@@YGHPBD@Z 10008620 f   ServerPlugin.obj
 0001:000076a0       ?MtSrvPluginCfgGet@@YGHPBDPAUPluginCfg@@@Z 100086a0 f   ServerPlugin.obj
 0001:00007730       ?MtSrvPluginCfgNext@@YGHHPAUPluginCfg@@@Z 10008730 f   ServerPlugin.obj
 0001:00007790       ?MtSrvPluginCfgSet@@YGHPBUPluginCfg@@H@Z 10008790 f   ServerPlugin.obj
 0001:000077f0       ?MtSrvPluginCfgTotal@@YGHXZ 100087f0 f   ServerPlugin.obj
 0001:00007840       ?MtSrvStartup@@YGHPAUCServerInterface@@@Z 10008840 f   ServerPlugin.obj
 0001:000078d0       ?MtSrvTelnet@@YGHKPADH@Z   100088d0 f   ServerPlugin.obj
 0001:00007930       ?MtSrvTradeRequestApply@@YGXPAURequestInfo@@H@Z 10008930 f   ServerPlugin.obj
 0001:000079b0       ?MtSrvTradeRequestRestore@@YGXPAURequestInfo@@@Z 100089b0 f   ServerPlugin.obj
 0001:00007a30       ?MtSrvTradeTransaction@@YGHPAUTradeTransInfo@@PBUUserInfo@@PAH@Z 10008a30 f   ServerPlugin.obj
 0001:00007aa0       ?MtSrvTradesAdd@@YGXPAUTradeRecord@@PBUUserInfo@@PBUConSymbol@@@Z 10008aa0 f   ServerPlugin.obj
 0001:00007b20       ?MtSrvTradesAddExt@@YGXPAUTradeRecord@@PBUUserInfo@@PBUConSymbol@@H@Z 10008b20 f   ServerPlugin.obj
 0001:00007b80       ?MtSrvTradesCloseBy@@YGXPAUTradeRecord@@00PAUConSymbol@@PAUUserInfo@@@Z 10008b80 f   ServerPlugin.obj
 0001:00007be0       ?MtSrvTradesUpdate@@YGXPAUTradeRecord@@PAUUserInfo@@H@Z 10008be0 f   ServerPlugin.obj
 0001:00007d00       ?append@?$basic_string@DU?$char_traits@D@std@@V?$allocator@D@2@@std@@QAEAAV12@ABV12@II@Z 10008d00 f i ServerPlugin.obj
 0001:00007e20       ?append@?$basic_string@DU?$char_traits@D@std@@V?$allocator@D@2@@std@@QAEAAV12@PBD@Z 10008e20 f i ServerPlugin.obj
 0001:00007eb0       ?append@?$basic_string@DU?$char_traits@D@std@@V?$allocator@D@2@@std@@QAEAAV12@PBDI@Z 10008eb0 f i ServerPlugin.obj
 0001:00007ff0       ?c_str@?$basic_string@DU?$char_traits@D@std@@V?$allocator@D@2@@std@@QBEPBDXZ 10008ff0 f i ServerPlugin.obj
 0001:00008040       ?find@?$char_traits@D@std@@SAPBDPBDIABD@Z 10009040 f i ServerPlugin.obj
 0001:000080c0       ?find_last_of@?$basic_string@DU?$char_traits@D@std@@V?$allocator@D@2@@std@@QBEIPBDI@Z 100090c0 f i ServerPlugin.obj
 0001:00008150       ?find_last_of@?$basic_string@DU?$char_traits@D@std@@V?$allocator@D@2@@std@@QBEIPBDII@Z 10009150 f i ServerPlugin.obj
 0001:00008280       ?select_on_container_copy_construction@?$_Wrap_alloc@V?$allocator@D@std@@@std@@QBE?AU12@XZ 10009280 f i ServerPlugin.obj
 0001:000082f0       ?select_on_container_copy_construction@?$allocator@D@std@@QBE?AV12@XZ 100092f0 f i ServerPlugin.obj
 0001:00008350       ?select_on_container_copy_construction@?$allocator_traits@V?$allocator@D@std@@@std@@SA?AV?$allocator@D@2@ABV32@@Z 10009350 f i ServerPlugin.obj
 0001:000083b0       _DllMain@12                100093b0 f   ServerPlugin.obj
 0001:00008650       ??$?0AAV?$_Tree_iterator@V?$_Tree_val@U?$_Tree_simple_types@U?$pair@$$CBV?$basic_string@DU?$char_traits@D@std@@V?$allocator@D@2@@std@@UPluginCfg@@@std@@@std@@@std@@@std@@AAV01@@?$pair@V?$_Tree_iterator@V?$_Tree_val@U?$_Tree_simple_types@U?$pair@$$CBV?$basic_string@DU?$char_traits@D@std@@V?$allocator@D@2@@std@@UPluginCfg@@@std@@@std@@@std@@@std@@V12@@std@@QAE@AAV?$_Tree_iterator@V?$_Tree_val@U?$_Tree_simple_types@U?$pair@$$CBV?$basic_string@DU?$char_traits@D@std@@V?$allocator@D@2@@std@@UPluginCfg@@@std@@@std@@@std@@@1@0PAPAX@Z 10009650 f i Setting.obj
 0001:00008720       ??$?0AAV?$_Tree_iterator@V?$_Tree_val@U?$_Tree_simple_types@U?$pair@$$CBV?$basic_string@DU?$char_traits@D@std@@V?$allocator@D@2@@std@@UPluginCfg@@@std@@@std@@@std@@@std@@_N@?$pair@V?$_Tree_iterator@V?$_Tree_val@U?$_Tree_simple_types@U?$pair@$$CBV?$basic_string@DU?$char_traits@D@std@@V?$allocator@D@2@@std@@UPluginCfg@@@std@@@std@@@std@@@std@@_N@std@@QAE@AAV?$_Tree_iterator@V?$_Tree_val@U?$_Tree_simple_types@U?$pair@$$CBV?$basic_string@DU?$char_traits@D@std@@V?$allocator@D@2@@std@@UPluginCfg@@@std@@@std@@@std@@@1@$$QA_NPAPAX@Z 10009720 f i Setting.obj
 0001:000087f0       ??$?0ABV?$basic_string@DU?$char_traits@D@std@@V?$allocator@D@2@@std@@UPluginCfg@@@?$pair@V?$basic_string@DU?$char_traits@D@std@@V?$allocator@D@2@@std@@UPluginCfg@@@std@@QAE@ABV?$basic_string@DU?$char_traits@D@std@@V?$allocator@D@2@@1@$$QAUPluginCfg@@PAPAX@Z 100097f0 f i Setting.obj
 0001:000088c0       ??$?0U?$_Tree_node@U?$pair@$$CBV?$basic_string@DU?$char_traits@D@std@@V?$allocator@D@2@@std@@UPluginCfg@@@std@@PAX@std@@@?$allocator@U?$pair@$$CBV?$basic_string@DU?$char_traits@D@std@@V?$allocator@D@2@@std@@UPluginCfg@@@std@@@std@@QAE@ABV?$allocator@U?$_Tree_node@U?$pair@$$CBV?$basic_string@DU?$char_traits@D@std@@V?$allocator@D@2@@std@@UPluginCfg@@@std@@PAX@std@@@1@@Z 100098c0 f i Setting.obj
 0001:00008900       ??$?0U?$_Tree_node@U?$pair@$$CBV?$basic_string@DU?$char_traits@D@std@@V?$allocator@D@2@@std@@UPluginCfg@@@std@@PAX@std@@@?$allocator@U_Container_proxy@std@@@std@@QAE@ABV?$allocator@U?$_Tree_node@U?$pair@$$CBV?$basic_string@DU?$char_traits@D@std@@V?$allocator@D@2@@std@@UPluginCfg@@@std@@PAX@std@@@1@@Z 10009900 f i Setting.obj
 0001:00008940       ??$?0U?$_Wrap_alloc@V?$allocator@U?$_Tree_node@U?$pair@$$CBV?$basic_string@DU?$char_traits@D@std@@V?$allocator@D@2@@std@@UPluginCfg@@@std@@PAX@std@@@std@@@std@@@?$_Wrap_alloc@V?$allocator@U_Container_proxy@std@@@std@@@std@@QAE@ABU?$_Wrap_alloc@V?$allocator@U?$_Tree_node@U?$pair@$$CBV?$basic_string@DU?$char_traits@D@std@@V?$allocator@D@2@@std@@UPluginCfg@@@std@@PAX@std@@@std@@@1@@Z 10009940 f i Setting.obj
 0001:000089a0       ??$?0V?$_Tree_iterator@V?$_Tree_val@U?$_Tree_simple_types@U?$pair@$$CBV?$basic_string@DU?$char_traits@D@std@@V?$allocator@D@2@@std@@UPluginCfg@@@std@@@std@@@std@@@std@@V01@@?$pair@V?$_Tree_iterator@V?$_Tree_val@U?$_Tree_simple_types@U?$pair@$$CBV?$basic_string@DU?$char_traits@D@std@@V?$allocator@D@2@@std@@UPluginCfg@@@std@@@std@@@std@@@std@@V12@@std@@QAE@$$QAU01@PAPAX@Z 100099a0 f i Setting.obj
 0001:00008a70       ??$?0V?$_Tree_iterator@V?$_Tree_val@U?$_Tree_simple_types@U?$pair@$$CBV?$basic_string@DU?$char_traits@D@std@@V?$allocator@D@2@@std@@UPluginCfg@@@std@@@std@@@std@@@std@@_N@?$pair@V?$_Tree_iterator@V?$_Tree_val@U?$_Tree_simple_types@U?$pair@$$CBV?$basic_string@DU?$char_traits@D@std@@V?$allocator@D@2@@std@@UPluginCfg@@@std@@@std@@@std@@@std@@_N@std@@QAE@$$QAU01@PAPAX@Z 10009a70 f i Setting.obj
 0001:00008b40       ??$?0V?$_Tree_iterator@V?$_Tree_val@U?$_Tree_simple_types@U?$pair@$$CBV?$basic_string@DU?$char_traits@D@std@@V?$allocator@D@2@@std@@UPluginCfg@@@std@@@std@@@std@@@std@@_N@?$pair@V?$_Tree_iterator@V?$_Tree_val@U?$_Tree_simple_types@U?$pair@$$CBV?$basic_string@DU?$char_traits@D@std@@V?$allocator@D@2@@std@@UPluginCfg@@@std@@@std@@@std@@@std@@_N@std@@QAE@$$QAV?$_Tree_iterator@V?$_Tree_val@U?$_Tree_simple_types@U?$pair@$$CBV?$basic_string@DU?$char_traits@D@std@@V?$allocator@D@2@@std@@UPluginCfg@@@std@@@std@@@std@@@1@$$QA_NPAPAX@Z 10009b40 f i Setting.obj
 0001:00008c10       ??$?0V?$basic_string@DU?$char_traits@D@std@@V?$allocator@D@2@@std@@UPluginCfg@@@?$pair@$$CBV?$basic_string@DU?$char_traits@D@std@@V?$allocator@D@2@@std@@UPluginCfg@@@std@@QAE@$$QAU?$pair@V?$basic_string@DU?$char_traits@D@std@@V?$allocator@D@2@@std@@UPluginCfg@@@1@PAPAX@Z 10009c10 f i Setting.obj
 0001:00008ce0       ??$?0V?$basic_string@DU?$char_traits@D@std@@V?$allocator@D@2@@std@@UPluginCfg@@@?$pair@V?$basic_string@DU?$char_traits@D@std@@V?$allocator@D@2@@std@@UPluginCfg@@@std@@QAE@$$QAV?$basic_string@DU?$char_traits@D@std@@V?$allocator@D@2@@1@$$QAUPluginCfg@@PAPAX@Z 10009ce0 f i Setting.obj
 0001:00008db0       ??$?8DU?$char_traits@D@std@@V?$allocator@D@1@@std@@YA_NABV?$basic_string@DU?$char_traits@D@std@@V?$allocator@D@2@@0@PBD@Z 10009db0 f i Setting.obj
 0001:00008e30       ??$?MDU?$char_traits@D@std@@V?$allocator@D@1@@std@@YA_NABV?$basic_string@DU?$char_traits@D@std@@V?$allocator@D@2@@0@0@Z 10009e30 f i Setting.obj
 0001:00008eb0       ??$_Allocate@U?$_Tree_node@U?$pair@$$CBV?$basic_string@DU?$char_traits@D@std@@V?$allocator@D@2@@std@@UPluginCfg@@@std@@PAX@std@@@std@@YAPAU?$_Tree_node@U?$pair@$$CBV?$basic_string@DU?$char_traits@D@std@@V?$allocator@D@2@@std@@UPluginCfg@@@std@@PAX@0@IPAU10@@Z 10009eb0 f i Setting.obj
 0001:00008f40       ??$_Buynode@AAU?$pair@$$CBV?$basic_string@DU?$char_traits@D@std@@V?$allocator@D@2@@std@@UPluginCfg@@@std@@@?$_Tree_buy@U?$pair@$$CBV?$basic_string@DU?$char_traits@D@std@@V?$allocator@D@2@@std@@UPluginCfg@@@std@@V?$allocator@U?$pair@$$CBV?$basic_string@DU?$char_traits@D@std@@V?$allocator@D@2@@std@@UPluginCfg@@@std@@@2@@std@@QAEPAU?$_Tree_node@U?$pair@$$CBV?$basic_string@DU?$char_traits@D@std@@V?$allocator@D@2@@std@@UPluginCfg@@@std@@PAX@1@AAU?$pair@$$CBV?$basic_string@DU?$char_traits@D@std@@V?$allocator@D@2@@std@@UPluginCfg@@@1@@Z 10009f40 f i Setting.obj
 0001:000090b0       ??$_Buynode@U?$pair@V?$basic_string@DU?$char_traits@D@std@@V?$allocator@D@2@@std@@UPluginCfg@@@std@@@?$_Tree_buy@U?$pair@$$CBV?$basic_string@DU?$char_traits@D@std@@V?$allocator@D@2@@std@@UPluginCfg@@@std@@V?$allocator@U?$pair@$$CBV?$basic_string@DU?$char_traits@D@std@@V?$allocator@D@2@@std@@UPluginCfg@@@std@@@2@@std@@QAEPAU?$_Tree_node@U?$pair@$$CBV?$basic_string@DU?$char_traits@D@std@@V?$allocator@D@2@@std@@UPluginCfg@@@std@@PAX@1@$$QAU?$pair@V?$basic_string@DU?$char_traits@D@std@@V?$allocator@D@2@@std@@UPluginCfg@@@1@@Z 1000a0b0 f i Setting.obj
 0001:00009220       ??$_Buynode_if_nil@AAU?$pair@$$CBV?$basic_string@DU?$char_traits@D@std@@V?$allocator@D@2@@std@@UPluginCfg@@@std@@@?$_Tree@V?$_Tmap_traits@V?$basic_string@DU?$char_traits@D@std@@V?$allocator@D@2@@std@@UPluginCfg@@U?$less@V?$basic_string@DU?$char_traits@D@std@@V?$allocator@D@2@@std@@@2@V?$allocator@U?$pair@$$CBV?$basic_string@DU?$char_traits@D@std@@V?$allocator@D@2@@std@@UPluginCfg@@@std@@@2@$0A@@std@@@std@@IAEPAU?$_Tree_node@U?$pair@$$CBV?$basic_string@DU?$char_traits@D@std@@V?$allocator@D@2@@std@@UPluginCfg@@@std@@PAX@1@PAU21@AAU?$pair@$$CBV?$basic_string@DU?$char_traits@D@std@@V?$allocator@D@2@@std@@UPluginCfg@@@1@@Z 1000a220 f i Setting.obj
 0001:00009260       ??$_Copy@U?$integral_constant@_N$0A@@std@@@?$_Tree@V?$_Tmap_traits@V?$basic_string@DU?$char_traits@D@std@@V?$allocator@D@2@@std@@UPluginCfg@@U?$less@V?$basic_string@DU?$char_traits@D@std@@V?$allocator@D@2@@std@@@2@V?$allocator@U?$pair@$$CBV?$basic_string@DU?$char_traits@D@std@@V?$allocator@D@2@@std@@UPluginCfg@@@std@@@2@$0A@@std@@@std@@IAEXABV01@U?$integral_constant@_N$0A@@1@@Z 1000a260 f i Setting.obj
 0001:00009390       ??$_Copy_nodes@U?$integral_constant@_N$0A@@std@@@?$_Tree@V?$_Tmap_traits@V?$basic_string@DU?$char_traits@D@std@@V?$allocator@D@2@@std@@UPluginCfg@@U?$less@V?$basic_string@DU?$char_traits@D@std@@V?$allocator@D@2@@std@@@2@V?$allocator@U?$pair@$$CBV?$basic_string@DU?$char_traits@D@std@@V?$allocator@D@2@@std@@UPluginCfg@@@std@@@2@$0A@@std@@@std@@IAEPAU?$_Tree_node@U?$pair@$$CBV?$basic_string@DU?$char_traits@D@std@@V?$allocator@D@2@@std@@UPluginCfg@@@std@@PAX@1@PAU21@0U?$integral_constant@_N$0A@@1@@Z 1000a390 f i Setting.obj
 0001:000095c0       ??$_Copy_or_move@U?$integral_constant@_N$0A@@std@@U?$integral_constant@_N$00@2@@?$_Tree@V?$_Tmap_traits@V?$basic_string@DU?$char_traits@D@std@@V?$allocator@D@2@@std@@UPluginCfg@@U?$less@V?$basic_string@DU?$char_traits@D@std@@V?$allocator@D@2@@std@@@2@V?$allocator@U?$pair@$$CBV?$basic_string@DU?$char_traits@D@std@@V?$allocator@D@2@@std@@UPluginCfg@@@std@@@2@$0A@@std@@@std@@IAEPAU?$_Tree_node@U?$pair@$$CBV?$basic_string@DU?$char_traits@D@std@@V?$allocator@D@2@@std@@UPluginCfg@@@std@@PAX@1@PAU21@U?$integral_constant@_N$0A@@1@U?$integral_constant@_N$00@1@@Z 1000a5c0 f i Setting.obj
 0001:00009630       ??$_Debug_lt_pred@U?$less@V?$basic_string@DU?$char_traits@D@std@@V?$allocator@D@2@@std@@@std@@V?$basic_string@DU?$char_traits@D@std@@V?$allocator@D@2@@2@V32@@std@@YA_NU?$less@V?$basic_string@DU?$char_traits@D@std@@V?$allocator@D@2@@std@@@0@ABV?$basic_string@DU?$char_traits@D@std@@V?$allocator@D@2@@0@1PB_WI@Z 1000a630 f i Setting.obj
 0001:000096d0       ??$_Distance2@V?$_Tree_iterator@V?$_Tree_val@U?$_Tree_simple_types@U?$pair@$$CBV?$basic_string@DU?$char_traits@D@std@@V?$allocator@D@2@@std@@UPluginCfg@@@std@@@std@@@std@@@std@@I@std@@YAXV?$_Tree_iterator@V?$_Tree_val@U?$_Tree_simple_types@U?$pair@$$CBV?$basic_string@DU?$char_traits@D@std@@V?$allocator@D@2@@std@@UPluginCfg@@@std@@@std@@@std@@@0@0AAIUbidirectional_iterator_tag@0@@Z 1000a6d0 f i Setting.obj
 0001:000097b0       ??$_Distance@V?$_Tree_iterator@V?$_Tree_val@U?$_Tree_simple_types@U?$pair@$$CBV?$basic_string@DU?$char_traits@D@std@@V?$allocator@D@2@@std@@UPluginCfg@@@std@@@std@@@std@@@std@@I@std@@YAXV?$_Tree_iterator@V?$_Tree_val@U?$_Tree_simple_types@U?$pair@$$CBV?$basic_string@DU?$char_traits@D@std@@V?$allocator@D@2@@std@@UPluginCfg@@@std@@@std@@@std@@@0@0AAI@Z 1000a7b0 f i Setting.obj
 0001:000098e0       ??$_Insert_at@AAU?$pair@$$CBV?$basic_string@DU?$char_traits@D@std@@V?$allocator@D@2@@std@@UPluginCfg@@@std@@PAU?$_Tree_node@U?$pair@$$CBV?$basic_string@DU?$char_traits@D@std@@V?$allocator@D@2@@std@@UPluginCfg@@@std@@PAX@2@@?$_Tree@V?$_Tmap_traits@V?$basic_string@DU?$char_traits@D@std@@V?$allocator@D@2@@std@@UPluginCfg@@U?$less@V?$basic_string@DU?$char_traits@D@std@@V?$allocator@D@2@@std@@@2@V?$allocator@U?$pair@$$CBV?$basic_string@DU?$char_traits@D@std@@V?$allocator@D@2@@std@@UPluginCfg@@@std@@@2@$0A@@std@@@std@@IAE?AV?$_Tree_iterator@V?$_Tree_val@U?$_Tree_simple_types@U?$pair@$$CBV?$basic_string@DU?$char_traits@D@std@@V?$allocator@D@2@@std@@UPluginCfg@@@std@@@std@@@std@@@1@_NPAU?$_Tree_node@U?$pair@$$CBV?$basic_string@DU?$char_traits@D@std@@V?$allocator@D@2@@std@@UPluginCfg@@@std@@PAX@1@AAU?$pair@$$CBV?$basic_string@DU?$char_traits@D@std@@V?$allocator@D@2@@std@@UPluginCfg@@@1@1@Z 1000a8e0 f i Setting.obj
 0001:00009e60       ??$_Insert_hint@AAU?$pair@$$CBV?$basic_string@DU?$char_traits@D@std@@V?$allocator@D@2@@std@@UPluginCfg@@@std@@PAU?$_Tree_node@U?$pair@$$CBV?$basic_string@DU?$char_traits@D@std@@V?$allocator@D@2@@std@@UPluginCfg@@@std@@PAX@2@@?$_Tree@V?$_Tmap_traits@V?$basic_string@DU?$char_traits@D@std@@V?$allocator@D@2@@std@@UPluginCfg@@U?$less@V?$basic_string@DU?$char_traits@D@std@@V?$allocator@D@2@@std@@@2@V?$allocator@U?$pair@$$CBV?$basic_string@DU?$char_traits@D@std@@V?$allocator@D@2@@std@@UPluginCfg@@@std@@@2@$0A@@std@@@std@@IAE?AV?$_Tree_iterator@V?$_Tree_val@U?$_Tree_simple_types@U?$pair@$$CBV?$basic_string@DU?$char_traits@D@std@@V?$allocator@D@2@@std@@UPluginCfg@@@std@@@std@@@std@@@1@V?$_Tree_const_iterator@V?$_Tree_val@U?$_Tree_simple_types@U?$pair@$$CBV?$basic_string@DU?$char_traits@D@std@@V?$allocator@D@2@@std@@UPluginCfg@@@std@@@std@@@std@@@1@AAU?$pair@$$CBV?$basic_string@DU?$char_traits@D@std@@V?$allocator@D@2@@std@@UPluginCfg@@@1@PAU?$_Tree_node@U?$pair@$$CBV?$basic_string@DU?$char_traits@D@std@@V?$allocator@D@2@@std@@UPluginCfg@@@std@@PAX@1@@Z 1000ae60 f i Setting.obj
 0001:0000b5b0       ??$_Insert_nohint@AAU?$pair@$$CBV?$basic_string@DU?$char_traits@D@std@@V?$allocator@D@2@@std@@UPluginCfg@@@std@@PAU?$_Tree_node@U?$pair@$$CBV?$basic_string@DU?$char_traits@D@std@@V?$allocator@D@2@@std@@UPluginCfg@@@std@@PAX@2@@?$_Tree@V?$_Tmap_traits@V?$basic_string@DU?$char_traits@D@std@@V?$allocator@D@2@@std@@UPluginCfg@@U?$less@V?$basic_string@DU?$char_traits@D@std@@V?$allocator@D@2@@std@@@2@V?$allocator@U?$pair@$$CBV?$basic_string@DU?$char_traits@D@std@@V?$allocator@D@2@@std@@UPluginCfg@@@std@@@2@$0A@@std@@@std@@IAE?AU?$pair@V?$_Tree_iterator@V?$_Tree_val@U?$_Tree_simple_types@U?$pair@$$CBV?$basic_string@DU?$char_traits@D@std@@V?$allocator@D@2@@std@@UPluginCfg@@@std@@@std@@@std@@@std@@_N@1@_NAAU?$pair@$$CBV?$basic_string@DU?$char_traits@D@std@@V?$allocator@D@2@@std@@UPluginCfg@@@1@PAU?$_Tree_node@U?$pair@$$CBV?$basic_string@DU?$char_traits@D@std@@V?$allocator@D@2@@std@@UPluginCfg@@@std@@PAX@1@@Z 1000c5b0 f i Setting.obj
 0001:0000be20       ??$_Iter_cat@V?$_Tree_iterator@V?$_Tree_val@U?$_Tree_simple_types@U?$pair@$$CBV?$basic_string@DU?$char_traits@D@std@@V?$allocator@D@2@@std@@UPluginCfg@@@std@@@std@@@std@@@std@@@std@@YA?AUbidirectional_iterator_tag@0@ABV?$_Tree_iterator@V?$_Tree_val@U?$_Tree_simple_types@U?$pair@$$CBV?$basic_string@DU?$char_traits@D@std@@V?$allocator@D@2@@std@@UPluginCfg@@@std@@@std@@@std@@@0@@Z 1000ce20 f i Setting.obj
 0001:0000bea0       ??$_Kfn@$$CBV?$basic_string@DU?$char_traits@D@std@@V?$allocator@D@2@@std@@UPluginCfg@@@?$_Tmap_traits@V?$basic_string@DU?$char_traits@D@std@@V?$allocator@D@2@@std@@UPluginCfg@@U?$less@V?$basic_string@DU?$char_traits@D@std@@V?$allocator@D@2@@std@@@2@V?$allocator@U?$pair@$$CBV?$basic_string@DU?$char_traits@D@std@@V?$allocator@D@2@@std@@UPluginCfg@@@std@@@2@$0A@@std@@SAABV?$basic_string@DU?$char_traits@D@std@@V?$allocator@D@2@@1@ABU?$pair@$$CBV?$basic_string@DU?$char_traits@D@std@@V?$allocator@D@2@@std@@UPluginCfg@@@1@@Z 1000cea0 f i Setting.obj
 0001:0000bee0       ??$_Move@AAD@std@@YA$$QADAAD@Z 1000cee0 f i Setting.obj
 0001:0000bf20       ??$addressof@PAU?$_Tree_node@U?$pair@$$CBV?$basic_string@DU?$char_traits@D@std@@V?$allocator@D@2@@std@@UPluginCfg@@@std@@PAX@std@@@std@@YAPAPAU?$_Tree_node@U?$pair@$$CBV?$basic_string@DU?$char_traits@D@std@@V?$allocator@D@2@@std@@UPluginCfg@@@std@@PAX@0@AAPAU10@@Z 1000cf20 f i Setting.obj
 0001:0000bf60       ??$addressof@U?$pair@$$CBV?$basic_string@DU?$char_traits@D@std@@V?$allocator@D@2@@std@@UPluginCfg@@@std@@@std@@YAPAU?$pair@$$CBV?$basic_string@DU?$char_traits@D@std@@V?$allocator@D@2@@std@@UPluginCfg@@@0@AAU10@@Z 1000cf60 f i Setting.obj
 0001:0000bfa0       ??$construct@PAU?$_Tree_node@U?$pair@$$CBV?$basic_string@DU?$char_traits@D@std@@V?$allocator@D@2@@std@@UPluginCfg@@@std@@PAX@std@@AAPAU12@@?$_Wrap_alloc@V?$allocator@U?$_Tree_node@U?$pair@$$CBV?$basic_string@DU?$char_traits@D@std@@V?$allocator@D@2@@std@@UPluginCfg@@@std@@PAX@std@@@std@@@std@@QAEXPAPAU?$_Tree_node@U?$pair@$$CBV?$basic_string@DU?$char_traits@D@std@@V?$allocator@D@2@@std@@UPluginCfg@@@std@@PAX@1@AAPAU21@@Z 1000cfa0 f i Setting.obj
 0001:0000c010       ??$construct@PAU?$_Tree_node@U?$pair@$$CBV?$basic_string@DU?$char_traits@D@std@@V?$allocator@D@2@@std@@UPluginCfg@@@std@@PAX@std@@AAPAU12@@?$allocator@U?$_Tree_node@U?$pair@$$CBV?$basic_string@DU?$char_traits@D@std@@V?$allocator@D@2@@std@@UPluginCfg@@@std@@PAX@std@@@std@@QAEXPAPAU?$_Tree_node@U?$pair@$$CBV?$basic_string@DU?$char_traits@D@std@@V?$allocator@D@2@@std@@UPluginCfg@@@std@@PAX@1@AAPAU21@@Z 1000d010 f i Setting.obj
 0001:0000c110       ??$construct@PAU?$_Tree_node@U?$pair@$$CBV?$basic_string@DU?$char_traits@D@std@@V?$allocator@D@2@@std@@UPluginCfg@@@std@@PAX@std@@AAPAU12@@?$allocator_traits@V?$allocator@U?$_Tree_node@U?$pair@$$CBV?$basic_string@DU?$char_traits@D@std@@V?$allocator@D@2@@std@@UPluginCfg@@@std@@PAX@std@@@std@@@std@@SAXAAV?$allocator@U?$_Tree_node@U?$pair@$$CBV?$basic_string@DU?$char_traits@D@std@@V?$allocator@D@2@@std@@UPluginCfg@@@std@@PAX@std@@@1@PAPAU?$_Tree_node@U?$pair@$$CBV?$basic_string@DU?$char_traits@D@std@@V?$allocator@D@2@@std@@UPluginCfg@@@std@@PAX@1@AAPAU31@@Z 1000d110 f i Setting.obj
 0001:0000c170       ??$construct@U?$pair@$$CBV?$basic_string@DU?$char_traits@D@std@@V?$allocator@D@2@@std@@UPluginCfg@@@std@@AAU12@@?$_Wrap_alloc@V?$allocator@U?$_Tree_node@U?$pair@$$CBV?$basic_string@DU?$char_traits@D@std@@V?$allocator@D@2@@std@@UPluginCfg@@@std@@PAX@std@@@std@@@std@@QAEXPAU?$pair@$$CBV?$basic_string@DU?$char_traits@D@std@@V?$allocator@D@2@@std@@UPluginCfg@@@1@AAU21@@Z 1000d170 f i Setting.obj
 0001:0000c1e0       ??$construct@U?$pair@$$CBV?$basic_string@DU?$char_traits@D@std@@V?$allocator@D@2@@std@@UPluginCfg@@@std@@AAU12@@?$allocator@U?$_Tree_node@U?$pair@$$CBV?$basic_string@DU?$char_traits@D@std@@V?$allocator@D@2@@std@@UPluginCfg@@@std@@PAX@std@@@std@@QAEXPAU?$pair@$$CBV?$basic_string@DU?$char_traits@D@std@@V?$allocator@D@2@@std@@UPluginCfg@@@1@AAU21@@Z 1000d1e0 f i Setting.obj
 0001:0000c2e0       ??$construct@U?$pair@$$CBV?$basic_string@DU?$char_traits@D@std@@V?$allocator@D@2@@std@@UPluginCfg@@@std@@AAU12@@?$allocator_traits@V?$allocator@U?$_Tree_node@U?$pair@$$CBV?$basic_string@DU?$char_traits@D@std@@V?$allocator@D@2@@std@@UPluginCfg@@@std@@PAX@std@@@std@@@std@@SAXAAV?$allocator@U?$_Tree_node@U?$pair@$$CBV?$basic_string@DU?$char_traits@D@std@@V?$allocator@D@2@@std@@UPluginCfg@@@std@@PAX@std@@@1@PAU?$pair@$$CBV?$basic_string@DU?$char_traits@D@std@@V?$allocator@D@2@@std@@UPluginCfg@@@1@AAU31@@Z 1000d2e0 f i Setting.obj
 0001:0000c340       ??$construct@U?$pair@$$CBV?$basic_string@DU?$char_traits@D@std@@V?$allocator@D@2@@std@@UPluginCfg@@@std@@U?$pair@V?$basic_string@DU?$char_traits@D@std@@V?$allocator@D@2@@std@@UPluginCfg@@@2@@?$_Wrap_alloc@V?$allocator@U?$_Tree_node@U?$pair@$$CBV?$basic_string@DU?$char_traits@D@std@@V?$allocator@D@2@@std@@UPluginCfg@@@std@@PAX@std@@@std@@@std@@QAEXPAU?$pair@$$CBV?$basic_string@DU?$char_traits@D@std@@V?$allocator@D@2@@std@@UPluginCfg@@@1@$$QAU?$pair@V?$basic_string@DU?$char_traits@D@std@@V?$allocator@D@2@@std@@UPluginCfg@@@1@@Z 1000d340 f i Setting.obj
 0001:0000c3b0       ??$construct@U?$pair@$$CBV?$basic_string@DU?$char_traits@D@std@@V?$allocator@D@2@@std@@UPluginCfg@@@std@@U?$pair@V?$basic_string@DU?$char_traits@D@std@@V?$allocator@D@2@@std@@UPluginCfg@@@2@@?$allocator@U?$_Tree_node@U?$pair@$$CBV?$basic_string@DU?$char_traits@D@std@@V?$allocator@D@2@@std@@UPluginCfg@@@std@@PAX@std@@@std@@QAEXPAU?$pair@$$CBV?$basic_string@DU?$char_traits@D@std@@V?$allocator@D@2@@std@@UPluginCfg@@@1@$$QAU?$pair@V?$basic_string@DU?$char_traits@D@std@@V?$allocator@D@2@@std@@UPluginCfg@@@1@@Z 1000d3b0 f i Setting.obj
 0001:0000c4b0       ??$construct@U?$pair@$$CBV?$basic_string@DU?$char_traits@D@std@@V?$allocator@D@2@@std@@UPluginCfg@@@std@@U?$pair@V?$basic_string@DU?$char_traits@D@std@@V?$allocator@D@2@@std@@UPluginCfg@@@2@@?$allocator_traits@V?$allocator@U?$_Tree_node@U?$pair@$$CBV?$basic_string@DU?$char_traits@D@std@@V?$allocator@D@2@@std@@UPluginCfg@@@std@@PAX@std@@@std@@@std@@SAXAAV?$allocator@U?$_Tree_node@U?$pair@$$CBV?$basic_string@DU?$char_traits@D@std@@V?$allocator@D@2@@std@@UPluginCfg@@@std@@PAX@std@@@1@PAU?$pair@$$CBV?$basic_string@DU?$char_traits@D@std@@V?$allocator@D@2@@std@@UPluginCfg@@@1@$$QAU?$pair@V?$basic_string@DU?$char_traits@D@std@@V?$allocator@D@2@@std@@UPluginCfg@@@1@@Z 1000d4b0 f i Setting.obj
 0001:0000c510       ??$construct@U_Container_proxy@std@@U12@@?$_Wrap_alloc@V?$allocator@U_Container_proxy@std@@@std@@@std@@QAEXPAU_Container_proxy@1@$$QAU21@@Z 1000d510 f i Setting.obj
 0001:0000c580       ??$construct@U_Container_proxy@std@@U12@@?$allocator_traits@V?$allocator@U_Container_proxy@std@@@std@@@std@@SAXAAV?$allocator@U_Container_proxy@std@@@1@PAU_Container_proxy@1@$$QAU31@@Z 1000d580 f i Setting.obj
 0001:0000c5e0       ??$destroy@PAU?$_Tree_node@U?$pair@$$CBV?$basic_string@DU?$char_traits@D@std@@V?$allocator@D@2@@std@@UPluginCfg@@@std@@PAX@std@@@?$_Wrap_alloc@V?$allocator@U?$_Tree_node@U?$pair@$$CBV?$basic_string@DU?$char_traits@D@std@@V?$allocator@D@2@@std@@UPluginCfg@@@std@@PAX@std@@@std@@@std@@QAEXPAPAU?$_Tree_node@U?$pair@$$CBV?$basic_string@DU?$char_traits@D@std@@V?$allocator@D@2@@std@@UPluginCfg@@@std@@PAX@1@@Z 1000d5e0 f i Setting.obj
 0001:0000c640       ??$destroy@PAU?$_Tree_node@U?$pair@$$CBV?$basic_string@DU?$char_traits@D@std@@V?$allocator@D@2@@std@@UPluginCfg@@@std@@PAX@std@@@?$allocator@U?$_Tree_node@U?$pair@$$CBV?$basic_string@DU?$char_traits@D@std@@V?$allocator@D@2@@std@@UPluginCfg@@@std@@PAX@std@@@std@@QAEXPAPAU?$_Tree_node@U?$pair@$$CBV?$basic_string@DU?$char_traits@D@std@@V?$allocator@D@2@@std@@UPluginCfg@@@std@@PAX@1@@Z 1000d640 f i Setting.obj
 0001:0000c680       ??$destroy@PAU?$_Tree_node@U?$pair@$$CBV?$basic_string@DU?$char_traits@D@std@@V?$allocator@D@2@@std@@UPluginCfg@@@std@@PAX@std@@@?$allocator_traits@V?$allocator@U?$_Tree_node@U?$pair@$$CBV?$basic_string@DU?$char_traits@D@std@@V?$allocator@D@2@@std@@UPluginCfg@@@std@@PAX@std@@@std@@@std@@SAXAAV?$allocator@U?$_Tree_node@U?$pair@$$CBV?$basic_string@DU?$char_traits@D@std@@V?$allocator@D@2@@std@@UPluginCfg@@@std@@PAX@std@@@1@PAPAU?$_Tree_node@U?$pair@$$CBV?$basic_string@DU?$char_traits@D@std@@V?$allocator@D@2@@std@@UPluginCfg@@@std@@PAX@1@@Z 1000d680 f i Setting.obj
 0001:0000c6d0       ??$destroy@U?$pair@$$CBV?$basic_string@DU?$char_traits@D@std@@V?$allocator@D@2@@std@@UPluginCfg@@@std@@@?$_Wrap_alloc@V?$allocator@U?$_Tree_node@U?$pair@$$CBV?$basic_string@DU?$char_traits@D@std@@V?$allocator@D@2@@std@@UPluginCfg@@@std@@PAX@std@@@std@@@std@@QAEXPAU?$pair@$$CBV?$basic_string@DU?$char_traits@D@std@@V?$allocator@D@2@@std@@UPluginCfg@@@1@@Z 1000d6d0 f i Setting.obj
 0001:0000c730       ??$destroy@U?$pair@$$CBV?$basic_string@DU?$char_traits@D@std@@V?$allocator@D@2@@std@@UPluginCfg@@@std@@@?$allocator@U?$_Tree_node@U?$pair@$$CBV?$basic_string@DU?$char_traits@D@std@@V?$allocator@D@2@@std@@UPluginCfg@@@std@@PAX@std@@@std@@QAEXPAU?$pair@$$CBV?$basic_string@DU?$char_traits@D@std@@V?$allocator@D@2@@std@@UPluginCfg@@@1@@Z 1000d730 f i Setting.obj
 0001:0000c790       ??$destroy@U?$pair@$$CBV?$basic_string@DU?$char_traits@D@std@@V?$allocator@D@2@@std@@UPluginCfg@@@std@@@?$allocator_traits@V?$allocator@U?$_Tree_node@U?$pair@$$CBV?$basic_string@DU?$char_traits@D@std@@V?$allocator@D@2@@std@@UPluginCfg@@@std@@PAX@std@@@std@@@std@@SAXAAV?$allocator@U?$_Tree_node@U?$pair@$$CBV?$basic_string@DU?$char_traits@D@std@@V?$allocator@D@2@@std@@UPluginCfg@@@std@@PAX@std@@@1@PAU?$pair@$$CBV?$basic_string@DU?$char_traits@D@std@@V?$allocator@D@2@@std@@UPluginCfg@@@1@@Z 1000d790 f i Setting.obj
 0001:0000c7e0       ??$destroy@U_Container_proxy@std@@@?$_Wrap_alloc@V?$allocator@U_Container_proxy@std@@@std@@@std@@QAEXPAU_Container_proxy@1@@Z 1000d7e0 f i Setting.obj
 0001:0000c840       ??$destroy@U_Container_proxy@std@@@?$allocator_traits@V?$allocator@U_Container_proxy@std@@@std@@@std@@SAXAAV?$allocator@U_Container_proxy@std@@@1@PAU_Container_proxy@1@@Z 1000d840 f i Setting.obj
 0001:0000c890       ??$forward@AAPAU?$_Tree_node@U?$pair@$$CBV?$basic_string@DU?$char_traits@D@std@@V?$allocator@D@2@@std@@UPluginCfg@@@std@@PAX@std@@@std@@YAAAPAU?$_Tree_node@U?$pair@$$CBV?$basic_string@DU?$char_traits@D@std@@V?$allocator@D@2@@std@@UPluginCfg@@@std@@PAX@0@AAPAU10@@Z 1000d890 f i Setting.obj
 0001:0000c8d0       ??$forward@AAU?$pair@$$CBV?$basic_string@DU?$char_traits@D@std@@V?$allocator@D@2@@std@@UPluginCfg@@@std@@@std@@YAAAU?$pair@$$CBV?$basic_string@DU?$char_traits@D@std@@V?$allocator@D@2@@std@@UPluginCfg@@@0@AAU10@@Z 1000d8d0 f i Setting.obj
 0001:0000c910       ??$forward@AAV?$_Tree_iterator@V?$_Tree_val@U?$_Tree_simple_types@U?$pair@$$CBV?$basic_string@DU?$char_traits@D@std@@V?$allocator@D@2@@std@@UPluginCfg@@@std@@@std@@@std@@@std@@@std@@YAAAV?$_Tree_iterator@V?$_Tree_val@U?$_Tree_simple_types@U?$pair@$$CBV?$basic_string@DU?$char_traits@D@std@@V?$allocator@D@2@@std@@UPluginCfg@@@std@@@std@@@std@@@0@AAV10@@Z 1000d910 f i Setting.obj
 0001:0000c950       ??$forward@ABV?$basic_string@DU?$char_traits@D@std@@V?$allocator@D@2@@std@@@std@@YAABV?$basic_string@DU?$char_traits@D@std@@V?$allocator@D@2@@0@ABV10@@Z 1000d950 f i Setting.obj
 0001:0000c990       ??$forward@U?$pair@V?$basic_string@DU?$char_traits@D@std@@V?$allocator@D@2@@std@@UPluginCfg@@@std@@@std@@YA$$QAU?$pair@V?$basic_string@DU?$char_traits@D@std@@V?$allocator@D@2@@std@@UPluginCfg@@@0@AAU10@@Z 1000d990 f i Setting.obj
 0001:0000c9d0       ??$forward@UPluginCfg@@@std@@YA$$QAUPluginCfg@@AAU1@@Z 1000d9d0 f i Setting.obj
 0001:0000ca10       ??$forward@V?$_Tree_iterator@V?$_Tree_val@U?$_Tree_simple_types@U?$pair@$$CBV?$basic_string@DU?$char_traits@D@std@@V?$allocator@D@2@@std@@UPluginCfg@@@std@@@std@@@std@@@std@@@std@@YA$$QAV?$_Tree_iterator@V?$_Tree_val@U?$_Tree_simple_types@U?$pair@$$CBV?$basic_string@DU?$char_traits@D@std@@V?$allocator@D@2@@std@@UPluginCfg@@@std@@@std@@@std@@@0@AAV10@@Z 1000da10 f i Setting.obj
 0001:0000ca50       ??$forward@V?$basic_string@DU?$char_traits@D@std@@V?$allocator@D@2@@std@@@std@@YA$$QAV?$basic_string@DU?$char_traits@D@std@@V?$allocator@D@2@@0@AAV10@@Z 1000da50 f i Setting.obj
 0001:0000ca90       ??$forward@_N@std@@YA$$QA_NAA_N@Z 1000da90 f i Setting.obj
 0001:0000cad0       ??$insert@U?$pair@V?$basic_string@DU?$char_traits@D@std@@V?$allocator@D@2@@std@@UPluginCfg@@@std@@@?$_Tree@V?$_Tmap_traits@V?$basic_string@DU?$char_traits@D@std@@V?$allocator@D@2@@std@@UPluginCfg@@U?$less@V?$basic_string@DU?$char_traits@D@std@@V?$allocator@D@2@@std@@@2@V?$allocator@U?$pair@$$CBV?$basic_string@DU?$char_traits@D@std@@V?$allocator@D@2@@std@@UPluginCfg@@@std@@@2@$0A@@std@@@std@@QAE?AV?$_Tree_iterator@V?$_Tree_val@U?$_Tree_simple_types@U?$pair@$$CBV?$basic_string@DU?$char_traits@D@std@@V?$allocator@D@2@@std@@UPluginCfg@@@std@@@std@@@std@@@1@V?$_Tree_const_iterator@V?$_Tree_val@U?$_Tree_simple_types@U?$pair@$$CBV?$basic_string@DU?$char_traits@D@std@@V?$allocator@D@2@@std@@UPluginCfg@@@std@@@std@@@std@@@1@$$QAU?$pair@V?$basic_string@DU?$char_traits@D@std@@V?$allocator@D@2@@std@@UPluginCfg@@@1@@Z 1000dad0 f i Setting.obj
 0001:0000cc00       ??$move@AAV?$basic_string@DU?$char_traits@D@std@@V?$allocator@D@2@@std@@@std@@YA$$QAV?$basic_string@DU?$char_traits@D@std@@V?$allocator@D@2@@0@AAV10@@Z 1000dc00 f i Setting.obj
 0001:0000cc40       ??$strcpy_s@$0CA@@@YAHAAY0CA@DPBD@Z 1000dc40 f i Setting.obj
 0001:0000cca0       ??$strcpy_s@$0IA@@@YAHAAY0IA@DPBD@Z 1000dca0 f i Setting.obj
 0001:0000cd00       ??$swap@D@std@@YAXAAD0@Z   1000dd00 f i Setting.obj
 0001:0000cdc0       ??0?$_Iterator012@Ubidirectional_iterator_tag@std@@U?$pair@$$CBV?$basic_string@DU?$char_traits@D@std@@V?$allocator@D@2@@std@@UPluginCfg@@@2@HPBU32@ABU32@U_Iterator_base12@2@@std@@QAE@ABU01@@Z 1000ddc0 f i Setting.obj
 0001:0000ce20       ??0?$_Iterator012@Ubidirectional_iterator_tag@std@@U?$pair@$$CBV?$basic_string@DU?$char_traits@D@std@@V?$allocator@D@2@@std@@UPluginCfg@@@2@HPBU32@ABU32@U_Iterator_base12@2@@std@@QAE@XZ 1000de20 f i Setting.obj
 0001:0000ce80       ??0?$_Tree@V?$_Tmap_traits@V?$basic_string@DU?$char_traits@D@std@@V?$allocator@D@2@@std@@UPluginCfg@@U?$less@V?$basic_string@DU?$char_traits@D@std@@V?$allocator@D@2@@std@@@2@V?$allocator@U?$pair@$$CBV?$basic_string@DU?$char_traits@D@std@@V?$allocator@D@2@@std@@UPluginCfg@@@std@@@2@$0A@@std@@@std@@QAE@ABU?$less@V?$basic_string@DU?$char_traits@D@std@@V?$allocator@D@2@@std@@@1@ABV?$allocator@U?$pair@$$CBV?$basic_string@DU?$char_traits@D@std@@V?$allocator@D@2@@std@@UPluginCfg@@@std@@@1@@Z 1000de80 f i Setting.obj
 0001:0000cee0       ??0?$_Tree@V?$_Tmap_traits@V?$basic_string@DU?$char_traits@D@std@@V?$allocator@D@2@@std@@UPluginCfg@@U?$less@V?$basic_string@DU?$char_traits@D@std@@V?$allocator@D@2@@std@@@2@V?$allocator@U?$pair@$$CBV?$basic_string@DU?$char_traits@D@std@@V?$allocator@D@2@@std@@UPluginCfg@@@std@@@2@$0A@@std@@@std@@QAE@ABV01@ABV?$allocator@U?$pair@$$CBV?$basic_string@DU?$char_traits@D@std@@V?$allocator@D@2@@std@@UPluginCfg@@@std@@@1@@Z 1000dee0 f i Setting.obj
 0001:0000d000       ??0?$_Tree_alloc@$0A@U?$_Tree_base_types@U?$pair@$$CBV?$basic_string@DU?$char_traits@D@std@@V?$allocator@D@2@@std@@UPluginCfg@@@std@@V?$allocator@U?$pair@$$CBV?$basic_string@DU?$char_traits@D@std@@V?$allocator@D@2@@std@@UPluginCfg@@@std@@@2@@std@@@std@@QAE@ABV?$allocator@U?$pair@$$CBV?$basic_string@DU?$char_traits@D@std@@V?$allocator@D@2@@std@@UPluginCfg@@@std@@@1@@Z 1000e000 f i Setting.obj
 0001:0000d100       ??0?$_Tree_buy@U?$pair@$$CBV?$basic_string@DU?$char_traits@D@std@@V?$allocator@D@2@@std@@UPluginCfg@@@std@@V?$allocator@U?$pair@$$CBV?$basic_string@DU?$char_traits@D@std@@V?$allocator@D@2@@std@@UPluginCfg@@@std@@@2@@std@@QAE@ABV?$allocator@U?$pair@$$CBV?$basic_string@DU?$char_traits@D@std@@V?$allocator@D@2@@std@@UPluginCfg@@@std@@@1@@Z 1000e100 f i Setting.obj
 0001:0000d160       ??0?$_Tree_comp@$0A@V?$_Tmap_traits@V?$basic_string@DU?$char_traits@D@std@@V?$allocator@D@2@@std@@UPluginCfg@@U?$less@V?$basic_string@DU?$char_traits@D@std@@V?$allocator@D@2@@std@@@2@V?$allocator@U?$pair@$$CBV?$basic_string@DU?$char_traits@D@std@@V?$allocator@D@2@@std@@UPluginCfg@@@std@@@2@$0A@@std@@@std@@QAE@ABU?$less@V?$basic_string@DU?$char_traits@D@std@@V?$allocator@D@2@@std@@@1@ABV?$allocator@U?$pair@$$CBV?$basic_string@DU?$char_traits@D@std@@V?$allocator@D@2@@std@@UPluginCfg@@@std@@@1@@Z 1000e160 f i Setting.obj
 0001:0000d1c0       ??0?$_Tree_const_iterator@V?$_Tree_val@U?$_Tree_simple_types@U?$pair@$$CBV?$basic_string@DU?$char_traits@D@std@@V?$allocator@D@2@@std@@UPluginCfg@@@std@@@std@@@std@@@std@@QAE@ABV01@@Z 1000e1c0 f i Setting.obj
 0001:0000d220       ??0?$_Tree_const_iterator@V?$_Tree_val@U?$_Tree_simple_types@U?$pair@$$CBV?$basic_string@DU?$char_traits@D@std@@V?$allocator@D@2@@std@@UPluginCfg@@@std@@@std@@@std@@@std@@QAE@PAU?$_Tree_node@U?$pair@$$CBV?$basic_string@DU?$char_traits@D@std@@V?$allocator@D@2@@std@@UPluginCfg@@@std@@PAX@1@PBV?$_Tree_val@U?$_Tree_simple_types@U?$pair@$$CBV?$basic_string@DU?$char_traits@D@std@@V?$allocator@D@2@@std@@UPluginCfg@@@std@@@std@@@1@@Z 1000e220 f i Setting.obj
 0001:0000d280       ??0?$_Tree_const_iterator@V?$_Tree_val@U?$_Tree_simple_types@U?$pair@$$CBV?$basic_string@DU?$char_traits@D@std@@V?$allocator@D@2@@std@@UPluginCfg@@@std@@@std@@@std@@@std@@QAE@XZ 1000e280 f i Setting.obj
 0001:0000d2e0       ??0?$_Tree_iterator@V?$_Tree_val@U?$_Tree_simple_types@U?$pair@$$CBV?$basic_string@DU?$char_traits@D@std@@V?$allocator@D@2@@std@@UPluginCfg@@@std@@@std@@@std@@@std@@QAE@ABV01@@Z 1000e2e0 f i Setting.obj
 0001:0000d340       ??0?$_Tree_iterator@V?$_Tree_val@U?$_Tree_simple_types@U?$pair@$$CBV?$basic_string@DU?$char_traits@D@std@@V?$allocator@D@2@@std@@UPluginCfg@@@std@@@std@@@std@@@std@@QAE@PAU?$_Tree_node@U?$pair@$$CBV?$basic_string@DU?$char_traits@D@std@@V?$allocator@D@2@@std@@UPluginCfg@@@std@@PAX@1@PBV?$_Tree_val@U?$_Tree_simple_types@U?$pair@$$CBV?$basic_string@DU?$char_traits@D@std@@V?$allocator@D@2@@std@@UPluginCfg@@@std@@@std@@@1@@Z 1000e340 f i Setting.obj
 0001:0000d3a0       ??0?$_Tree_unchecked_const_iterator@V?$_Tree_val@U?$_Tree_simple_types@U?$pair@$$CBV?$basic_string@DU?$char_traits@D@std@@V?$allocator@D@2@@std@@UPluginCfg@@@std@@@std@@@std@@U_Iterator_base12@2@@std@@QAE@ABV01@@Z 1000e3a0 f i Setting.obj
 0001:0000d410       ??0?$_Tree_unchecked_const_iterator@V?$_Tree_val@U?$_Tree_simple_types@U?$pair@$$CBV?$basic_string@DU?$char_traits@D@std@@V?$allocator@D@2@@std@@UPluginCfg@@@std@@@std@@@std@@U_Iterator_base12@2@@std@@QAE@PAU?$_Tree_node@U?$pair@$$CBV?$basic_string@DU?$char_traits@D@std@@V?$allocator@D@2@@std@@UPluginCfg@@@std@@PAX@1@PBV?$_Tree_val@U?$_Tree_simple_types@U?$pair@$$CBV?$basic_string@DU?$char_traits@D@std@@V?$allocator@D@2@@std@@UPluginCfg@@@std@@@std@@@1@@Z 1000e410 f i Setting.obj
 0001:0000d4d0       ??0?$_Tree_unchecked_const_iterator@V?$_Tree_val@U?$_Tree_simple_types@U?$pair@$$CBV?$basic_string@DU?$char_traits@D@std@@V?$allocator@D@2@@std@@UPluginCfg@@@std@@@std@@@std@@U_Iterator_base12@2@@std@@QAE@XZ 1000e4d0 f i Setting.obj
 0001:0000d530       ??0?$_Tree_val@U?$_Tree_simple_types@U?$pair@$$CBV?$basic_string@DU?$char_traits@D@std@@V?$allocator@D@2@@std@@UPluginCfg@@@std@@@std@@@std@@QAE@XZ 1000e530 f i Setting.obj
 0001:0000d5a0       ??0?$_Wrap_alloc@V?$allocator@U?$_Tree_node@U?$pair@$$CBV?$basic_string@DU?$char_traits@D@std@@V?$allocator@D@2@@std@@UPluginCfg@@@std@@PAX@std@@@std@@@std@@QAE@ABV?$allocator@U?$_Tree_node@U?$pair@$$CBV?$basic_string@DU?$char_traits@D@std@@V?$allocator@D@2@@std@@UPluginCfg@@@std@@PAX@std@@@1@@Z 1000e5a0 f i Setting.obj
 0001:0000d600       ??0?$_Wrap_alloc@V?$allocator@U?$_Tree_node@U?$pair@$$CBV?$basic_string@DU?$char_traits@D@std@@V?$allocator@D@2@@std@@UPluginCfg@@@std@@PAX@std@@@std@@@std@@QAE@XZ 1000e600 f i Setting.obj
 0001:0000d660       ??0?$allocator@U?$_Tree_node@U?$pair@$$CBV?$basic_string@DU?$char_traits@D@std@@V?$allocator@D@2@@std@@UPluginCfg@@@std@@PAX@std@@@std@@QAE@ABV01@@Z 1000e660 f i Setting.obj
 0001:0000d6a0       ??0?$allocator@U?$_Tree_node@U?$pair@$$CBV?$basic_string@DU?$char_traits@D@std@@V?$allocator@D@2@@std@@UPluginCfg@@@std@@PAX@std@@@std@@QAE@XZ 1000e6a0 f i Setting.obj
 0001:0000d6e0       ??0?$allocator@U?$pair@$$CBV?$basic_string@DU?$char_traits@D@std@@V?$allocator@D@2@@std@@UPluginCfg@@@std@@@std@@QAE@XZ 1000e6e0 f i Setting.obj
 0001:0000d720       ??0?$basic_string@DU?$char_traits@D@std@@V?$allocator@D@2@@std@@QAE@$$QAV01@@Z 1000e720 f i Setting.obj
 0001:0000d7c0       ??0?$map@V?$basic_string@DU?$char_traits@D@std@@V?$allocator@D@2@@std@@UPluginCfg@@U?$less@V?$basic_string@DU?$char_traits@D@std@@V?$allocator@D@2@@std@@@2@V?$allocator@U?$pair@$$CBV?$basic_string@DU?$char_traits@D@std@@V?$allocator@D@2@@std@@UPluginCfg@@@std@@@2@@std@@QAE@ABV01@@Z 1000e7c0 f i Setting.obj
 0001:0000d860       ??0?$map@V?$basic_string@DU?$char_traits@D@std@@V?$allocator@D@2@@std@@UPluginCfg@@U?$less@V?$basic_string@DU?$char_traits@D@std@@V?$allocator@D@2@@std@@@2@V?$allocator@U?$pair@$$CBV?$basic_string@DU?$char_traits@D@std@@V?$allocator@D@2@@std@@UPluginCfg@@@std@@@2@@std@@QAE@XZ 1000e860 f i Setting.obj
 0001:0000d8d0       ??0?$pair@$$CBV?$basic_string@DU?$char_traits@D@std@@V?$allocator@D@2@@std@@UPluginCfg@@@std@@QAE@ABU01@@Z 1000e8d0 f i Setting.obj
 0001:0000d950       ??0Setting@@QAE@XZ         1000e950 f   Setting.obj
 0001:0000d9b0       ??0_Iterator_base12@std@@QAE@ABU01@@Z 1000e9b0 f i Setting.obj
 0001:0000da30       ??0_Iterator_base12@std@@QAE@XZ 1000ea30 f i Setting.obj
 0001:0000da80       ??1?$_Iterator012@Ubidirectional_iterator_tag@std@@U?$pair@$$CBV?$basic_string@DU?$char_traits@D@std@@V?$allocator@D@2@@std@@UPluginCfg@@@2@HPBU32@ABU32@U_Iterator_base12@2@@std@@QAE@XZ 1000ea80 f i Setting.obj
 0001:0000dad0       ??1?$_Tree@V?$_Tmap_traits@V?$basic_string@DU?$char_traits@D@std@@V?$allocator@D@2@@std@@UPluginCfg@@U?$less@V?$basic_string@DU?$char_traits@D@std@@V?$allocator@D@2@@std@@@2@V?$allocator@U?$pair@$$CBV?$basic_string@DU?$char_traits@D@std@@V?$allocator@D@2@@std@@UPluginCfg@@@std@@@2@$0A@@std@@@std@@QAE@XZ 1000ead0 f i Setting.obj
 0001:0000db30       ??1?$_Tree_alloc@$0A@U?$_Tree_base_types@U?$pair@$$CBV?$basic_string@DU?$char_traits@D@std@@V?$allocator@D@2@@std@@UPluginCfg@@@std@@V?$allocator@U?$pair@$$CBV?$basic_string@DU?$char_traits@D@std@@V?$allocator@D@2@@std@@UPluginCfg@@@std@@@2@@std@@@std@@QAE@XZ 1000eb30 f i Setting.obj
 0001:0000dba0       ??1?$_Tree_buy@U?$pair@$$CBV?$basic_string@DU?$char_traits@D@std@@V?$allocator@D@2@@std@@UPluginCfg@@@std@@V?$allocator@U?$pair@$$CBV?$basic_string@DU?$char_traits@D@std@@V?$allocator@D@2@@std@@UPluginCfg@@@std@@@2@@std@@QAE@XZ 1000eba0 f i Setting.obj
 0001:0000dbf0       ??1?$_Tree_comp@$0A@V?$_Tmap_traits@V?$basic_string@DU?$char_traits@D@std@@V?$allocator@D@2@@std@@UPluginCfg@@U?$less@V?$basic_string@DU?$char_traits@D@std@@V?$allocator@D@2@@std@@@2@V?$allocator@U?$pair@$$CBV?$basic_string@DU?$char_traits@D@std@@V?$allocator@D@2@@std@@UPluginCfg@@@std@@@2@$0A@@std@@@std@@QAE@XZ 1000ebf0 f i Setting.obj
 0001:0000dc40       ??1?$_Tree_const_iterator@V?$_Tree_val@U?$_Tree_simple_types@U?$pair@$$CBV?$basic_string@DU?$char_traits@D@std@@V?$allocator@D@2@@std@@UPluginCfg@@@std@@@std@@@std@@@std@@QAE@XZ 1000ec40 f i Setting.obj
 0001:0000dc90       ??1?$_Tree_iterator@V?$_Tree_val@U?$_Tree_simple_types@U?$pair@$$CBV?$basic_string@DU?$char_traits@D@std@@V?$allocator@D@2@@std@@UPluginCfg@@@std@@@std@@@std@@@std@@QAE@XZ 1000ec90 f i Setting.obj
 0001:0000dce0       ??1?$_Tree_unchecked_const_iterator@V?$_Tree_val@U?$_Tree_simple_types@U?$pair@$$CBV?$basic_string@DU?$char_traits@D@std@@V?$allocator@D@2@@std@@UPluginCfg@@@std@@@std@@@std@@U_Iterator_base12@2@@std@@QAE@XZ 1000ece0 f i Setting.obj
 0001:0000dd30       ??1?$_Tree_val@U?$_Tree_simple_types@U?$pair@$$CBV?$basic_string@DU?$char_traits@D@std@@V?$allocator@D@2@@std@@UPluginCfg@@@std@@@std@@@std@@QAE@XZ 1000ed30 f i Setting.obj
 0001:0000dd80       ??1?$map@V?$basic_string@DU?$char_traits@D@std@@V?$allocator@D@2@@std@@UPluginCfg@@U?$less@V?$basic_string@DU?$char_traits@D@std@@V?$allocator@D@2@@std@@@2@V?$allocator@U?$pair@$$CBV?$basic_string@DU?$char_traits@D@std@@V?$allocator@D@2@@std@@UPluginCfg@@@std@@@2@@std@@QAE@XZ 1000ed80 f i Setting.obj
 0001:0000ddd0       ??1?$pair@$$CBV?$basic_string@DU?$char_traits@D@std@@V?$allocator@D@2@@std@@UPluginCfg@@@std@@QAE@XZ 1000edd0 f i Setting.obj
 0001:0000de20       ??1?$pair@V?$_Tree_iterator@V?$_Tree_val@U?$_Tree_simple_types@U?$pair@$$CBV?$basic_string@DU?$char_traits@D@std@@V?$allocator@D@2@@std@@UPluginCfg@@@std@@@std@@@std@@@std@@V12@@std@@QAE@XZ 1000ee20 f i Setting.obj
 0001:0000de80       ??1?$pair@V?$_Tree_iterator@V?$_Tree_val@U?$_Tree_simple_types@U?$pair@$$CBV?$basic_string@DU?$char_traits@D@std@@V?$allocator@D@2@@std@@UPluginCfg@@@std@@@std@@@std@@@std@@_N@std@@QAE@XZ 1000ee80 f i Setting.obj
 0001:0000ded0       ??1?$pair@V?$basic_string@DU?$char_traits@D@std@@V?$allocator@D@2@@std@@UPluginCfg@@@std@@QAE@XZ 1000eed0 f i Setting.obj
 0001:0000df20       ??1Setting@@QAE@XZ         1000ef20 f   Setting.obj
 0001:0000e090       ??1_Iterator_base12@std@@QAE@XZ 1000f090 f i Setting.obj
 0001:0000e130       ??4?$_Iterator012@Ubidirectional_iterator_tag@std@@U?$pair@$$CBV?$basic_string@DU?$char_traits@D@std@@V?$allocator@D@2@@std@@UPluginCfg@@@2@HPBU32@ABU32@U_Iterator_base12@2@@std@@QAEAAU01@ABU01@@Z 1000f130 f i Setting.obj
 0001:0000e190       ??4?$_Tree_const_iterator@V?$_Tree_val@U?$_Tree_simple_types@U?$pair@$$CBV?$basic_string@DU?$char_traits@D@std@@V?$allocator@D@2@@std@@UPluginCfg@@@std@@@std@@@std@@@std@@QAEAAV01@ABV01@@Z 1000f190 f i Setting.obj
 0001:0000e1f0       ??4?$_Tree_iterator@V?$_Tree_val@U?$_Tree_simple_types@U?$pair@$$CBV?$basic_string@DU?$char_traits@D@std@@V?$allocator@D@2@@std@@UPluginCfg@@@std@@@std@@@std@@@std@@QAEAAV01@ABV01@@Z 1000f1f0 f i Setting.obj
 0001:0000e250       ??4?$_Tree_unchecked_const_iterator@V?$_Tree_val@U?$_Tree_simple_types@U?$pair@$$CBV?$basic_string@DU?$char_traits@D@std@@V?$allocator@D@2@@std@@UPluginCfg@@@std@@@std@@@std@@U_Iterator_base12@2@@std@@QAEAAV01@ABV01@@Z 1000f250 f i Setting.obj
 0001:0000e2c0       ??4_Iterator_base12@std@@QAEAAU01@ABU01@@Z 1000f2c0 f i Setting.obj
 0001:0000e3e0       ??8?$_Tree_const_iterator@V?$_Tree_val@U?$_Tree_simple_types@U?$pair@$$CBV?$basic_string@DU?$char_traits@D@std@@V?$allocator@D@2@@std@@UPluginCfg@@@std@@@std@@@std@@@std@@QBE_NABV01@@Z 1000f3e0 f i Setting.obj
 0001:0000e510       ??9?$_Tree_const_iterator@V?$_Tree_val@U?$_Tree_simple_types@U?$pair@$$CBV?$basic_string@DU?$char_traits@D@std@@V?$allocator@D@2@@std@@UPluginCfg@@@std@@@std@@@std@@@std@@QBE_NABV01@@Z 1000f510 f i Setting.obj
 0001:0000e5a0       ??A?$map@V?$basic_string@DU?$char_traits@D@std@@V?$allocator@D@2@@std@@UPluginCfg@@U?$less@V?$basic_string@DU?$char_traits@D@std@@V?$allocator@D@2@@std@@@2@V?$allocator@U?$pair@$$CBV?$basic_string@DU?$char_traits@D@std@@V?$allocator@D@2@@std@@UPluginCfg@@@std@@@2@@std@@QAEAAUPluginCfg@@$$QAV?$basic_string@DU?$char_traits@D@std@@V?$allocator@D@2@@1@@Z 1000f5a0 f i Setting.obj
 0001:0000e8c0       ??A?$map@V?$basic_string@DU?$char_traits@D@std@@V?$allocator@D@2@@std@@UPluginCfg@@U?$less@V?$basic_string@DU?$char_traits@D@std@@V?$allocator@D@2@@std@@@2@V?$allocator@U?$pair@$$CBV?$basic_string@DU?$char_traits@D@std@@V?$allocator@D@2@@std@@UPluginCfg@@@std@@@2@@std@@QAEAAUPluginCfg@@ABV?$basic_string@DU?$char_traits@D@std@@V?$allocator@D@2@@1@@Z 1000f8c0 f i Setting.obj
 0001:0000ebd0       ??C?$_Tree_iterator@V?$_Tree_val@U?$_Tree_simple_types@U?$pair@$$CBV?$basic_string@DU?$char_traits@D@std@@V?$allocator@D@2@@std@@UPluginCfg@@@std@@@std@@@std@@@std@@QBEPAU?$pair@$$CBV?$basic_string@DU?$char_traits@D@std@@V?$allocator@D@2@@std@@UPluginCfg@@@1@XZ 1000fbd0 f i Setting.obj
 0001:0000ec30       ??D?$_Tree_const_iterator@V?$_Tree_val@U?$_Tree_simple_types@U?$pair@$$CBV?$basic_string@DU?$char_traits@D@std@@V?$allocator@D@2@@std@@UPluginCfg@@@std@@@std@@@std@@@std@@QBEABU?$pair@$$CBV?$basic_string@DU?$char_traits@D@std@@V?$allocator@D@2@@std@@UPluginCfg@@@1@XZ 1000fc30 f i Setting.obj
 0001:0000ed40       ??D?$_Tree_iterator@V?$_Tree_val@U?$_Tree_simple_types@U?$pair@$$CBV?$basic_string@DU?$char_traits@D@std@@V?$allocator@D@2@@std@@UPluginCfg@@@std@@@std@@@std@@@std@@QBEAAU?$pair@$$CBV?$basic_string@DU?$char_traits@D@std@@V?$allocator@D@2@@std@@UPluginCfg@@@1@XZ 1000fd40 f i Setting.obj
 0001:0000ed90       ??E?$_Tree_const_iterator@V?$_Tree_val@U?$_Tree_simple_types@U?$pair@$$CBV?$basic_string@DU?$char_traits@D@std@@V?$allocator@D@2@@std@@UPluginCfg@@@std@@@std@@@std@@@std@@QAE?AV01@H@Z 1000fd90 f i Setting.obj
 0001:0000eeb0       ??E?$_Tree_const_iterator@V?$_Tree_val@U?$_Tree_simple_types@U?$pair@$$CBV?$basic_string@DU?$char_traits@D@std@@V?$allocator@D@2@@std@@UPluginCfg@@@std@@@std@@@std@@@std@@QAEAAV01@XZ 1000feb0 f i Setting.obj
 0001:0000efc0       ??E?$_Tree_iterator@V?$_Tree_val@U?$_Tree_simple_types@U?$pair@$$CBV?$basic_string@DU?$char_traits@D@std@@V?$allocator@D@2@@std@@UPluginCfg@@@std@@@std@@@std@@@std@@QAEAAV01@XZ 1000ffc0 f i Setting.obj
 0001:0000f020       ??E?$_Tree_unchecked_const_iterator@V?$_Tree_val@U?$_Tree_simple_types@U?$pair@$$CBV?$basic_string@DU?$char_traits@D@std@@V?$allocator@D@2@@std@@UPluginCfg@@@std@@@std@@@std@@U_Iterator_base12@2@@std@@QAEAAV01@XZ 10010020 f i Setting.obj
 0001:0000f150       ??F?$_Tree_const_iterator@V?$_Tree_val@U?$_Tree_simple_types@U?$pair@$$CBV?$basic_string@DU?$char_traits@D@std@@V?$allocator@D@2@@std@@UPluginCfg@@@std@@@std@@@std@@@std@@QAEAAV01@XZ 10010150 f i Setting.obj
 0001:0000f2e0       ??F?$_Tree_iterator@V?$_Tree_val@U?$_Tree_simple_types@U?$pair@$$CBV?$basic_string@DU?$char_traits@D@std@@V?$allocator@D@2@@std@@UPluginCfg@@@std@@@std@@@std@@@std@@QAEAAV01@XZ 100102e0 f i Setting.obj
 0001:0000f340       ??F?$_Tree_unchecked_const_iterator@V?$_Tree_val@U?$_Tree_simple_types@U?$pair@$$CBV?$basic_string@DU?$char_traits@D@std@@V?$allocator@D@2@@std@@UPluginCfg@@@std@@@std@@@std@@U_Iterator_base12@2@@std@@QAEAAV01@XZ 10010340 f i Setting.obj
 0001:0000f4a0       ??R?$less@V?$basic_string@DU?$char_traits@D@std@@V?$allocator@D@2@@std@@@std@@QBE_NABV?$basic_string@DU?$char_traits@D@std@@V?$allocator@D@2@@1@0@Z 100104a0 f i Setting.obj
 0001:0000f500       ??_G?$pair@$$CBV?$basic_string@DU?$char_traits@D@std@@V?$allocator@D@2@@std@@UPluginCfg@@@std@@QAEPAXI@Z 10010500 f i Setting.obj
 0001:0000f570       ?_Adopt@_Iterator_base12@std@@QAEXPBU_Container_base12@2@@Z 10010570 f i Setting.obj
 0001:0000f6f0       ?_Alloc_proxy@?$_Tree_alloc@$0A@U?$_Tree_base_types@U?$pair@$$CBV?$basic_string@DU?$char_traits@D@std@@V?$allocator@D@2@@std@@UPluginCfg@@@std@@V?$allocator@U?$pair@$$CBV?$basic_string@DU?$char_traits@D@std@@V?$allocator@D@2@@std@@UPluginCfg@@@std@@@2@@std@@@std@@QAEXXZ 100106f0 f i Setting.obj
 0001:0000f7d0       ?_Assign_rv@?$basic_string@DU?$char_traits@D@std@@V?$allocator@D@2@@std@@QAEX$$QAV12@@Z 100107d0 f i Setting.obj
 0001:0000f8c0       ?_Buyheadnode@?$_Tree_alloc@$0A@U?$_Tree_base_types@U?$pair@$$CBV?$basic_string@DU?$char_traits@D@std@@V?$allocator@D@2@@std@@UPluginCfg@@@std@@V?$allocator@U?$pair@$$CBV?$basic_string@DU?$char_traits@D@std@@V?$allocator@D@2@@std@@UPluginCfg@@@std@@@2@@std@@@std@@QAEPAU?$_Tree_node@U?$pair@$$CBV?$basic_string@DU?$char_traits@D@std@@V?$allocator@D@2@@std@@UPluginCfg@@@std@@PAX@2@XZ 100108c0 f i Setting.obj
 0001:0000fb20       ?_Buynode0@?$_Tree_buy@U?$pair@$$CBV?$basic_string@DU?$char_traits@D@std@@V?$allocator@D@2@@std@@UPluginCfg@@@std@@V?$allocator@U?$pair@$$CBV?$basic_string@DU?$char_traits@D@std@@V?$allocator@D@2@@std@@UPluginCfg@@@std@@@2@@std@@QAEPAU?$_Tree_node@U?$pair@$$CBV?$basic_string@DU?$char_traits@D@std@@V?$allocator@D@2@@std@@UPluginCfg@@@std@@PAX@2@XZ 10010b20 f i Setting.obj
 0001:0000fd30       ?_Clrcont@_Iterator_base12@std@@QAEXXZ 10010d30 f i Setting.obj
 0001:0000fd70       ?_Color@?$_Tree_val@U?$_Tree_simple_types@U?$pair@$$CBV?$basic_string@DU?$char_traits@D@std@@V?$allocator@D@2@@std@@UPluginCfg@@@std@@@std@@@std@@SAAADPAU?$_Tree_node@U?$pair@$$CBV?$basic_string@DU?$char_traits@D@std@@V?$allocator@D@2@@std@@UPluginCfg@@@std@@PAX@2@@Z 10010d70 f i Setting.obj
 0001:0000fdb0       ?_Destroy_if_not_nil@?$_Tree@V?$_Tmap_traits@V?$basic_string@DU?$char_traits@D@std@@V?$allocator@D@2@@std@@UPluginCfg@@U?$less@V?$basic_string@DU?$char_traits@D@std@@V?$allocator@D@2@@std@@@2@V?$allocator@U?$pair@$$CBV?$basic_string@DU?$char_traits@D@std@@V?$allocator@D@2@@std@@UPluginCfg@@@std@@@2@$0A@@std@@@std@@IAEXPAU?$_Tree_node@U?$pair@$$CBV?$basic_string@DU?$char_traits@D@std@@V?$allocator@D@2@@std@@UPluginCfg@@@std@@PAX@2@@Z 10010db0 f i Setting.obj
 0001:0000fe60       ?_Eqrange@?$_Tree@V?$_Tmap_traits@V?$basic_string@DU?$char_traits@D@std@@V?$allocator@D@2@@std@@UPluginCfg@@U?$less@V?$basic_string@DU?$char_traits@D@std@@V?$allocator@D@2@@std@@@2@V?$allocator@U?$pair@$$CBV?$basic_string@DU?$char_traits@D@std@@V?$allocator@D@2@@std@@UPluginCfg@@@std@@@2@$0A@@std@@@std@@IAE?AU?$pair@V?$_Tree_iterator@V?$_Tree_val@U?$_Tree_simple_types@U?$pair@$$CBV?$basic_string@DU?$char_traits@D@std@@V?$allocator@D@2@@std@@UPluginCfg@@@std@@@std@@@std@@@std@@V12@@2@ABV?$basic_string@DU?$char_traits@D@std@@V?$allocator@D@2@@2@@Z 10010e60 f i Setting.obj
 0001:00010230       ?_Erase@?$_Tree@V?$_Tmap_traits@V?$basic_string@DU?$char_traits@D@std@@V?$allocator@D@2@@std@@UPluginCfg@@U?$less@V?$basic_string@DU?$char_traits@D@std@@V?$allocator@D@2@@std@@@2@V?$allocator@U?$pair@$$CBV?$basic_string@DU?$char_traits@D@std@@V?$allocator@D@2@@std@@UPluginCfg@@@std@@@2@$0A@@std@@@std@@IAEXPAU?$_Tree_node@U?$pair@$$CBV?$basic_string@DU?$char_traits@D@std@@V?$allocator@D@2@@std@@UPluginCfg@@@std@@PAX@2@@Z 10011230 f i Setting.obj
 0001:00010340       ?_Free_proxy@?$_Tree_alloc@$0A@U?$_Tree_base_types@U?$pair@$$CBV?$basic_string@DU?$char_traits@D@std@@V?$allocator@D@2@@std@@UPluginCfg@@@std@@V?$allocator@U?$pair@$$CBV?$basic_string@DU?$char_traits@D@std@@V?$allocator@D@2@@std@@UPluginCfg@@@std@@@2@@std@@@std@@QAEXXZ 10011340 f i Setting.obj
 0001:00010420       ?_Freeheadnode@?$_Tree_alloc@$0A@U?$_Tree_base_types@U?$pair@$$CBV?$basic_string@DU?$char_traits@D@std@@V?$allocator@D@2@@std@@UPluginCfg@@@std@@V?$allocator@U?$pair@$$CBV?$basic_string@DU?$char_traits@D@std@@V?$allocator@D@2@@std@@UPluginCfg@@@std@@@2@@std@@@std@@QAEXPAU?$_Tree_node@U?$pair@$$CBV?$basic_string@DU?$char_traits@D@std@@V?$allocator@D@2@@std@@UPluginCfg@@@std@@PAX@2@@Z 10011420 f i Setting.obj
 0001:00010530       ?_Freenode0@?$_Tree_buy@U?$pair@$$CBV?$basic_string@DU?$char_traits@D@std@@V?$allocator@D@2@@std@@UPluginCfg@@@std@@V?$allocator@U?$pair@$$CBV?$basic_string@DU?$char_traits@D@std@@V?$allocator@D@2@@std@@UPluginCfg@@@std@@@2@@std@@QAEXPAU?$_Tree_node@U?$pair@$$CBV?$basic_string@DU?$char_traits@D@std@@V?$allocator@D@2@@std@@UPluginCfg@@@std@@PAX@2@@Z 10011530 f i Setting.obj
 0001:00010640       ?_Getal@?$_Tree_alloc@$0A@U?$_Tree_base_types@U?$pair@$$CBV?$basic_string@DU?$char_traits@D@std@@V?$allocator@D@2@@std@@UPluginCfg@@@std@@V?$allocator@U?$pair@$$CBV?$basic_string@DU?$char_traits@D@std@@V?$allocator@D@2@@std@@UPluginCfg@@@std@@@2@@std@@@std@@QBE?AU?$_Wrap_alloc@V?$allocator@U?$_Tree_node@U?$pair@$$CBV?$basic_string@DU?$char_traits@D@std@@V?$allocator@D@2@@std@@UPluginCfg@@@std@@PAX@std@@@std@@@2@XZ 10011640 f i Setting.obj
 0001:000106a0       ?_Getcomp@?$_Tree_comp@$0A@V?$_Tmap_traits@V?$basic_string@DU?$char_traits@D@std@@V?$allocator@D@2@@std@@UPluginCfg@@U?$less@V?$basic_string@DU?$char_traits@D@std@@V?$allocator@D@2@@std@@@2@V?$allocator@U?$pair@$$CBV?$basic_string@DU?$char_traits@D@std@@V?$allocator@D@2@@std@@UPluginCfg@@@std@@@2@$0A@@std@@@std@@QBE?AU?$less@V?$basic_string@DU?$char_traits@D@std@@V?$allocator@D@2@@std@@@2@XZ 100116a0 f i Setting.obj
 0001:000106e0       ?_Getcont@_Iterator_base12@std@@QBEPBU_Container_base12@2@XZ 100116e0 f i Setting.obj
 0001:00010750       ?_Getpfirst@_Container_base12@std@@QBEPAPAU_Iterator_base12@2@XZ 10011750 f i Setting.obj
 0001:000107c0       ?_Getpnext@_Iterator_base12@std@@QAEPAPAU12@XZ 100117c0 f i Setting.obj
 0001:00010800       ?_Isnil@?$_Tree_val@U?$_Tree_simple_types@U?$pair@$$CBV?$basic_string@DU?$char_traits@D@std@@V?$allocator@D@2@@std@@UPluginCfg@@@std@@@std@@@std@@SAAADPAU?$_Tree_node@U?$pair@$$CBV?$basic_string@DU?$char_traits@D@std@@V?$allocator@D@2@@std@@UPluginCfg@@@std@@PAX@2@@Z 10011800 f i Setting.obj
 0001:00010840       ?_Key@?$_Tree@V?$_Tmap_traits@V?$basic_string@DU?$char_traits@D@std@@V?$allocator@D@2@@std@@UPluginCfg@@U?$less@V?$basic_string@DU?$char_traits@D@std@@V?$allocator@D@2@@std@@@2@V?$allocator@U?$pair@$$CBV?$basic_string@DU?$char_traits@D@std@@V?$allocator@D@2@@std@@UPluginCfg@@@std@@@2@$0A@@std@@@std@@IBEABV?$basic_string@DU?$char_traits@D@std@@V?$allocator@D@2@@2@PAU?$_Tree_node@U?$pair@$$CBV?$basic_string@DU?$char_traits@D@std@@V?$allocator@D@2@@std@@UPluginCfg@@@std@@PAX@2@@Z 10011840 f i Setting.obj
 0001:000108b0       ?_Kfn@?$_Tree@V?$_Tmap_traits@V?$basic_string@DU?$char_traits@D@std@@V?$allocator@D@2@@std@@UPluginCfg@@U?$less@V?$basic_string@DU?$char_traits@D@std@@V?$allocator@D@2@@std@@@2@V?$allocator@U?$pair@$$CBV?$basic_string@DU?$char_traits@D@std@@V?$allocator@D@2@@std@@UPluginCfg@@@std@@@2@$0A@@std@@@std@@IBEABV?$basic_string@DU?$char_traits@D@std@@V?$allocator@D@2@@2@ABU?$pair@$$CBV?$basic_string@DU?$char_traits@D@std@@V?$allocator@D@2@@std@@UPluginCfg@@@2@@Z 100118b0 f i Setting.obj
 0001:00010910       ?_Lbound@?$_Tree@V?$_Tmap_traits@V?$basic_string@DU?$char_traits@D@std@@V?$allocator@D@2@@std@@UPluginCfg@@U?$less@V?$basic_string@DU?$char_traits@D@std@@V?$allocator@D@2@@std@@@2@V?$allocator@U?$pair@$$CBV?$basic_string@DU?$char_traits@D@std@@V?$allocator@D@2@@std@@UPluginCfg@@@std@@@2@$0A@@std@@@std@@IAEPAU?$_Tree_node@U?$pair@$$CBV?$basic_string@DU?$char_traits@D@std@@V?$allocator@D@2@@std@@UPluginCfg@@@std@@PAX@2@ABV?$basic_string@DU?$char_traits@D@std@@V?$allocator@D@2@@2@@Z 10011910 f i Setting.obj
 0001:00010a20       ?_Left@?$_Tree_val@U?$_Tree_simple_types@U?$pair@$$CBV?$basic_string@DU?$char_traits@D@std@@V?$allocator@D@2@@std@@UPluginCfg@@@std@@@std@@@std@@SAAAPAU?$_Tree_node@U?$pair@$$CBV?$basic_string@DU?$char_traits@D@std@@V?$allocator@D@2@@std@@UPluginCfg@@@std@@PAX@2@PAU32@@Z 10011a20 f i Setting.obj
 0001:00010a60       ?_Lmost@?$_Tree@V?$_Tmap_traits@V?$basic_string@DU?$char_traits@D@std@@V?$allocator@D@2@@std@@UPluginCfg@@U?$less@V?$basic_string@DU?$char_traits@D@std@@V?$allocator@D@2@@std@@@2@V?$allocator@U?$pair@$$CBV?$basic_string@DU?$char_traits@D@std@@V?$allocator@D@2@@std@@UPluginCfg@@@std@@@2@$0A@@std@@@std@@IBEAAPAU?$_Tree_node@U?$pair@$$CBV?$basic_string@DU?$char_traits@D@std@@V?$allocator@D@2@@std@@UPluginCfg@@@std@@PAX@2@XZ 10011a60 f i Setting.obj
 0001:00010ac0       ?_Lrotate@?$_Tree@V?$_Tmap_traits@V?$basic_string@DU?$char_traits@D@std@@V?$allocator@D@2@@std@@UPluginCfg@@U?$less@V?$basic_string@DU?$char_traits@D@std@@V?$allocator@D@2@@std@@@2@V?$allocator@U?$pair@$$CBV?$basic_string@DU?$char_traits@D@std@@V?$allocator@D@2@@std@@UPluginCfg@@@std@@@2@$0A@@std@@@std@@IAEXPAU?$_Tree_node@U?$pair@$$CBV?$basic_string@DU?$char_traits@D@std@@V?$allocator@D@2@@std@@UPluginCfg@@@std@@PAX@2@@Z 10011ac0 f i Setting.obj
 0001:00010c70       ?_Max@?$_Tree_val@U?$_Tree_simple_types@U?$pair@$$CBV?$basic_string@DU?$char_traits@D@std@@V?$allocator@D@2@@std@@UPluginCfg@@@std@@@std@@@std@@SAPAU?$_Tree_node@U?$pair@$$CBV?$basic_string@DU?$char_traits@D@std@@V?$allocator@D@2@@std@@UPluginCfg@@@std@@PAX@2@PAU32@@Z 10011c70 f i Setting.obj
 0001:00010cf0       ?_Min@?$_Tree_val@U?$_Tree_simple_types@U?$pair@$$CBV?$basic_string@DU?$char_traits@D@std@@V?$allocator@D@2@@std@@UPluginCfg@@@std@@@std@@@std@@SAPAU?$_Tree_node@U?$pair@$$CBV?$basic_string@DU?$char_traits@D@std@@V?$allocator@D@2@@std@@UPluginCfg@@@std@@PAX@2@PAU32@@Z 10011cf0 f i Setting.obj
 0001:00010d70       ?_Mynode@?$_Tree_unchecked_const_iterator@V?$_Tree_val@U?$_Tree_simple_types@U?$pair@$$CBV?$basic_string@DU?$char_traits@D@std@@V?$allocator@D@2@@std@@UPluginCfg@@@std@@@std@@@std@@U_Iterator_base12@2@@std@@QBEPAU?$_Tree_node@U?$pair@$$CBV?$basic_string@DU?$char_traits@D@std@@V?$allocator@D@2@@std@@UPluginCfg@@@std@@PAX@2@XZ 10011d70 f i Setting.obj
 0001:00010db0       ?_Myval@?$_Tree_val@U?$_Tree_simple_types@U?$pair@$$CBV?$basic_string@DU?$char_traits@D@std@@V?$allocator@D@2@@std@@UPluginCfg@@@std@@@std@@@std@@SAAAU?$pair@$$CBV?$basic_string@DU?$char_traits@D@std@@V?$allocator@D@2@@std@@UPluginCfg@@@2@PAU?$_Tree_node@U?$pair@$$CBV?$basic_string@DU?$char_traits@D@std@@V?$allocator@D@2@@std@@UPluginCfg@@@std@@PAX@2@@Z 10011db0 f i Setting.obj
 0001:00010df0       ?_Orphan_me@_Iterator_base12@std@@QAEXXZ 10011df0 f i Setting.obj
 0001:00010ec0       ?_Orphan_ptr@?$_Tree@V?$_Tmap_traits@V?$basic_string@DU?$char_traits@D@std@@V?$allocator@D@2@@std@@UPluginCfg@@U?$less@V?$basic_string@DU?$char_traits@D@std@@V?$allocator@D@2@@std@@@2@V?$allocator@U?$pair@$$CBV?$basic_string@DU?$char_traits@D@std@@V?$allocator@D@2@@std@@UPluginCfg@@@std@@@2@$0A@@std@@@std@@IBEXAAV12@PAU?$_Tree_node@U?$pair@$$CBV?$basic_string@DU?$char_traits@D@std@@V?$allocator@D@2@@std@@UPluginCfg@@@std@@PAX@2@@Z 10011ec0 f i Setting.obj
 0001:00011020       ?_Parent@?$_Tree_val@U?$_Tree_simple_types@U?$pair@$$CBV?$basic_string@DU?$char_traits@D@std@@V?$allocator@D@2@@std@@UPluginCfg@@@std@@@std@@@std@@SAAAPAU?$_Tree_node@U?$pair@$$CBV?$basic_string@DU?$char_traits@D@std@@V?$allocator@D@2@@std@@UPluginCfg@@@std@@PAX@2@PAU32@@Z 10012020 f i Setting.obj
 0001:00011060       ?_Right@?$_Tree_val@U?$_Tree_simple_types@U?$pair@$$CBV?$basic_string@DU?$char_traits@D@std@@V?$allocator@D@2@@std@@UPluginCfg@@@std@@@std@@@std@@SAAAPAU?$_Tree_node@U?$pair@$$CBV?$basic_string@DU?$char_traits@D@std@@V?$allocator@D@2@@std@@UPluginCfg@@@std@@PAX@2@PAU32@@Z 10012060 f i Setting.obj
 0001:000110a0       ?_Rmost@?$_Tree@V?$_Tmap_traits@V?$basic_string@DU?$char_traits@D@std@@V?$allocator@D@2@@std@@UPluginCfg@@U?$less@V?$basic_string@DU?$char_traits@D@std@@V?$allocator@D@2@@std@@@2@V?$allocator@U?$pair@$$CBV?$basic_string@DU?$char_traits@D@std@@V?$allocator@D@2@@std@@UPluginCfg@@@std@@@2@$0A@@std@@@std@@IBEAAPAU?$_Tree_node@U?$pair@$$CBV?$basic_string@DU?$char_traits@D@std@@V?$allocator@D@2@@std@@UPluginCfg@@@std@@PAX@2@XZ 100120a0 f i Setting.obj
 0001:00011100       ?_Root@?$_Tree@V?$_Tmap_traits@V?$basic_string@DU?$char_traits@D@std@@V?$allocator@D@2@@std@@UPluginCfg@@U?$less@V?$basic_string@DU?$char_traits@D@std@@V?$allocator@D@2@@std@@@2@V?$allocator@U?$pair@$$CBV?$basic_string@DU?$char_traits@D@std@@V?$allocator@D@2@@std@@UPluginCfg@@@std@@@2@$0A@@std@@@std@@IBEAAPAU?$_Tree_node@U?$pair@$$CBV?$basic_string@DU?$char_traits@D@std@@V?$allocator@D@2@@std@@UPluginCfg@@@std@@PAX@2@XZ 10012100 f i Setting.obj
 0001:00011160       ?_Rrotate@?$_Tree@V?$_Tmap_traits@V?$basic_string@DU?$char_traits@D@std@@V?$allocator@D@2@@std@@UPluginCfg@@U?$less@V?$basic_string@DU?$char_traits@D@std@@V?$allocator@D@2@@std@@@2@V?$allocator@U?$pair@$$CBV?$basic_string@DU?$char_traits@D@std@@V?$allocator@D@2@@std@@UPluginCfg@@@std@@@2@$0A@@std@@@std@@IAEXPAU?$_Tree_node@U?$pair@$$CBV?$basic_string@DU?$char_traits@D@std@@V?$allocator@D@2@@std@@UPluginCfg@@@std@@PAX@2@@Z 10012160 f i Setting.obj
 0001:00011310       ?_Tidy@?$_Tree@V?$_Tmap_traits@V?$basic_string@DU?$char_traits@D@std@@V?$allocator@D@2@@std@@UPluginCfg@@U?$less@V?$basic_string@DU?$char_traits@D@std@@V?$allocator@D@2@@std@@@2@V?$allocator@U?$pair@$$CBV?$basic_string@DU?$char_traits@D@std@@V?$allocator@D@2@@std@@UPluginCfg@@@std@@@2@$0A@@std@@@std@@IAEXXZ 10012310 f i Setting.obj
 0001:000114a0       ?add@Setting@@QAEHPBUPluginCfg@@@Z 100124a0 f   Setting.obj
 0001:00011850       ?allocate@?$_Wrap_alloc@V?$allocator@U?$_Tree_node@U?$pair@$$CBV?$basic_string@DU?$char_traits@D@std@@V?$allocator@D@2@@std@@UPluginCfg@@@std@@PAX@std@@@std@@@std@@QAEPAU?$_Tree_node@U?$pair@$$CBV?$basic_string@DU?$char_traits@D@std@@V?$allocator@D@2@@std@@UPluginCfg@@@std@@PAX@2@I@Z 10012850 f i Setting.obj
 0001:000118b0       ?allocate@?$_Wrap_alloc@V?$allocator@U_Container_proxy@std@@@std@@@std@@QAEPAU_Container_proxy@2@I@Z 100128b0 f i Setting.obj
 0001:00011910       ?allocate@?$allocator@U?$_Tree_node@U?$pair@$$CBV?$basic_string@DU?$char_traits@D@std@@V?$allocator@D@2@@std@@UPluginCfg@@@std@@PAX@std@@@std@@QAEPAU?$_Tree_node@U?$pair@$$CBV?$basic_string@DU?$char_traits@D@std@@V?$allocator@D@2@@std@@UPluginCfg@@@std@@PAX@2@I@Z 10012910 f i Setting.obj
 0001:00011970       ?append@?$basic_string@DU?$char_traits@D@std@@V?$allocator@D@2@@std@@QAEAAV12@ABV12@@Z 10012970 f i Setting.obj
 0001:000119d0       ?begin@?$_Tree@V?$_Tmap_traits@V?$basic_string@DU?$char_traits@D@std@@V?$allocator@D@2@@std@@UPluginCfg@@U?$less@V?$basic_string@DU?$char_traits@D@std@@V?$allocator@D@2@@std@@@2@V?$allocator@U?$pair@$$CBV?$basic_string@DU?$char_traits@D@std@@V?$allocator@D@2@@std@@UPluginCfg@@@std@@@2@$0A@@std@@@std@@QAE?AV?$_Tree_iterator@V?$_Tree_val@U?$_Tree_simple_types@U?$pair@$$CBV?$basic_string@DU?$char_traits@D@std@@V?$allocator@D@2@@std@@UPluginCfg@@@std@@@std@@@std@@@2@XZ 100129d0 f i Setting.obj
 0001:00011a40       ?clear@?$_Tree@V?$_Tmap_traits@V?$basic_string@DU?$char_traits@D@std@@V?$allocator@D@2@@std@@UPluginCfg@@U?$less@V?$basic_string@DU?$char_traits@D@std@@V?$allocator@D@2@@std@@@2@V?$allocator@U?$pair@$$CBV?$basic_string@DU?$char_traits@D@std@@V?$allocator@D@2@@std@@UPluginCfg@@@std@@@2@$0A@@std@@@std@@QAEXXZ 10012a40 f i Setting.obj
 0001:00011b00       ?compare@?$basic_string@DU?$char_traits@D@std@@V?$allocator@D@2@@std@@QBEHABV12@@Z 10012b00 f i Setting.obj
 0001:00011b80       ?compare@?$basic_string@DU?$char_traits@D@std@@V?$allocator@D@2@@std@@QBEHIIPBDI@Z 10012b80 f i Setting.obj
 0001:00011cf0       ?compare@?$basic_string@DU?$char_traits@D@std@@V?$allocator@D@2@@std@@QBEHPBD@Z 10012cf0 f i Setting.obj
 0001:00011d80       ?compare@?$char_traits@D@std@@SAHPBD0I@Z 10012d80 f i Setting.obj
 0001:00011e00       ?deallocate@?$_Wrap_alloc@V?$allocator@U?$_Tree_node@U?$pair@$$CBV?$basic_string@DU?$char_traits@D@std@@V?$allocator@D@2@@std@@UPluginCfg@@@std@@PAX@std@@@std@@@std@@QAEXPAU?$_Tree_node@U?$pair@$$CBV?$basic_string@DU?$char_traits@D@std@@V?$allocator@D@2@@std@@UPluginCfg@@@std@@PAX@2@I@Z 10012e00 f i Setting.obj
 0001:00011e60       ?deallocate@?$_Wrap_alloc@V?$allocator@U_Container_proxy@std@@@std@@@std@@QAEXPAU_Container_proxy@2@I@Z 10012e60 f i Setting.obj
 0001:00011ec0       ?deallocate@?$allocator@U?$_Tree_node@U?$pair@$$CBV?$basic_string@DU?$char_traits@D@std@@V?$allocator@D@2@@std@@UPluginCfg@@@std@@PAX@std@@@std@@QAEXPAU?$_Tree_node@U?$pair@$$CBV?$basic_string@DU?$char_traits@D@std@@V?$allocator@D@2@@std@@UPluginCfg@@@std@@PAX@2@I@Z 10012ec0 f i Setting.obj
 0001:00011f20       ?del@Setting@@QAEHV?$basic_string@DU?$char_traits@D@std@@V?$allocator@D@2@@std@@@Z 10012f20 f   Setting.obj
 0001:000120e0       ?end@?$_Tree@V?$_Tmap_traits@V?$basic_string@DU?$char_traits@D@std@@V?$allocator@D@2@@std@@UPluginCfg@@U?$less@V?$basic_string@DU?$char_traits@D@std@@V?$allocator@D@2@@std@@@2@V?$allocator@U?$pair@$$CBV?$basic_string@DU?$char_traits@D@std@@V?$allocator@D@2@@std@@UPluginCfg@@@std@@@2@$0A@@std@@@std@@QAE?AV?$_Tree_iterator@V?$_Tree_val@U?$_Tree_simple_types@U?$pair@$$CBV?$basic_string@DU?$char_traits@D@std@@V?$allocator@D@2@@std@@UPluginCfg@@@std@@@std@@@std@@@2@XZ 100130e0 f i Setting.obj
 0001:00012150       ?equal_range@?$_Tree@V?$_Tmap_traits@V?$basic_string@DU?$char_traits@D@std@@V?$allocator@D@2@@std@@UPluginCfg@@U?$less@V?$basic_string@DU?$char_traits@D@std@@V?$allocator@D@2@@std@@@2@V?$allocator@U?$pair@$$CBV?$basic_string@DU?$char_traits@D@std@@V?$allocator@D@2@@std@@UPluginCfg@@@std@@@2@$0A@@std@@@std@@QAE?AU?$pair@V?$_Tree_iterator@V?$_Tree_val@U?$_Tree_simple_types@U?$pair@$$CBV?$basic_string@DU?$char_traits@D@std@@V?$allocator@D@2@@std@@UPluginCfg@@@std@@@std@@@std@@@std@@V12@@2@ABV?$basic_string@DU?$char_traits@D@std@@V?$allocator@D@2@@2@@Z 10013150 f i Setting.obj
 0001:00012260       ?erase@?$_Tree@V?$_Tmap_traits@V?$basic_string@DU?$char_traits@D@std@@V?$allocator@D@2@@std@@UPluginCfg@@U?$less@V?$basic_string@DU?$char_traits@D@std@@V?$allocator@D@2@@std@@@2@V?$allocator@U?$pair@$$CBV?$basic_string@DU?$char_traits@D@std@@V?$allocator@D@2@@std@@UPluginCfg@@@std@@@2@$0A@@std@@@std@@QAE?AV?$_Tree_iterator@V?$_Tree_val@U?$_Tree_simple_types@U?$pair@$$CBV?$basic_string@DU?$char_traits@D@std@@V?$allocator@D@2@@std@@UPluginCfg@@@std@@@std@@@std@@@2@V?$_Tree_const_iterator@V?$_Tree_val@U?$_Tree_simple_types@U?$pair@$$CBV?$basic_string@DU?$char_traits@D@std@@V?$allocator@D@2@@std@@UPluginCfg@@@std@@@std@@@std@@@2@0@Z 10013260 f i Setting.obj
 0001:00012580       ?erase@?$_Tree@V?$_Tmap_traits@V?$basic_string@DU?$char_traits@D@std@@V?$allocator@D@2@@std@@UPluginCfg@@U?$less@V?$basic_string@DU?$char_traits@D@std@@V?$allocator@D@2@@std@@@2@V?$allocator@U?$pair@$$CBV?$basic_string@DU?$char_traits@D@std@@V?$allocator@D@2@@std@@UPluginCfg@@@std@@@2@$0A@@std@@@std@@QAE?AV?$_Tree_iterator@V?$_Tree_val@U?$_Tree_simple_types@U?$pair@$$CBV?$basic_string@DU?$char_traits@D@std@@V?$allocator@D@2@@std@@UPluginCfg@@@std@@@std@@@std@@@2@V?$_Tree_const_iterator@V?$_Tree_val@U?$_Tree_simple_types@U?$pair@$$CBV?$basic_string@DU?$char_traits@D@std@@V?$allocator@D@2@@std@@UPluginCfg@@@std@@@std@@@std@@@2@@Z 10013580 f i Setting.obj
[...]
 0003:000035e8       ?ExtProgramPath@@3PADA     101a75e8     ServerPlugin.obj
 0003:000036ec       ?ExtServer@@3PAUCServerInterface@@A 101a76ec     ServerPlugin.obj
 0003:000036f4       ?trade@@3VSocialTrade@@A   101a76f4     ServerPlugin.obj
 0003:00003708       ?ExtSync@@3VCSync@@A       101a7708     ServerPlugin.obj
 0003:00003764       ?setting@@3VSetting@@A     101a7764     Setting.obj
 0003:00003778       ?turnSync@@3VCSync@@A      101a7778     SocialTrade.obj
 0003:00003798       ?soc_server@@3VSocketServer@@A 101a7798     SocketServer.obj
 0003:00003e5c       _sqlite3_temp_directory    101a7e5c     sqlite3.obj
 0003:00003e80       _sqlite3_data_directory    101a7e80     sqlite3.obj
 0003:000042a0       ?sql@@3VSQLite@@A          101a82a0     SQLite.obj
 0003:000042bc       ___@@_PchSym_@00@UdlipUnbLkiltiznUxlkbhbhgvnUwvyftUhgwzucOlyq@752052EFD0DC0B3 101a82bc     StdAfx.obj
 0003:00004338       ___fastflag                101a8338     LIBCMTD:fpinit.obj
 0003:0000433c       ___pInvalidArgHandler      101a833c     LIBCMTD:invarg.obj
 0003:00004664       ?_pfnDumpClient@@3P6AXPAXI@ZA 101a8664     LIBCMTD:dbgheap.obj
 0003:00004668       ___crtDebugCheckCount      101a8668     LIBCMTD:dbgheap.obj
 0003:00004694       ?wsprintffp@@3P6AHPADPBDZZA 101a8694     LIBCMTD:error.obj
 0003:0000469c       __aenvptr                  101a869c     LIBCMTD:dllcrt0.obj
 0003:000046a0       __wenvptr                  101a86a0     LIBCMTD:dllcrt0.obj
 0003:00004810       ___app_type                101a8810     LIBCMTD:crt0msg.obj
 0003:00004e40       ___pPurecall               101a8e40     LIBCMTD:inithelp.obj
 0003:00004e44       ?_pnhHeap@@3P6AHI@ZA       101a8e44     LIBCMTD:handler.obj
 0003:00004e48       __C_Exit_Done              101a8e48     LIBCMTD:crt0dat.obj
 0003:00004e50       ___argc                    101a8e50     LIBCMTD:crt0dat.obj
 0003:00004e54       ___argv                    101a8e54     LIBCMTD:crt0dat.obj
 0003:00004e58       ___wargv                   101a8e58     LIBCMTD:crt0dat.obj
 0003:00004e5c       __environ                  101a8e5c     LIBCMTD:crt0dat.obj
 0003:00004e60       __wenviron                 101a8e60     LIBCMTD:crt0dat.obj
 0003:00004e64       __pgmptr                   101a8e64     LIBCMTD:crt0dat.obj
 0003:00004e68       __wpgmptr                  101a8e68     LIBCMTD:crt0dat.obj
 0003:00004e6c       __umaskval                 101a8e6c     LIBCMTD:crt0dat.obj
 0003:00004e70       __exitflag                 101a8e70     LIBCMTD:crt0dat.obj
 0003:00004e74       __C_Termination_Done       101a8e74     LIBCMTD:crt0dat.obj
 0003:00004e78       ___winitenv                101a8e78     LIBCMTD:crt0dat.obj
 0003:00004e7c       ___initenv                 101a8e7c     LIBCMTD:crt0dat.obj
 0003:00004e80       ___isa_available           101a8e80     LIBCMTD:cpu_disp.obj
 0003:00004e84       ___favor                   101a8e84     LIBCMTD:cpu_disp.obj
 0003:00004e90       ?__pInconsistency@@3P6AXXZA 101a8e90     LIBCMTD:hooks.obj
 0003:00004e9c       __cflush                   101a8e9c     LIBCMTD:_file.obj
 0003:00004ea0       __stdbuf                   101a8ea0     LIBCMTD:_sftbuf.obj
 0003:00004ea8       ___ioInitOnce              101a8ea8     LIBCMTD:ioinit.obj
 0003:00004eac       ___mblocalename            101a8eac     LIBCMTD:mbctype.obj
 0003:00004eb0       ___mbcodepage              101a8eb0     LIBCMTD:mbctype.obj
 0003:00004eb4       ___ismbcodepage            101a8eb4     LIBCMTD:mbctype.obj
 0003:00004eb8       ___mbulinfo                101a8eb8     LIBCMTD:mbctype.obj
 0003:00004ec8       ___locale_changed          101a8ec8     LIBCMTD:wsetloca.obj
 0003:00004ef4       __newmode                  101a8ef4     LIBCMTD:_newmode.obj
 0003:00004ef8       __crtheap                  101a8ef8     LIBCMTD:heapinit.obj
 0003:000050d0       ___error_mode              101a90d0     LIBCMTD:errmode.obj
 0003:000050d8       ?pArgList@UnDecorator@@0PAVReplicator@@A 101a90d8     LIBCMTD:undname.obj
 0003:000050dc       ?pZNameList@UnDecorator@@0PAVReplicator@@A 101a90dc     LIBCMTD:undname.obj
 0003:000050e0       ?pTemplateArgList@UnDecorator@@0PAVReplicator@@A 101a90e0     LIBCMTD:undname.obj
 0003:000050e4       ?gName@UnDecorator@@0PBDB  101a90e4     LIBCMTD:undname.obj
 0003:000050e8       ?name@UnDecorator@@0PBDB   101a90e8     LIBCMTD:undname.obj
 0003:000050ec       ?outputString@UnDecorator@@0PADA 101a90ec     LIBCMTD:undname.obj
 0003:000050f0       ?maxStringLength@UnDecorator@@0HA 101a90f0     LIBCMTD:undname.obj
 0003:000050f4       ?disableFlags@UnDecorator@@0KA 101a90f4     LIBCMTD:undname.obj
 0003:000050f8       ?fExplicitTemplateParams@UnDecorator@@0_NA 101a90f8     LIBCMTD:undname.obj
 0003:000050f9       ?fGetTemplateArgumentList@UnDecorator@@0_NA 101a90f9     LIBCMTD:undname.obj
 0003:000050fc       ?m_pGetParameter@UnDecorator@@0P6APADJ@ZA 101a90fc     LIBCMTD:undname.obj
 0003:00005168       ?nodes@?1??make@DNameStatusNode@@SAPAV2@W4DNameStatus@@@Z@4PAV2@A 101a9168     LIBCMTD:undname.obj
 0003:00005198       ??_B?1??make@DNameStatusNode@@SAPAV1@W4DNameStatus@@@Z@51 101a9198     LIBCMTD:undname.obj
 0003:0000519c       __outputformat             101a919c     LIBCMTD:outputformat.obj
 0003:000051a0       __commode                  101a91a0     LIBCMTD:ncommode.obj
 0003:000051a8       ___lconv_static_null       101a91a8     LIBCMTD:lconv.obj
 0003:000051ac       ___lconv_static_W_null     101a91ac     LIBCMTD:lconv.obj
 0003:000051b0       __fmode                    101a91b0     LIBCMTD:txtmode.obj
 0003:000051b4       __pReportHookListW         101a91b4     <common>
 0003:000051c4       __pReportHookList          101a91c4     <common>
 0003:000051c8       __pfnReportHook            101a91c8     <common>
 0003:000051cc       ___unguarded_readlc_active 101a91cc     <common>
 0003:000051dc       ___setlc_active            101a91dc     <common>
 0003:000051e0       __debugger_hook_dummy      101a91e0     <common>
 0003:000051ec       __nhandle                  101a91ec     <common>
 0003:00005240       ___pioinfo                 101a9240     <common>
 0003:00005340       ___piob                    101a9340     <common>
 0003:00005680       __nstream                  101a9680     <common>
 0003:000056a0       __bufin                    101a96a0     <common>
 0003:000066a0       ___dyn_tls_init_callback   101aa6a0     <common>
 0003:000066b0       ___onexitend               101aa6b0     <common>
 0003:000066b4       ___onexitbegin             101aa6b4     <common>
 0003:000066b8       ___mbctype_initialized     101aa6b8     <common>
 0003:000066bc       ___env_initialized         101aa6bc     <common>
 0003:000066c0       __acmdln                   101aa6c0     <common>
 0004:00000000       __IMPORT_DESCRIPTOR_KERNEL32 101ab000     kernel32:KERNEL32.dll
 0004:00000014       __IMPORT_DESCRIPTOR_WS2_32 101ab014     ws2_32:WS2_32.dll
 0004:00000028       __NULL_IMPORT_DESCRIPTOR   101ab028     kernel32:KERNEL32.dll
 0004:0000036c       __imp__InitializeCriticalSection@4 101ab36c     kernel32:KERNEL32.dll
 0004:00000370       __imp__DeleteCriticalSection@4 101ab370     kernel32:KERNEL32.dll
 0004:00000374       __imp__EnterCriticalSection@4 101ab374     kernel32:KERNEL32.dll
 0004:00000378       __imp__LeaveCriticalSection@4 101ab378     kernel32:KERNEL32.dll
 0004:0000037c       __imp__GetLocalTime@4      101ab37c     kernel32:KERNEL32.dll
 0004:00000380       __imp__GetModuleFileNameA@12 101ab380     kernel32:KERNEL32.dll
 0004:00000384       __imp__CloseHandle@4       101ab384     kernel32:KERNEL32.dll
 0004:00000388       __imp__WaitForSingleObject@8 101ab388     kernel32:KERNEL32.dll
 0004:0000038c       __imp__TerminateThread@8   101ab38c     kernel32:KERNEL32.dll
 0004:00000390       __imp__DeleteFileA@4       101ab390     kernel32:KERNEL32.dll
 0004:00000394       __imp__AreFileApisANSI@0   101ab394     kernel32:KERNEL32.dll
 0004:00000398       __imp__GetSystemTime@4     101ab398     kernel32:KERNEL32.dll
 0004:0000039c       __imp__LocalFree@4         101ab39c     kernel32:KERNEL32.dll
 0004:000003a0       __imp__GetTempPathA@8      101ab3a0     kernel32:KERNEL32.dll
 0004:000003a4       __imp__GetCurrentProcessId@0 101ab3a4     kernel32:KERNEL32.dll
 0004:000003a8       __imp__DeleteFileW@4       101ab3a8     kernel32:KERNEL32.dll
 0004:000003ac       __imp__GetVersionExA@4     101ab3ac     kernel32:KERNEL32.dll
 0004:000003b0       __imp__OutputDebugStringA@4 101ab3b0     kernel32:KERNEL32.dll
 0004:000003b4       __imp__GetFileAttributesExW@12 101ab3b4     kernel32:KERNEL32.dll
 0004:000003b8       __imp__GetSystemInfo@4     101ab3b8     kernel32:KERNEL32.dll
 0004:000003bc       __imp__GetDiskFreeSpaceA@20 101ab3bc     kernel32:KERNEL32.dll
 0004:000003c0       __imp__CreateFileMappingW@24 101ab3c0     kernel32:KERNEL32.dll
 0004:000003c4       __imp__CreateFileMappingA@24 101ab3c4     kernel32:KERNEL32.dll
 0004:000003c8       __imp__LoadLibraryA@4      101ab3c8     kernel32:KERNEL32.dll
 0004:000003cc       __imp__GetDiskFreeSpaceW@20 101ab3cc     kernel32:KERNEL32.dll
 0004:000003d0       __imp__LockFileEx@24       101ab3d0     kernel32:KERNEL32.dll
 0004:000003d4       __imp__HeapSize@12         101ab3d4     kernel32:KERNEL32.dll
 0004:000003d8       __imp__GetProcAddress@8    101ab3d8     kernel32:KERNEL32.dll
 0004:000003dc       __imp__GetLastError@0      101ab3dc     kernel32:KERNEL32.dll
 0004:000003e0       __imp__GetTempPathW@8      101ab3e0     kernel32:KERNEL32.dll
 0004:000003e4       __imp__FlushFileBuffers@4  101ab3e4     kernel32:KERNEL32.dll
 0004:000003e8       __imp__MultiByteToWideChar@24 101ab3e8     kernel32:KERNEL32.dll
 0004:000003ec       __imp__CreateFileW@28      101ab3ec     kernel32:KERNEL32.dll
 0004:000003f0       __imp__ReadFile@20         101ab3f0     kernel32:KERNEL32.dll
 0004:000003f4       __imp__GetFileAttributesW@4 101ab3f4     kernel32:KERNEL32.dll
 0004:000003f8       __imp__HeapValidate@12     101ab3f8     kernel32:KERNEL32.dll
 0004:000003fc       __imp__HeapCreate@12       101ab3fc     kernel32:KERNEL32.dll
 0004:00000400       __imp__GetFileAttributesA@4 101ab400     kernel32:KERNEL32.dll
 0004:00000404       __imp__HeapDestroy@4       101ab404     kernel32:KERNEL32.dll
 0004:00000408       __imp__GetVersionExW@4     101ab408     kernel32:KERNEL32.dll
 0004:0000040c       __imp__FormatMessageW@28   101ab40c     kernel32:KERNEL32.dll
 0004:00000410       __imp__Sleep@4             101ab410     kernel32:KERNEL32.dll
 0004:00000414       __imp__LoadLibraryW@4      101ab414     kernel32:KERNEL32.dll
 0004:00000418       __imp__WideCharToMultiByte@32 101ab418     kernel32:KERNEL32.dll
 0004:0000041c       __imp__WriteFile@20        101ab41c     kernel32:KERNEL32.dll
 0004:00000420       __imp__FormatMessageA@28   101ab420     kernel32:KERNEL32.dll
 0004:00000424       __imp__GetSystemTimeAsFileTime@4 101ab424     kernel32:KERNEL32.dll
 0004:00000428       __imp__GetProcessHeap@0    101ab428     kernel32:KERNEL32.dll
 0004:0000042c       __imp__UnlockFileEx@20     101ab42c     kernel32:KERNEL32.dll
 0004:00000430       __imp__GetTickCount@0      101ab430     kernel32:KERNEL32.dll
 0004:00000434       __imp__OutputDebugStringW@4 101ab434     kernel32:KERNEL32.dll
 0004:00000438       __imp__WaitForSingleObjectEx@12 101ab438     kernel32:KERNEL32.dll
 0004:0000043c       __imp__LockFile@20         101ab43c     kernel32:KERNEL32.dll
 0004:00000440       __imp__FlushViewOfFile@8   101ab440     kernel32:KERNEL32.dll
 0004:00000444       __imp__UnlockFile@20       101ab444     kernel32:KERNEL32.dll
 0004:00000448       __imp__InterlockedCompareExchange@12 101ab448     kernel32:KERNEL32.dll
 0004:0000044c       __imp__HeapFree@12         101ab44c     kernel32:KERNEL32.dll
 0004:00000450       __imp__QueryPerformanceCounter@4 101ab450     kernel32:KERNEL32.dll
 0004:00000454       __imp__SystemTimeToFileTime@8 101ab454     kernel32:KERNEL32.dll
 0004:00000458       __imp__HeapAlloc@12        101ab458     kernel32:KERNEL32.dll
 0004:0000045c       __imp__FreeLibrary@4       101ab45c     kernel32:KERNEL32.dll
 0004:00000460       __imp__SetEndOfFile@4      101ab460     kernel32:KERNEL32.dll
 0004:00000464       __imp__UnmapViewOfFile@4   101ab464     kernel32:KERNEL32.dll
 0004:00000468       __imp__MapViewOfFile@20    101ab468     kernel32:KERNEL32.dll
 0004:0000046c       __imp__SetFilePointer@16   101ab46c     kernel32:KERNEL32.dll
 0004:00000470       __imp__HeapCompact@8       101ab470     kernel32:KERNEL32.dll
 0004:00000474       __imp__CreateMutexW@12     101ab474     kernel32:KERNEL32.dll
 0004:00000478       __imp__GetFileSize@8       101ab478     kernel32:KERNEL32.dll
 0004:0000047c       __imp__CreateFileA@28      101ab47c     kernel32:KERNEL32.dll
 0004:00000480       __imp__HeapReAlloc@16      101ab480     kernel32:KERNEL32.dll
 0004:00000484       __imp__GetFullPathNameA@16 101ab484     kernel32:KERNEL32.dll
 0004:00000488       __imp__GetFullPathNameW@16 101ab488     kernel32:KERNEL32.dll
 0004:0000048c       __imp__TryEnterCriticalSection@4 101ab48c     kernel32:KERNEL32.dll
 0004:00000490       __imp__GetCurrentThreadId@0 101ab490     kernel32:KERNEL32.dll
 0004:00000494       __imp__GetStringTypeW@16   101ab494     kernel32:KERNEL32.dll
 0004:00000498       __imp__SetFilePointerEx@20 101ab498     kernel32:KERNEL32.dll
 0004:0000049c       __imp__SetEnvironmentVariableA@8 101ab49c     kernel32:KERNEL32.dll
 0004:000004a0       __imp__EnumSystemLocalesEx@16 101ab4a0     kernel32:KERNEL32.dll
 0004:000004a4       __imp__IsValidLocaleName@4 101ab4a4     kernel32:KERNEL32.dll
 0004:000004a8       __imp__LCMapStringEx@36    101ab4a8     kernel32:KERNEL32.dll
 0004:000004ac       __imp__GetUserDefaultLocaleName@8 101ab4ac     kernel32:KERNEL32.dll
 0004:000004b0       __imp__GetLocaleInfoEx@16  101ab4b0     kernel32:KERNEL32.dll
 0004:000004b4       __imp__CompareStringEx@36  101ab4b4     kernel32:KERNEL32.dll
 0004:000004b8       __imp__GetDateFormatEx@28  101ab4b8     kernel32:KERNEL32.dll
 0004:000004bc       __imp__GetTimeFormatEx@24  101ab4bc     kernel32:KERNEL32.dll
 0004:000004c0       __imp__FreeEnvironmentStringsW@4 101ab4c0     kernel32:KERNEL32.dll
 0004:000004c4       __imp__GetEnvironmentStringsW@0 101ab4c4     kernel32:KERNEL32.dll
 0004:000004c8       __imp__GetTickCount64@0    101ab4c8     kernel32:KERNEL32.dll
 0004:000004cc       __imp__VirtualQuery@12     101ab4cc     kernel32:KERNEL32.dll
 0004:000004d0       __imp__GetTimeZoneInformation@4 101ab4d0     kernel32:KERNEL32.dll
 0004:000004d4       __imp__InterlockedIncrement@4 101ab4d4     kernel32:KERNEL32.dll
 0004:000004d8       __imp__InterlockedDecrement@4 101ab4d8     kernel32:KERNEL32.dll
 0004:000004dc       __imp__InitializeCriticalSectionEx@12 101ab4dc     kernel32:KERNEL32.dll
 0004:000004e0       __imp__InterlockedExchange@8 101ab4e0     kernel32:KERNEL32.dll
 0004:000004e4       __imp__EncodePointer@4     101ab4e4     kernel32:KERNEL32.dll
 0004:000004e8       __imp__DecodePointer@4     101ab4e8     kernel32:KERNEL32.dll
 0004:000004ec       __imp__RaiseException@16   101ab4ec     kernel32:KERNEL32.dll
 0004:000004f0       __imp__RtlUnwind@16        101ab4f0     kernel32:KERNEL32.dll
 0004:000004f4       __imp__IsDebuggerPresent@0 101ab4f4     kernel32:KERNEL32.dll
 0004:000004f8       __imp__IsProcessorFeaturePresent@4 101ab4f8     kernel32:KERNEL32.dll
 0004:000004fc       __imp__GetModuleFileNameW@12 101ab4fc     kernel32:KERNEL32.dll
 0004:00000500       __imp__GetModuleHandleExW@12 101ab500     kernel32:KERNEL32.dll
 0004:00000504       __imp__CreateThread@24     101ab504     kernel32:KERNEL32.dll
 0004:00000508       __imp__ExitThread@4        101ab508     kernel32:KERNEL32.dll
 0004:0000050c       __imp__ResumeThread@4      101ab50c     kernel32:KERNEL32.dll
 0004:00000510       __imp__LoadLibraryExW@12   101ab510     kernel32:KERNEL32.dll
 0004:00000514       __imp__lstrlenA@4          101ab514     kernel32:KERNEL32.dll
 0004:00000518       __imp__GetCommandLineA@0   101ab518     kernel32:KERNEL32.dll
 0004:0000051c       __imp__InitializeCriticalSectionAndSpinCount@8 101ab51c     kernel32:KERNEL32.dll
 0004:00000520       __imp__FatalAppExitA@8     101ab520     kernel32:KERNEL32.dll
 0004:00000524       __imp__GetStdHandle@4      101ab524     kernel32:KERNEL32.dll
 0004:00000528       __imp__ExitProcess@4       101ab528     kernel32:KERNEL32.dll
 0004:0000052c       __imp__SetLastError@4      101ab52c     kernel32:KERNEL32.dll
 0004:00000530       __imp__GetCurrentThread@0  101ab530     kernel32:KERNEL32.dll
 0004:00000534       __imp__GetConsoleCP@0      101ab534     kernel32:KERNEL32.dll
 0004:00000538       __imp__GetConsoleMode@8    101ab538     kernel32:KERNEL32.dll
 0004:0000053c       __imp__GetFileType@4       101ab53c     kernel32:KERNEL32.dll
 0004:00000540       __imp__InitOnceExecuteOnce@16 101ab540     kernel32:KERNEL32.dll
 0004:00000544       __imp__GetStartupInfoW@4   101ab544     kernel32:KERNEL32.dll
 0004:00000548       __imp__ReadConsoleW@20     101ab548     kernel32:KERNEL32.dll
 0004:0000054c       __imp__SetStdHandle@8      101ab54c     kernel32:KERNEL32.dll
 0004:00000550       __imp__UnhandledExceptionFilter@4 101ab550     kernel32:KERNEL32.dll
 0004:00000554       __imp__SetUnhandledExceptionFilter@4 101ab554     kernel32:KERNEL32.dll
 0004:00000558       __imp__FlsAlloc@4          101ab558     kernel32:KERNEL32.dll
 0004:0000055c       __imp__FlsGetValue@4       101ab55c     kernel32:KERNEL32.dll
 0004:00000560       __imp__FlsSetValue@8       101ab560     kernel32:KERNEL32.dll
 0004:00000564       __imp__FlsFree@4           101ab564     kernel32:KERNEL32.dll
 0004:00000568       __imp__GetCurrentProcess@0 101ab568     kernel32:KERNEL32.dll
 0004:0000056c       __imp__TerminateProcess@8  101ab56c     kernel32:KERNEL32.dll
 0004:00000570       __imp__GetModuleHandleW@4  101ab570     kernel32:KERNEL32.dll
 0004:00000574       __imp__IsValidCodePage@4   101ab574     kernel32:KERNEL32.dll
 0004:00000578       __imp__GetACP@0            101ab578     kernel32:KERNEL32.dll
 0004:0000057c       __imp__GetOEMCP@0          101ab57c     kernel32:KERNEL32.dll
 0004:00000580       __imp__GetCPInfo@8         101ab580     kernel32:KERNEL32.dll
 0004:00000584       __imp__SetConsoleCtrlHandler@8 101ab584     kernel32:KERNEL32.dll
 0004:00000588       __imp__WriteConsoleW@20    101ab588     kernel32:KERNEL32.dll
 0004:0000058c       __imp__HeapQueryInformation@20 101ab58c     kernel32:KERNEL32.dll
 0004:00000590       \177KERNEL32_NULL_THUNK_DATA 101ab590     kernel32:KERNEL32.dll
 0004:00000628       __imp__WSAGetLastError@0   101ab628     ws2_32:WS2_32.dll
 0004:0000062c       __imp__socket@12           101ab62c     ws2_32:WS2_32.dll
 0004:00000630       __imp__send@16             101ab630     ws2_32:WS2_32.dll
 0004:00000634       __imp__recv@16             101ab634     ws2_32:WS2_32.dll
 0004:00000638       __imp__listen@8            101ab638     ws2_32:WS2_32.dll
 0004:0000063c       __imp__htons@4             101ab63c     ws2_32:WS2_32.dll
 0004:00000640       __imp__htonl@4             101ab640     ws2_32:WS2_32.dll
 0004:00000644       __imp__closesocket@4       101ab644     ws2_32:WS2_32.dll
 0004:00000648       __imp__bind@12             101ab648     ws2_32:WS2_32.dll
 0004:0000064c       __imp__accept@12           101ab64c     ws2_32:WS2_32.dll
 0004:00000650       __imp__WSACleanup@0        101ab650     ws2_32:WS2_32.dll
 0004:00000654       __imp__WSAStartup@8        101ab654     ws2_32:WS2_32.dll
 0004:00000658       __imp__gethostbyname@4     101ab658     ws2_32:WS2_32.dll
 0004:0000065c       __imp__inet_ntoa@4         101ab65c     ws2_32:WS2_32.dll
 0004:00000660       __imp__gethostname@8       101ab660     ws2_32:WS2_32.dll
 0004:00000664       \177WS2_32_NULL_THUNK_DATA 101ab664     ws2_32:WS2_32.dll

 entry point at        0001:00113d10

