 copytrade

 Timestamp is 58d147cc (Tue Mar 21 17:33:32 2017)

 Preferred load address is 10000000

 Start         Length     Name                   Class
 0001:00000000 00171c7fH .text                   CODE
 0001:00171c80 000047b6H .text$x                 CODE
 0001:00176440 00002ca8H .text$yc                CODE
 0001:001790f0 00001ab2H .text$yd                CODE
 0002:00000000 00000104H .CRT$XCA                DATA
 0002:00000104 00000104H .CRT$XCC                DATA
 0002:00000208 000001c4H .CRT$XCU                DATA
 0002:000003cc 00000104H .CRT$XCZ                DATA
 0002:000004d0 00000104H .CRT$XIA                DATA
 0002:000005d4 00000113H .CRT$XIC                DATA
 0002:000006e8 00000104H .CRT$XIZ                DATA
 0002:000007ec 00000104H .CRT$XPA                DATA
 0002:000008f0 00000109H .CRT$XPX                DATA
 0002:000009fc 00000104H .CRT$XPXA               DATA
 0002:00000b00 00000104H .CRT$XPZ                DATA
 0002:00000c04 00000104H .CRT$XTA                DATA
 0002:00000d08 00000104H .CRT$XTZ                DATA
 0002:00000e10 00024da2H .rdata                  DATA
 0002:00025bb4 00000173H .rdata$debug            DATA
 0002:00025d28 00000a07H .rdata$r                DATA
 0002:00026730 000004acH .rdata$sxdata           DATA
 0002:00026bdc 00000104H .rtc$IAA                DATA
 0002:00026ce0 0000012bH .rtc$IMZ                DATA
 0002:00026e0c 00000104H .rtc$IZZ                DATA
 0002:00026f10 00000104H .rtc$TAA                DATA
 0002:00027014 0000012bH .rtc$TMZ                DATA
 0002:00027140 00000104H .rtc$TZZ                DATA
 0002:00027248 00004aabH .xdata$x                DATA
 0002:0002bd00 000002e4H .edata                  DATA
 0003:00000000 00003385H .data                   DATA
 0003:000033a0 00003360H .bss                    DATA
 0004:00000000 00000028H .idata$2                DATA
 0004:00000028 00000014H .idata$3                DATA
 0004:0000003c 00000328H .idata$4                DATA
 0004:00000364 00000328H .idata$5                DATA
 0004:0000068c 00000bc9H .idata$6                DATA
 0005:00000000 000001c0H .rsrc$01                DATA
 0005:000001c0 000007d3H .rsrc$02                DATA

  Address         Publics by Value              Rva+Base       Lib:Object

 0000:00000000       __except_list              00000000     <absolute>
 0000:000000c4       ___safe_se_handler_count   000000c4     <absolute>
 0000:00000000       ___ImageBase               10000000     <linker-defined>
 0001:00003250       ??$_Allocate@D@std@@YAPADIPAD@Z 10004250 f i common.obj
 0001:000032d0       ??$_Allocate@U_Container_proxy@std@@@std@@YAPAU_Container_proxy@0@IPAU10@@Z 100042d0 f i common.obj
 0001:00003360       ??$_Debug_pointer@D@std@@YAXPBDPB_WI@Z 10004360 f i common.obj
 0001:000033c0       ??$addressof@D@std@@YAPADAAD@Z 100043c0 f i common.obj
 0001:00003400       ??$construct@PADAAPAD@?$_Wrap_alloc@V?$allocator@D@std@@@std@@QAEXPAPADAAPAD@Z 10004400 f i common.obj
 0001:00003470       ??$construct@PADAAPAD@?$allocator@D@std@@QAEXPAPADAAPAD@Z 10004470 f i common.obj
 0001:00003570       ??$construct@PADAAPAD@?$allocator_traits@V?$allocator@D@std@@@std@@SAXAAV?$allocator@D@1@PAPADAAPAD@Z 10004570 f i common.obj
 0001:000035d0       ??$construct@U_Container_proxy@std@@U12@@?$allocator@U_Container_proxy@std@@@std@@QAEXPAU_Container_proxy@1@$$QAU21@@Z 100045d0 f i common.obj
 0001:000036e0       ??$destroy@PAD@?$_Wrap_alloc@V?$allocator@D@std@@@std@@QAEXPAPAD@Z 100046e0 f i common.obj
 0001:00003740       ??$destroy@PAD@?$allocator@D@std@@QAEXPAPAD@Z 10004740 f i common.obj
 0001:00003780       ??$destroy@PAD@?$allocator_traits@V?$allocator@D@std@@@std@@SAXAAV?$allocator@D@1@PAPAD@Z 10004780 f i common.obj
 0001:000037d0       ??$destroy@U_Container_proxy@std@@@?$allocator@U_Container_proxy@std@@@std@@QAEXPAU_Container_proxy@1@@Z 100047d0 f i common.obj
 0001:00003810       ??$forward@AAPAD@std@@YAAAPADAAPAD@Z 10004810 f i common.obj
 0001:00003850       ??$forward@U_Container_proxy@std@@@std@@YA$$QAU_Container_proxy@0@AAU10@@Z 10004850 f i common.obj
 0001:00003890       ??0?$_String_alloc@$0A@U?$_String_base_types@DV?$allocator@D@std@@@std@@@std@@QAE@ABV?$allocator@D@1@@Z 10004890 f i common.obj
 0001:00003940       ??0?$_String_val@U?$_Simple_types@D@std@@@std@@QAE@XZ 10004940 f i common.obj
 0001:000039b0       ??0?$_Wrap_alloc@V?$allocator@D@std@@@std@@QAE@XZ 100049b0 f i common.obj
 0001:00003a10       ??0?$allocator@D@std@@QAE@XZ 10004a10 f i common.obj
 0001:00003a50       ??0?$allocator@U_Container_proxy@std@@@std@@QAE@XZ 10004a50 f i common.obj
 0001:00003a90       ??0?$basic_string@DU?$char_traits@D@std@@V?$allocator@D@2@@std@@QAE@PBD@Z 10004a90 f i common.obj
 0001:00003b60       ??0CSync@@QAE@XZ           10004b60 f i common.obj
 0001:00003be0       ??0_Container_base12@std@@QAE@XZ 10004be0 f i common.obj
 0001:00003c30       ??0_Container_proxy@std@@QAE@XZ 10004c30 f i common.obj
 0001:00003c80       ??0_Generic_error_category@std@@QAE@XZ 10004c80 f i common.obj
 0001:00003ce0       ??0_Iostream_error_category@std@@QAE@XZ 10004ce0 f i common.obj
 0001:00003d40       ??0_System_error_category@std@@QAE@XZ 10004d40 f i common.obj
 0001:00003da0       ??0error_category@std@@QAE@XZ 10004da0 f i common.obj
 0001:00003df0       ??0error_condition@std@@QAE@HABVerror_category@1@@Z 10004df0 f i common.obj
 0001:00003e40       ??0id@locale@std@@QAE@I@Z  10004e40 f i common.obj
 0001:00003e90       ??1?$_String_alloc@$0A@U?$_String_base_types@DV?$allocator@D@std@@@std@@@std@@QAE@XZ 10004e90 f i common.obj
 0001:00003ef0       ??1?$_String_val@U?$_Simple_types@D@std@@@std@@QAE@XZ 10004ef0 f i common.obj
 0001:00003f40       ??1CSync@@QAE@XZ           10004f40 f i common.obj
 0001:00003fa0       ??1_Container_base12@std@@QAE@XZ 10004fa0 f i common.obj
 0001:00003ff0       ??1_Generic_error_category@std@@UAE@XZ 10004ff0 f i common.obj
 0001:00004040       ??1_Iostream_error_category@std@@UAE@XZ 10005040 f i common.obj
 0001:00004090       ??1_System_error_category@std@@UAE@XZ 10005090 f i common.obj
 0001:000040e0       ??1error_category@std@@UAE@XZ 100050e0 f i common.obj
 0001:00004120       ??2@YAPAXIPAX@Z            10005120 f i common.obj
 0001:00004160       ??3@YAXPAX0@Z              10005160 f i common.obj
 0001:00004190       ??8error_category@std@@QBE_NABV01@@Z 10005190 f i common.obj
 0001:00004200       ??8error_condition@std@@QBE_NABV01@@Z 10005200 f i common.obj
 0001:000042b0       ??_G_Generic_error_category@std@@UAEPAXI@Z 100052b0 f i common.obj
 0001:000042b0       ??_E_Generic_error_category@std@@UAEPAXI@Z 100052b0 f i common.obj
 0001:00004320       ??_G_Iostream_error_category@std@@UAEPAXI@Z 10005320 f i common.obj
 0001:00004320       ??_E_Iostream_error_category@std@@UAEPAXI@Z 10005320 f i common.obj
 0001:00004390       ??_G_System_error_category@std@@UAEPAXI@Z 10005390 f i common.obj
 0001:00004390       ??_E_System_error_category@std@@UAEPAXI@Z 10005390 f i common.obj
 0001:00004400       ??_Eerror_category@std@@UAEPAXI@Z 10005400 f i common.obj
 0001:00004400       ??_Gerror_category@std@@UAEPAXI@Z 10005400 f i common.obj
 0001:00004470       ?CheckGroup@@YAHPADPBD@Z   10005470 f   common.obj
 0001:00004960       ?ClearLF@@YAXPAD@Z         10005960 f   common.obj
 0001:000049f0       ?GetCmd@@YAPBDH@Z          100059f0 f   common.obj
 0001:00004a50       ?GetDecimalPow@@YANH@Z     10005a50 f   common.obj
 0001:00004ac0       ?GetIntParam@@YAHPBD0PAH@Z 10005ac0 f   common.obj
 0001:00004b90       ?GetStrParam@@YAHPBD0PADH@Z 10005b90 f   common.obj
 0001:00004cb0       ?NormalizeDouble@@YINNH@Z  10005cb0 f   common.obj
 0001:00004e40       ?_Alloc_proxy@?$_String_alloc@$0A@U?$_String_base_types@DV?$allocator@D@std@@@std@@@std@@QAEXXZ 10005e40 f i common.obj
 0001:00004f10       ?_Copy@?$basic_string@DU?$char_traits@D@std@@V?$allocator@D@2@@std@@QAEXII@Z 10005f10 f i common.obj
 0001:000051d0       ?_Eos@?$basic_string@DU?$char_traits@D@std@@V?$allocator@D@2@@std@@QAEXI@Z 100061d0 f i common.obj
 0001:00005250       ?_Free_proxy@?$_String_alloc@$0A@U?$_String_base_types@DV?$allocator@D@std@@@std@@@std@@QAEXXZ 10006250 f i common.obj
 0001:00005320       ?_Getal@?$_String_alloc@$0A@U?$_String_base_types@DV?$allocator@D@std@@@std@@@std@@QBE?AU?$_Wrap_alloc@V?$allocator@D@std@@@2@XZ 10006320 f i common.obj
 0001:00005380       ?_Grow@?$basic_string@DU?$char_traits@D@std@@V?$allocator@D@2@@std@@QAE_NI_N@Z 10006380 f i common.obj
 0001:000054a0       ?_Inside@?$basic_string@DU?$char_traits@D@std@@V?$allocator@D@2@@std@@QAE_NPBD@Z 100064a0 f i common.obj
 0001:00005520       ?_Myptr@?$_String_val@U?$_Simple_types@D@std@@@std@@QAEPADXZ 10006520 f i common.obj
 0001:000055b0       ?_Myptr@?$_String_val@U?$_Simple_types@D@std@@@std@@QBEPBDXZ 100065b0 f i common.obj
 0001:00005640       ?_Orphan_all@_Container_base12@std@@QAEXXZ 10006640 f i common.obj
 0001:00005730       ?_Tidy@?$basic_string@DU?$char_traits@D@std@@V?$allocator@D@2@@std@@QAEX_NI@Z 10006730 f i common.obj
 0001:00005840       ?_Xlen@?$basic_string@DU?$char_traits@D@std@@V?$allocator@D@2@@std@@QBEXXZ 10006840 f i common.obj
 0001:000058a0       ?_Xran@?$basic_string@DU?$char_traits@D@std@@V?$allocator@D@2@@std@@QBEXXZ 100068a0 f i common.obj
 0001:00005900       ?allocate@?$_Wrap_alloc@V?$allocator@D@std@@@std@@QAEPADI@Z 10006900 f i common.obj
 0001:00005960       ?allocate@?$allocator@D@std@@QAEPADI@Z 10006960 f i common.obj
 0001:000059c0       ?allocate@?$allocator@U_Container_proxy@std@@@std@@QAEPAU_Container_proxy@2@I@Z 100069c0 f i common.obj
 0001:00005a20       ?assign@?$basic_string@DU?$char_traits@D@std@@V?$allocator@D@2@@std@@QAEAAV12@ABV12@II@Z 10006a20 f i common.obj
 0001:00005b30       ?assign@?$basic_string@DU?$char_traits@D@std@@V?$allocator@D@2@@std@@QAEAAV12@PBD@Z 10006b30 f i common.obj
 0001:00005bc0       ?assign@?$basic_string@DU?$char_traits@D@std@@V?$allocator@D@2@@std@@QAEAAV12@PBDI@Z 10006bc0 f i common.obj
 0001:00005cc0       ?assign@?$char_traits@D@std@@SAXAADABD@Z 10006cc0 f i common.obj
 0001:00005d00       ?category@error_code@std@@QBEABVerror_category@2@XZ 10006d00 f i common.obj
 0001:00005d40       ?category@error_condition@std@@QBEABVerror_category@2@XZ 10006d40 f i common.obj
 0001:00005d80       ?copy@?$char_traits@D@std@@SAPADPADPBDI@Z 10006d80 f i common.obj
 0001:00005e00       ?deallocate@?$_Wrap_alloc@V?$allocator@D@std@@@std@@QAEXPADI@Z 10006e00 f i common.obj
 0001:00005e60       ?deallocate@?$allocator@D@std@@QAEXPADI@Z 10006e60 f i common.obj
 0001:00005ec0       ?deallocate@?$allocator@U_Container_proxy@std@@@std@@QAEXPAU_Container_proxy@2@I@Z 10006ec0 f i common.obj
 0001:00005f20       ?default_error_condition@_System_error_category@std@@UBE?AVerror_condition@2@H@Z 10006f20 f i common.obj
 0001:00005fc0       ?default_error_condition@error_category@std@@UBE?AVerror_condition@2@H@Z 10006fc0 f i common.obj
 0001:00006020       ?equivalent@error_category@std@@UBE_NABVerror_code@2@H@Z 10007020 f i common.obj
 0001:000060c0       ?equivalent@error_category@std@@UBE_NHABVerror_condition@2@@Z 100070c0 f i common.obj
 0001:00006140       ?erase@?$basic_string@DU?$char_traits@D@std@@V?$allocator@D@2@@std@@QAEAAV12@I@Z 10007140 f i common.obj
 0001:000061c0       ?erase@?$basic_string@DU?$char_traits@D@std@@V?$allocator@D@2@@std@@QAEAAV12@II@Z 100071c0 f i common.obj
 0001:000062a0       ?generic_category@std@@YAABVerror_category@1@XZ 100072a0 f i common.obj
 0001:000062e0       ?insert@@YAPADPAXPBXIIP6AH11@Z@Z 100072e0 f   common.obj
 0001:00006450       ?length@?$char_traits@D@std@@SAIPBD@Z 10007450 f i common.obj
 0001:000064d0       ?max_size@?$_Wrap_alloc@V?$allocator@D@std@@@std@@QBEIXZ 100074d0 f i common.obj
 0001:00006530       ?max_size@?$allocator@D@std@@QBEIXZ 10007530 f i common.obj
 0001:00006570       ?max_size@?$allocator_traits@V?$allocator@D@std@@@std@@SAIABV?$allocator@D@2@@Z 10007570 f i common.obj
 0001:000065c0       ?max_size@?$basic_string@DU?$char_traits@D@std@@V?$allocator@D@2@@std@@QBEIXZ 100075c0 f i common.obj
 0001:00006660       ?message@_Generic_error_category@std@@UBE?AV?$basic_string@DU?$char_traits@D@std@@V?$allocator@D@2@@2@H@Z 10007660 f i common.obj
 0001:00006720       ?message@_Iostream_error_category@std@@UBE?AV?$basic_string@DU?$char_traits@D@std@@V?$allocator@D@2@@2@H@Z 10007720 f i common.obj
 0001:000067e0       ?message@_System_error_category@std@@UBE?AV?$basic_string@DU?$char_traits@D@std@@V?$allocator@D@2@@2@H@Z 100077e0 f i common.obj
 0001:000068a0       ?move@?$char_traits@D@std@@SAPADPADPBDI@Z 100078a0 f i common.obj
 0001:00006920       ?name@_Generic_error_category@std@@UBEPBDXZ 10007920 f i common.obj
 0001:00006960       ?name@_Iostream_error_category@std@@UBEPBDXZ 10007960 f i common.obj
 0001:000069a0       ?name@_System_error_category@std@@UBEPBDXZ 100079a0 f i common.obj
 0001:000069e0       ?size@?$basic_string@DU?$char_traits@D@std@@V?$allocator@D@2@@std@@QBEIXZ 100079e0 f i common.obj
 0001:00006a20       ?system_category@std@@YAABVerror_category@1@XZ 10007a20 f i common.obj
 0001:00006a60       ?value@error_code@std@@QBEHXZ 10007a60 f i common.obj
 0001:00006aa0       ?value@error_condition@std@@QBEHXZ 10007aa0 f i common.obj
 0001:00006ae0       ??$strncpy_s@$0MI@@@YAHAAY0MI@DPBDI@Z 10007ae0 f i Logger.obj
 0001:00006b40       ??0CLogger@@QAE@XZ         10007b40 f   Logger.obj
 0001:00006c50       ??1CLogger@@QAE@XZ         10007c50 f   Logger.obj
 0001:00006d60       ?Journal@CLogger@@QAEHPADH@Z 10007d60 f   Logger.obj
 0001:00006ef0       ?Lock@CSync@@QAEXXZ        10007ef0 f i Logger.obj
 0001:00006f50       ?Out@CLogger@@QAAXHPBD0ZZ  10007f50 f   Logger.obj
 0001:00007120       ?Unlock@CSync@@QAEXXZ      10008120 f i Logger.obj
 0001:00007180       ??0?$_Wrap_alloc@V?$allocator@D@std@@@std@@QAE@ABV?$allocator@D@1@@Z 10008180 f i ServerPlugin.obj
 0001:000071e0       ??0?$allocator@D@std@@QAE@ABV01@@Z 100081e0 f i ServerPlugin.obj
 0001:00007220       ??0?$basic_string@DU?$char_traits@D@std@@V?$allocator@D@2@@std@@QAE@ABV01@@Z 10008220 f i ServerPlugin.obj
 0001:00007310       ??0?$basic_string@DU?$char_traits@D@std@@V?$allocator@D@2@@std@@QAE@XZ 10008310 f i ServerPlugin.obj
 0001:000073d0       ??1?$basic_string@DU?$char_traits@D@std@@V?$allocator@D@2@@std@@QAE@XZ 100083d0 f i ServerPlugin.obj
 0001:00007430       ??4?$basic_string@DU?$char_traits@D@std@@V?$allocator@D@2@@std@@QAEAAV01@PBD@Z 10008430 f i ServerPlugin.obj
 0001:00007490       ?Initialize@CLogger@@QAEXPBD@Z 10008490 f i ServerPlugin.obj
 0001:00007530       ?MtSrvAbout@@YGXPAUPluginInfo@@@Z 10008530 f   ServerPlugin.obj
 0001:000075a0       ?MtSrvCleanup@@YGXXZ       100085a0 f   ServerPlugin.obj
 0001:000075d0       ?MtSrvPluginCfgAdd@@YGHPBUPluginCfg@@@Z 100085d0 f   ServerPlugin.obj
 0001:00007630       ?MtSrvPluginCfgDelete@@YGHPBD@Z 10008630 f   ServerPlugin.obj
 0001:000076b0       ?MtSrvPluginCfgGet@@YGHPBDPAUPluginCfg@@@Z 100086b0 f   ServerPlugin.obj
 0001:00007740       ?MtSrvPluginCfgNext@@YGHHPAUPluginCfg@@@Z 10008740 f   ServerPlugin.obj
 0001:000077a0       ?MtSrvPluginCfgSet@@YGHPBUPluginCfg@@H@Z 100087a0 f   ServerPlugin.obj
 0001:00007800       ?MtSrvPluginCfgTotal@@YGHXZ 10008800 f   ServerPlugin.obj
 0001:00007850       ?MtSrvStartup@@YGHPAUCServerInterface@@@Z 10008850 f   ServerPlugin.obj
 0001:000078e0       ?MtSrvTelnet@@YGHKPADH@Z   100088e0 f   ServerPlugin.obj
 0001:00007940       ?MtSrvTradeRequestApply@@YGXPAURequestInfo@@H@Z 10008940 f   ServerPlugin.obj
 0001:000079c0       ?MtSrvTradeRequestRestore@@YGXPAURequestInfo@@@Z 100089c0 f   ServerPlugin.obj
 0001:00007a40       ?MtSrvTradeTransaction@@YGHPAUTradeTransInfo@@PBUUserInfo@@PAH@Z 10008a40 f   ServerPlugin.obj
 0001:00007ab0       ?MtSrvTradesAdd@@YGXPAUTradeRecord@@PBUUserInfo@@PBUConSymbol@@@Z 10008ab0 f   ServerPlugin.obj
 0001:00007b30       ?MtSrvTradesAddExt@@YGXPAUTradeRecord@@PBUUserInfo@@PBUConSymbol@@H@Z 10008b30 f   ServerPlugin.obj
 0001:00007b90       ?MtSrvTradesCloseBy@@YGXPAUTradeRecord@@00PAUConSymbol@@PAUUserInfo@@@Z 10008b90 f   ServerPlugin.obj
 0001:00007bf0       ?MtSrvTradesUpdate@@YGXPAUTradeRecord@@PAUUserInfo@@H@Z 10008bf0 f   ServerPlugin.obj
 0001:00007d10       ?append@?$basic_string@DU?$char_traits@D@std@@V?$allocator@D@2@@std@@QAEAAV12@ABV12@II@Z 10008d10 f i ServerPlugin.obj
 0001:00007e30       ?append@?$basic_string@DU?$char_traits@D@std@@V?$allocator@D@2@@std@@QAEAAV12@PBD@Z 10008e30 f i ServerPlugin.obj
 0001:00007ec0       ?append@?$basic_string@DU?$char_traits@D@std@@V?$allocator@D@2@@std@@QAEAAV12@PBDI@Z 10008ec0 f i ServerPlugin.obj
 0001:00008000       ?c_str@?$basic_string@DU?$char_traits@D@std@@V?$allocator@D@2@@std@@QBEPBDXZ 10009000 f i ServerPlugin.obj
 0001:00008050       ?find@?$char_traits@D@std@@SAPBDPBDIABD@Z 10009050 f i ServerPlugin.obj
 0001:000080d0       ?find_last_of@?$basic_string@DU?$char_traits@D@std@@V?$allocator@D@2@@std@@QBEIPBDI@Z 100090d0 f i ServerPlugin.obj
 0001:00008160       ?find_last_of@?$basic_string@DU?$char_traits@D@std@@V?$allocator@D@2@@std@@QBEIPBDII@Z 10009160 f i ServerPlugin.obj
 0001:00008290       ?select_on_container_copy_construction@?$_Wrap_alloc@V?$allocator@D@std@@@std@@QBE?AU12@XZ 10009290 f i ServerPlugin.obj
 0001:00008300       ?select_on_container_copy_construction@?$allocator@D@std@@QBE?AV12@XZ 10009300 f i ServerPlugin.obj
 0001:00008360       ?select_on_container_copy_construction@?$allocator_traits@V?$allocator@D@std@@@std@@SA?AV?$allocator@D@2@ABV32@@Z 10009360 f i ServerPlugin.obj
 0001:000083c0       _DllMain@12                100093c0 f   ServerPlugin.obj
 0001:00008660       ??$?0AAV?$_Tree_iterator@V?$_Tree_val@U?$_Tree_simple_types@U?$pair@$$CBV?$basic_string@DU?$char_traits@D@std@@V?$allocator@D@2@@std@@UPluginCfg@@@std@@@std@@@std@@@std@@AAV01@@?$pair@V?$_Tree_iterator@V?$_Tree_val@U?$_Tree_simple_types@U?$pair@$$CBV?$basic_string@DU?$char_traits@D@std@@V?$allocator@D@2@@std@@UPluginCfg@@@std@@@std@@@std@@@std@@V12@@std@@QAE@AAV?$_Tree_iterator@V?$_Tree_val@U?$_Tree_simple_types@U?$pair@$$CBV?$basic_string@DU?$char_traits@D@std@@V?$allocator@D@2@@std@@UPluginCfg@@@std@@@std@@@std@@@1@0PAPAX@Z 10009660 f i Setting.obj
 0001:00008730       ??$?0AAV?$_Tree_iterator@V?$_Tree_val@U?$_Tree_simple_types@U?$pair@$$CBV?$basic_string@DU?$char_traits@D@std@@V?$allocator@D@2@@std@@UPluginCfg@@@std@@@std@@@std@@@std@@_N@?$pair@V?$_Tree_iterator@V?$_Tree_val@U?$_Tree_simple_types@U?$pair@$$CBV?$basic_string@DU?$char_traits@D@std@@V?$allocator@D@2@@std@@UPluginCfg@@@std@@@std@@@std@@@std@@_N@std@@QAE@AAV?$_Tree_iterator@V?$_Tree_val@U?$_Tree_simple_types@U?$pair@$$CBV?$basic_string@DU?$char_traits@D@std@@V?$allocator@D@2@@std@@UPluginCfg@@@std@@@std@@@std@@@1@$$QA_NPAPAX@Z 10009730 f i Setting.obj
 0001:00008800       ??$?0ABV?$basic_string@DU?$char_traits@D@std@@V?$allocator@D@2@@std@@UPluginCfg@@@?$pair@V?$basic_string@DU?$char_traits@D@std@@V?$allocator@D@2@@std@@UPluginCfg@@@std@@QAE@ABV?$basic_string@DU?$char_traits@D@std@@V?$allocator@D@2@@1@$$QAUPluginCfg@@PAPAX@Z 10009800 f i Setting.obj
 0001:000088d0       ??$?0U?$_Tree_node@U?$pair@$$CBV?$basic_string@DU?$char_traits@D@std@@V?$allocator@D@2@@std@@UPluginCfg@@@std@@PAX@std@@@?$allocator@U?$pair@$$CBV?$basic_string@DU?$char_traits@D@std@@V?$allocator@D@2@@std@@UPluginCfg@@@std@@@std@@QAE@ABV?$allocator@U?$_Tree_node@U?$pair@$$CBV?$basic_string@DU?$char_traits@D@std@@V?$allocator@D@2@@std@@UPluginCfg@@@std@@PAX@std@@@1@@Z 100098d0 f i Setting.obj
 0001:00008910       ??$?0U?$_Tree_node@U?$pair@$$CBV?$basic_string@DU?$char_traits@D@std@@V?$allocator@D@2@@std@@UPluginCfg@@@std@@PAX@std@@@?$allocator@U_Container_proxy@std@@@std@@QAE@ABV?$allocator@U?$_Tree_node@U?$pair@$$CBV?$basic_string@DU?$char_traits@D@std@@V?$allocator@D@2@@std@@UPluginCfg@@@std@@PAX@std@@@1@@Z 10009910 f i Setting.obj
 0001:00008950       ??$?0U?$_Wrap_alloc@V?$allocator@U?$_Tree_node@U?$pair@$$CBV?$basic_string@DU?$char_traits@D@std@@V?$allocator@D@2@@std@@UPluginCfg@@@std@@PAX@std@@@std@@@std@@@?$_Wrap_alloc@V?$allocator@U_Container_proxy@std@@@std@@@std@@QAE@ABU?$_Wrap_alloc@V?$allocator@U?$_Tree_node@U?$pair@$$CBV?$basic_string@DU?$char_traits@D@std@@V?$allocator@D@2@@std@@UPluginCfg@@@std@@PAX@std@@@std@@@1@@Z 10009950 f i Setting.obj
 0001:000089b0       ??$?0V?$_Tree_iterator@V?$_Tree_val@U?$_Tree_simple_types@U?$pair@$$CBV?$basic_string@DU?$char_traits@D@std@@V?$allocator@D@2@@std@@UPluginCfg@@@std@@@std@@@std@@@std@@V01@@?$pair@V?$_Tree_iterator@V?$_Tree_val@U?$_Tree_simple_types@U?$pair@$$CBV?$basic_string@DU?$char_traits@D@std@@V?$allocator@D@2@@std@@UPluginCfg@@@std@@@std@@@std@@@std@@V12@@std@@QAE@$$QAU01@PAPAX@Z 100099b0 f i Setting.obj
 0001:00008a80       ??$?0V?$_Tree_iterator@V?$_Tree_val@U?$_Tree_simple_types@U?$pair@$$CBV?$basic_string@DU?$char_traits@D@std@@V?$allocator@D@2@@std@@UPluginCfg@@@std@@@std@@@std@@@std@@_N@?$pair@V?$_Tree_iterator@V?$_Tree_val@U?$_Tree_simple_types@U?$pair@$$CBV?$basic_string@DU?$char_traits@D@std@@V?$allocator@D@2@@std@@UPluginCfg@@@std@@@std@@@std@@@std@@_N@std@@QAE@$$QAU01@PAPAX@Z 10009a80 f i Setting.obj
 0001:00008b50       ??$?0V?$_Tree_iterator@V?$_Tree_val@U?$_Tree_simple_types@U?$pair@$$CBV?$basic_string@DU?$char_traits@D@std@@V?$allocator@D@2@@std@@UPluginCfg@@@std@@@std@@@std@@@std@@_N@?$pair@V?$_Tree_iterator@V?$_Tree_val@U?$_Tree_simple_types@U?$pair@$$CBV?$basic_string@DU?$char_traits@D@std@@V?$allocator@D@2@@std@@UPluginCfg@@@std@@@std@@@std@@@std@@_N@std@@QAE@$$QAV?$_Tree_iterator@V?$_Tree_val@U?$_Tree_simple_types@U?$pair@$$CBV?$basic_string@DU?$char_traits@D@std@@V?$allocator@D@2@@std@@UPluginCfg@@@std@@@std@@@std@@@1@$$QA_NPAPAX@Z 10009b50 f i Setting.obj
 0001:00008c20       ??$?0V?$basic_string@DU?$char_traits@D@std@@V?$allocator@D@2@@std@@UPluginCfg@@@?$pair@$$CBV?$basic_string@DU?$char_traits@D@std@@V?$allocator@D@2@@std@@UPluginCfg@@@std@@QAE@$$QAU?$pair@V?$basic_string@DU?$char_traits@D@std@@V?$allocator@D@2@@std@@UPluginCfg@@@1@PAPAX@Z 10009c20 f i Setting.obj
 0001:00008cf0       ??$?0V?$basic_string@DU?$char_traits@D@std@@V?$allocator@D@2@@std@@UPluginCfg@@@?$pair@V?$basic_string@DU?$char_traits@D@std@@V?$allocator@D@2@@std@@UPluginCfg@@@std@@QAE@$$QAV?$basic_string@DU?$char_traits@D@std@@V?$allocator@D@2@@1@$$QAUPluginCfg@@PAPAX@Z 10009cf0 f i Setting.obj
 0001:00008dc0       ??$?8DU?$char_traits@D@std@@V?$allocator@D@1@@std@@YA_NABV?$basic_string@DU?$char_traits@D@std@@V?$allocator@D@2@@0@PBD@Z 10009dc0 f i Setting.obj
 0001:00008e40       ??$?MDU?$char_traits@D@std@@V?$allocator@D@1@@std@@YA_NABV?$basic_string@DU?$char_traits@D@std@@V?$allocator@D@2@@0@0@Z 10009e40 f i Setting.obj
 0001:00008ec0       ??$_Allocate@U?$_Tree_node@U?$pair@$$CBV?$basic_string@DU?$char_traits@D@std@@V?$allocator@D@2@@std@@UPluginCfg@@@std@@PAX@std@@@std@@YAPAU?$_Tree_node@U?$pair@$$CBV?$basic_string@DU?$char_traits@D@std@@V?$allocator@D@2@@std@@UPluginCfg@@@std@@PAX@0@IPAU10@@Z 10009ec0 f i Setting.obj
 0001:00008f50       ??$_Buynode@AAU?$pair@$$CBV?$basic_string@DU?$char_traits@D@std@@V?$allocator@D@2@@std@@UPluginCfg@@@std@@@?$_Tree_buy@U?$pair@$$CBV?$basic_string@DU?$char_traits@D@std@@V?$allocator@D@2@@std@@UPluginCfg@@@std@@V?$allocator@U?$pair@$$CBV?$basic_string@DU?$char_traits@D@std@@V?$allocator@D@2@@std@@UPluginCfg@@@std@@@2@@std@@QAEPAU?$_Tree_node@U?$pair@$$CBV?$basic_string@DU?$char_traits@D@std@@V?$allocator@D@2@@std@@UPluginCfg@@@std@@PAX@1@AAU?$pair@$$CBV?$basic_string@DU?$char_traits@D@std@@V?$allocator@D@2@@std@@UPluginCfg@@@1@@Z 10009f50 f i Setting.obj
 0001:000090c0       ??$_Buynode@U?$pair@V?$basic_string@DU?$char_traits@D@std@@V?$allocator@D@2@@std@@UPluginCfg@@@std@@@?$_Tree_buy@U?$pair@$$CBV?$basic_string@DU?$char_traits@D@std@@V?$allocator@D@2@@std@@UPluginCfg@@@std@@V?$allocator@U?$pair@$$CBV?$basic_string@DU?$char_traits@D@std@@V?$allocator@D@2@@std@@UPluginCfg@@@std@@@2@@std@@QAEPAU?$_Tree_node@U?$pair@$$CBV?$basic_string@DU?$char_traits@D@std@@V?$allocator@D@2@@std@@UPluginCfg@@@std@@PAX@1@$$QAU?$pair@V?$basic_string@DU?$char_traits@D@std@@V?$allocator@D@2@@std@@UPluginCfg@@@1@@Z 1000a0c0 f i Setting.obj
 0001:00009230       ??$_Buynode_if_nil@AAU?$pair@$$CBV?$basic_string@DU?$char_traits@D@std@@V?$allocator@D@2@@std@@UPluginCfg@@@std@@@?$_Tree@V?$_Tmap_traits@V?$basic_string@DU?$char_traits@D@std@@V?$allocator@D@2@@std@@UPluginCfg@@U?$less@V?$basic_string@DU?$char_traits@D@std@@V?$allocator@D@2@@std@@@2@V?$allocator@U?$pair@$$CBV?$basic_string@DU?$char_traits@D@std@@V?$allocator@D@2@@std@@UPluginCfg@@@std@@@2@$0A@@std@@@std@@IAEPAU?$_Tree_node@U?$pair@$$CBV?$basic_string@DU?$char_traits@D@std@@V?$allocator@D@2@@std@@UPluginCfg@@@std@@PAX@1@PAU21@AAU?$pair@$$CBV?$basic_string@DU?$char_traits@D@std@@V?$allocator@D@2@@std@@UPluginCfg@@@1@@Z 1000a230 f i Setting.obj
 0001:00009270       ??$_Copy@U?$integral_constant@_N$0A@@std@@@?$_Tree@V?$_Tmap_traits@V?$basic_string@DU?$char_traits@D@std@@V?$allocator@D@2@@std@@UPluginCfg@@U?$less@V?$basic_string@DU?$char_traits@D@std@@V?$allocator@D@2@@std@@@2@V?$allocator@U?$pair@$$CBV?$basic_string@DU?$char_traits@D@std@@V?$allocator@D@2@@std@@UPluginCfg@@@std@@@2@$0A@@std@@@std@@IAEXABV01@U?$integral_constant@_N$0A@@1@@Z 1000a270 f i Setting.obj
 0001:000093a0       ??$_Copy_nodes@U?$integral_constant@_N$0A@@std@@@?$_Tree@V?$_Tmap_traits@V?$basic_string@DU?$char_traits@D@std@@V?$allocator@D@2@@std@@UPluginCfg@@U?$less@V?$basic_string@DU?$char_traits@D@std@@V?$allocator@D@2@@std@@@2@V?$allocator@U?$pair@$$CBV?$basic_string@DU?$char_traits@D@std@@V?$allocator@D@2@@std@@UPluginCfg@@@std@@@2@$0A@@std@@@std@@IAEPAU?$_Tree_node@U?$pair@$$CBV?$basic_string@DU?$char_traits@D@std@@V?$allocator@D@2@@std@@UPluginCfg@@@std@@PAX@1@PAU21@0U?$integral_constant@_N$0A@@1@@Z 1000a3a0 f i Setting.obj
 0001:000095d0       ??$_Copy_or_move@U?$integral_constant@_N$0A@@std@@U?$integral_constant@_N$00@2@@?$_Tree@V?$_Tmap_traits@V?$basic_string@DU?$char_traits@D@std@@V?$allocator@D@2@@std@@UPluginCfg@@U?$less@V?$basic_string@DU?$char_traits@D@std@@V?$allocator@D@2@@std@@@2@V?$allocator@U?$pair@$$CBV?$basic_string@DU?$char_traits@D@std@@V?$allocator@D@2@@std@@UPluginCfg@@@std@@@2@$0A@@std@@@std@@IAEPAU?$_Tree_node@U?$pair@$$CBV?$basic_string@DU?$char_traits@D@std@@V?$allocator@D@2@@std@@UPluginCfg@@@std@@PAX@1@PAU21@U?$integral_constant@_N$0A@@1@U?$integral_constant@_N$00@1@@Z 1000a5d0 f i Setting.obj
 0001:00009640       ??$_Debug_lt_pred@U?$less@V?$basic_string@DU?$char_traits@D@std@@V?$allocator@D@2@@std@@@std@@V?$basic_string@DU?$char_traits@D@std@@V?$allocator@D@2@@2@V32@@std@@YA_NU?$less@V?$basic_string@DU?$char_traits@D@std@@V?$allocator@D@2@@std@@@0@ABV?$basic_string@DU?$char_traits@D@std@@V?$allocator@D@2@@0@1PB_WI@Z 1000a640 f i Setting.obj
 0001:000096e0       ??$_Distance2@V?$_Tree_iterator@V?$_Tree_val@U?$_Tree_simple_types@U?$pair@$$CBV?$basic_string@DU?$char_traits@D@std@@V?$allocator@D@2@@std@@UPluginCfg@@@std@@@std@@@std@@@std@@I@std@@YAXV?$_Tree_iterator@V?$_Tree_val@U?$_Tree_simple_types@U?$pair@$$CBV?$basic_string@DU?$char_traits@D@std@@V?$allocator@D@2@@std@@UPluginCfg@@@std@@@std@@@std@@@0@0AAIUbidirectional_iterator_tag@0@@Z 1000a6e0 f i Setting.obj
 0001:000097c0       ??$_Distance@V?$_Tree_iterator@V?$_Tree_val@U?$_Tree_simple_types@U?$pair@$$CBV?$basic_string@DU?$char_traits@D@std@@V?$allocator@D@2@@std@@UPluginCfg@@@std@@@std@@@std@@@std@@I@std@@YAXV?$_Tree_iterator@V?$_Tree_val@U?$_Tree_simple_types@U?$pair@$$CBV?$basic_string@DU?$char_traits@D@std@@V?$allocator@D@2@@std@@UPluginCfg@@@std@@@std@@@std@@@0@0AAI@Z 1000a7c0 f i Setting.obj
 0001:000098f0       ??$_Insert_at@AAU?$pair@$$CBV?$basic_string@DU?$char_traits@D@std@@V?$allocator@D@2@@std@@UPluginCfg@@@std@@PAU?$_Tree_node@U?$pair@$$CBV?$basic_string@DU?$char_traits@D@std@@V?$allocator@D@2@@std@@UPluginCfg@@@std@@PAX@2@@?$_Tree@V?$_Tmap_traits@V?$basic_string@DU?$char_traits@D@std@@V?$allocator@D@2@@std@@UPluginCfg@@U?$less@V?$basic_string@DU?$char_traits@D@std@@V?$allocator@D@2@@std@@@2@V?$allocator@U?$pair@$$CBV?$basic_string@DU?$char_traits@D@std@@V?$allocator@D@2@@std@@UPluginCfg@@@std@@@2@$0A@@std@@@std@@IAE?AV?$_Tree_iterator@V?$_Tree_val@U?$_Tree_simple_types@U?$pair@$$CBV?$basic_string@DU?$char_traits@D@std@@V?$allocator@D@2@@std@@UPluginCfg@@@std@@@std@@@std@@@1@_NPAU?$_Tree_node@U?$pair@$$CBV?$basic_string@DU?$char_traits@D@std@@V?$allocator@D@2@@std@@UPluginCfg@@@std@@PAX@1@AAU?$pair@$$CBV?$basic_string@DU?$char_traits@D@std@@V?$allocator@D@2@@std@@UPluginCfg@@@1@1@Z 1000a8f0 f i Setting.obj
 0001:00009e70       ??$_Insert_hint@AAU?$pair@$$CBV?$basic_string@DU?$char_traits@D@std@@V?$allocator@D@2@@std@@UPluginCfg@@@std@@PAU?$_Tree_node@U?$pair@$$CBV?$basic_string@DU?$char_traits@D@std@@V?$allocator@D@2@@std@@UPluginCfg@@@std@@PAX@2@@?$_Tree@V?$_Tmap_traits@V?$basic_string@DU?$char_traits@D@std@@V?$allocator@D@2@@std@@UPluginCfg@@U?$less@V?$basic_string@DU?$char_traits@D@std@@V?$allocator@D@2@@std@@@2@V?$allocator@U?$pair@$$CBV?$basic_string@DU?$char_traits@D@std@@V?$allocator@D@2@@std@@UPluginCfg@@@std@@@2@$0A@@std@@@std@@IAE?AV?$_Tree_iterator@V?$_Tree_val@U?$_Tree_simple_types@U?$pair@$$CBV?$basic_string@DU?$char_traits@D@std@@V?$allocator@D@2@@std@@UPluginCfg@@@std@@@std@@@std@@@1@V?$_Tree_const_iterator@V?$_Tree_val@U?$_Tree_simple_types@U?$pair@$$CBV?$basic_string@DU?$char_traits@D@std@@V?$allocator@D@2@@std@@UPluginCfg@@@std@@@std@@@std@@@1@AAU?$pair@$$CBV?$basic_string@DU?$char_traits@D@std@@V?$allocator@D@2@@std@@UPluginCfg@@@1@PAU?$_Tree_node@U?$pair@$$CBV?$basic_string@DU?$char_traits@D@std@@V?$allocator@D@2@@std@@UPluginCfg@@@std@@PAX@1@@Z 1000ae70 f i Setting.obj
 0001:0000b5c0       ??$_Insert_nohint@AAU?$pair@$$CBV?$basic_string@DU?$char_traits@D@std@@V?$allocator@D@2@@std@@UPluginCfg@@@std@@PAU?$_Tree_node@U?$pair@$$CBV?$basic_string@DU?$char_traits@D@std@@V?$allocator@D@2@@std@@UPluginCfg@@@std@@PAX@2@@?$_Tree@V?$_Tmap_traits@V?$basic_string@DU?$char_traits@D@std@@V?$allocator@D@2@@std@@UPluginCfg@@U?$less@V?$basic_string@DU?$char_traits@D@std@@V?$allocator@D@2@@std@@@2@V?$allocator@U?$pair@$$CBV?$basic_string@DU?$char_traits@D@std@@V?$allocator@D@2@@std@@UPluginCfg@@@std@@@2@$0A@@std@@@std@@IAE?AU?$pair@V?$_Tree_iterator@V?$_Tree_val@U?$_Tree_simple_types@U?$pair@$$CBV?$basic_string@DU?$char_traits@D@std@@V?$allocator@D@2@@std@@UPluginCfg@@@std@@@std@@@std@@@std@@_N@1@_NAAU?$pair@$$CBV?$basic_string@DU?$char_traits@D@std@@V?$allocator@D@2@@std@@UPluginCfg@@@1@PAU?$_Tree_node@U?$pair@$$CBV?$basic_string@DU?$char_traits@D@std@@V?$allocator@D@2@@std@@UPluginCfg@@@std@@PAX@1@@Z 1000c5c0 f i Setting.obj
 0001:0000be30       ??$_Iter_cat@V?$_Tree_iterator@V?$_Tree_val@U?$_Tree_simple_types@U?$pair@$$CBV?$basic_string@DU?$char_traits@D@std@@V?$allocator@D@2@@std@@UPluginCfg@@@std@@@std@@@std@@@std@@@std@@YA?AUbidirectional_iterator_tag@0@ABV?$_Tree_iterator@V?$_Tree_val@U?$_Tree_simple_types@U?$pair@$$CBV?$basic_string@DU?$char_traits@D@std@@V?$allocator@D@2@@std@@UPluginCfg@@@std@@@std@@@std@@@0@@Z 1000ce30 f i Setting.obj
 0001:0000beb0       ??$_Kfn@$$CBV?$basic_string@DU?$char_traits@D@std@@V?$allocator@D@2@@std@@UPluginCfg@@@?$_Tmap_traits@V?$basic_string@DU?$char_traits@D@std@@V?$allocator@D@2@@std@@UPluginCfg@@U?$less@V?$basic_string@DU?$char_traits@D@std@@V?$allocator@D@2@@std@@@2@V?$allocator@U?$pair@$$CBV?$basic_string@DU?$char_traits@D@std@@V?$allocator@D@2@@std@@UPluginCfg@@@std@@@2@$0A@@std@@SAABV?$basic_string@DU?$char_traits@D@std@@V?$allocator@D@2@@1@ABU?$pair@$$CBV?$basic_string@DU?$char_traits@D@std@@V?$allocator@D@2@@std@@UPluginCfg@@@1@@Z 1000ceb0 f i Setting.obj
 0001:0000bef0       ??$_Move@AAD@std@@YA$$QADAAD@Z 1000cef0 f i Setting.obj
 0001:0000bf30       ??$addressof@PAU?$_Tree_node@U?$pair@$$CBV?$basic_string@DU?$char_traits@D@std@@V?$allocator@D@2@@std@@UPluginCfg@@@std@@PAX@std@@@std@@YAPAPAU?$_Tree_node@U?$pair@$$CBV?$basic_string@DU?$char_traits@D@std@@V?$allocator@D@2@@std@@UPluginCfg@@@std@@PAX@0@AAPAU10@@Z 1000cf30 f i Setting.obj
 0001:0000bf70       ??$addressof@U?$pair@$$CBV?$basic_string@DU?$char_traits@D@std@@V?$allocator@D@2@@std@@UPluginCfg@@@std@@@std@@YAPAU?$pair@$$CBV?$basic_string@DU?$char_traits@D@std@@V?$allocator@D@2@@std@@UPluginCfg@@@0@AAU10@@Z 1000cf70 f i Setting.obj
 0001:0000bfb0       ??$construct@PAU?$_Tree_node@U?$pair@$$CBV?$basic_string@DU?$char_traits@D@std@@V?$allocator@D@2@@std@@UPluginCfg@@@std@@PAX@std@@AAPAU12@@?$_Wrap_alloc@V?$allocator@U?$_Tree_node@U?$pair@$$CBV?$basic_string@DU?$char_traits@D@std@@V?$allocator@D@2@@std@@UPluginCfg@@@std@@PAX@std@@@std@@@std@@QAEXPAPAU?$_Tree_node@U?$pair@$$CBV?$basic_string@DU?$char_traits@D@std@@V?$allocator@D@2@@std@@UPluginCfg@@@std@@PAX@1@AAPAU21@@Z 1000cfb0 f i Setting.obj
 0001:0000c020       ??$construct@PAU?$_Tree_node@U?$pair@$$CBV?$basic_string@DU?$char_traits@D@std@@V?$allocator@D@2@@std@@UPluginCfg@@@std@@PAX@std@@AAPAU12@@?$allocator@U?$_Tree_node@U?$pair@$$CBV?$basic_string@DU?$char_traits@D@std@@V?$allocator@D@2@@std@@UPluginCfg@@@std@@PAX@std@@@std@@QAEXPAPAU?$_Tree_node@U?$pair@$$CBV?$basic_string@DU?$char_traits@D@std@@V?$allocator@D@2@@std@@UPluginCfg@@@std@@PAX@1@AAPAU21@@Z 1000d020 f i Setting.obj
 0001:0000c120       ??$construct@PAU?$_Tree_node@U?$pair@$$CBV?$basic_string@DU?$char_traits@D@std@@V?$allocator@D@2@@std@@UPluginCfg@@@std@@PAX@std@@AAPAU12@@?$allocator_traits@V?$allocator@U?$_Tree_node@U?$pair@$$CBV?$basic_string@DU?$char_traits@D@std@@V?$allocator@D@2@@std@@UPluginCfg@@@std@@PAX@std@@@std@@@std@@SAXAAV?$allocator@U?$_Tree_node@U?$pair@$$CBV?$basic_string@DU?$char_traits@D@std@@V?$allocator@D@2@@std@@UPluginCfg@@@std@@PAX@std@@@1@PAPAU?$_Tree_node@U?$pair@$$CBV?$basic_string@DU?$char_traits@D@std@@V?$allocator@D@2@@std@@UPluginCfg@@@std@@PAX@1@AAPAU31@@Z 1000d120 f i Setting.obj
 0001:0000c180       ??$construct@U?$pair@$$CBV?$basic_string@DU?$char_traits@D@std@@V?$allocator@D@2@@std@@UPluginCfg@@@std@@AAU12@@?$_Wrap_alloc@V?$allocator@U?$_Tree_node@U?$pair@$$CBV?$basic_string@DU?$char_traits@D@std@@V?$allocator@D@2@@std@@UPluginCfg@@@std@@PAX@std@@@std@@@std@@QAEXPAU?$pair@$$CBV?$basic_string@DU?$char_traits@D@std@@V?$allocator@D@2@@std@@UPluginCfg@@@1@AAU21@@Z 1000d180 f i Setting.obj
 0001:0000c1f0       ??$construct@U?$pair@$$CBV?$basic_string@DU?$char_traits@D@std@@V?$allocator@D@2@@std@@UPluginCfg@@@std@@AAU12@@?$allocator@U?$_Tree_node@U?$pair@$$CBV?$basic_string@DU?$char_traits@D@std@@V?$allocator@D@2@@std@@UPluginCfg@@@std@@PAX@std@@@std@@QAEXPAU?$pair@$$CBV?$basic_string@DU?$char_traits@D@std@@V?$allocator@D@2@@std@@UPluginCfg@@@1@AAU21@@Z 1000d1f0 f i Setting.obj
 0001:0000c2f0       ??$construct@U?$pair@$$CBV?$basic_string@DU?$char_traits@D@std@@V?$allocator@D@2@@std@@UPluginCfg@@@std@@AAU12@@?$allocator_traits@V?$allocator@U?$_Tree_node@U?$pair@$$CBV?$basic_string@DU?$char_traits@D@std@@V?$allocator@D@2@@std@@UPluginCfg@@@std@@PAX@std@@@std@@@std@@SAXAAV?$allocator@U?$_Tree_node@U?$pair@$$CBV?$basic_string@DU?$char_traits@D@std@@V?$allocator@D@2@@std@@UPluginCfg@@@std@@PAX@std@@@1@PAU?$pair@$$CBV?$basic_string@DU?$char_traits@D@std@@V?$allocator@D@2@@std@@UPluginCfg@@@1@AAU31@@Z 1000d2f0 f i Setting.obj
 0001:0000c350       ??$construct@U?$pair@$$CBV?$basic_string@DU?$char_traits@D@std@@V?$allocator@D@2@@std@@UPluginCfg@@@std@@U?$pair@V?$basic_string@DU?$char_traits@D@std@@V?$allocator@D@2@@std@@UPluginCfg@@@2@@?$_Wrap_alloc@V?$allocator@U?$_Tree_node@U?$pair@$$CBV?$basic_string@DU?$char_traits@D@std@@V?$allocator@D@2@@std@@UPluginCfg@@@std@@PAX@std@@@std@@@std@@QAEXPAU?$pair@$$CBV?$basic_string@DU?$char_traits@D@std@@V?$allocator@D@2@@std@@UPluginCfg@@@1@$$QAU?$pair@V?$basic_string@DU?$char_traits@D@std@@V?$allocator@D@2@@std@@UPluginCfg@@@1@@Z 1000d350 f i Setting.obj
 0001:0000c3c0       ??$construct@U?$pair@$$CBV?$basic_string@DU?$char_traits@D@std@@V?$allocator@D@2@@std@@UPluginCfg@@@std@@U?$pair@V?$basic_string@DU?$char_traits@D@std@@V?$allocator@D@2@@std@@UPluginCfg@@@2@@?$allocator@U?$_Tree_node@U?$pair@$$CBV?$basic_string@DU?$char_traits@D@std@@V?$allocator@D@2@@std@@UPluginCfg@@@std@@PAX@std@@@std@@QAEXPAU?$pair@$$CBV?$basic_string@DU?$char_traits@D@std@@V?$allocator@D@2@@std@@UPluginCfg@@@1@$$QAU?$pair@V?$basic_string@DU?$char_traits@D@std@@V?$allocator@D@2@@std@@UPluginCfg@@@1@@Z 1000d3c0 f i Setting.obj
 0001:0000c4c0       ??$construct@U?$pair@$$CBV?$basic_string@DU?$char_traits@D@std@@V?$allocator@D@2@@std@@UPluginCfg@@@std@@U?$pair@V?$basic_string@DU?$char_traits@D@std@@V?$allocator@D@2@@std@@UPluginCfg@@@2@@?$allocator_traits@V?$allocator@U?$_Tree_node@U?$pair@$$CBV?$basic_string@DU?$char_traits@D@std@@V?$allocator@D@2@@std@@UPluginCfg@@@std@@PAX@std@@@std@@@std@@SAXAAV?$allocator@U?$_Tree_node@U?$pair@$$CBV?$basic_string@DU?$char_traits@D@std@@V?$allocator@D@2@@std@@UPluginCfg@@@std@@PAX@std@@@1@PAU?$pair@$$CBV?$basic_string@DU?$char_traits@D@std@@V?$allocator@D@2@@std@@UPluginCfg@@@1@$$QAU?$pair@V?$basic_string@DU?$char_traits@D@std@@V?$allocator@D@2@@std@@UPluginCfg@@@1@@Z 1000d4c0 f i Setting.obj
 0001:0000c520       ??$construct@U_Container_proxy@std@@U12@@?$_Wrap_alloc@V?$allocator@U_Container_proxy@std@@@std@@@std@@QAEXPAU_Container_proxy@1@$$QAU21@@Z 1000d520 f i Setting.obj
 0001:0000c590       ??$construct@U_Container_proxy@std@@U12@@?$allocator_traits@V?$allocator@U_Container_proxy@std@@@std@@@std@@SAXAAV?$allocator@U_Container_proxy@std@@@1@PAU_Container_proxy@1@$$QAU31@@Z 1000d590 f i Setting.obj
 0001:0000c5f0       ??$destroy@PAU?$_Tree_node@U?$pair@$$CBV?$basic_string@DU?$char_traits@D@std@@V?$allocator@D@2@@std@@UPluginCfg@@@std@@PAX@std@@@?$_Wrap_alloc@V?$allocator@U?$_Tree_node@U?$pair@$$CBV?$basic_string@DU?$char_traits@D@std@@V?$allocator@D@2@@std@@UPluginCfg@@@std@@PAX@std@@@std@@@std@@QAEXPAPAU?$_Tree_node@U?$pair@$$CBV?$basic_string@DU?$char_traits@D@std@@V?$allocator@D@2@@std@@UPluginCfg@@@std@@PAX@1@@Z 1000d5f0 f i Setting.obj
 0001:0000c650       ??$destroy@PAU?$_Tree_node@U?$pair@$$CBV?$basic_string@DU?$char_traits@D@std@@V?$allocator@D@2@@std@@UPluginCfg@@@std@@PAX@std@@@?$allocator@U?$_Tree_node@U?$pair@$$CBV?$basic_string@DU?$char_traits@D@std@@V?$allocator@D@2@@std@@UPluginCfg@@@std@@PAX@std@@@std@@QAEXPAPAU?$_Tree_node@U?$pair@$$CBV?$basic_string@DU?$char_traits@D@std@@V?$allocator@D@2@@std@@UPluginCfg@@@std@@PAX@1@@Z 1000d650 f i Setting.obj
 0001:0000c690       ??$destroy@PAU?$_Tree_node@U?$pair@$$CBV?$basic_string@DU?$char_traits@D@std@@V?$allocator@D@2@@std@@UPluginCfg@@@std@@PAX@std@@@?$allocator_traits@V?$allocator@U?$_Tree_node@U?$pair@$$CBV?$basic_string@DU?$char_traits@D@std@@V?$allocator@D@2@@std@@UPluginCfg@@@std@@PAX@std@@@std@@@std@@SAXAAV?$allocator@U?$_Tree_node@U?$pair@$$CBV?$basic_string@DU?$char_traits@D@std@@V?$allocator@D@2@@std@@UPluginCfg@@@std@@PAX@std@@@1@PAPAU?$_Tree_node@U?$pair@$$CBV?$basic_string@DU?$char_traits@D@std@@V?$allocator@D@2@@std@@UPluginCfg@@@std@@PAX@1@@Z 1000d690 f i Setting.obj
 0001:0000c6e0       ??$destroy@U?$pair@$$CBV?$basic_string@DU?$char_traits@D@std@@V?$allocator@D@2@@std@@UPluginCfg@@@std@@@?$_Wrap_alloc@V?$allocator@U?$_Tree_node@U?$pair@$$CBV?$basic_string@DU?$char_traits@D@std@@V?$allocator@D@2@@std@@UPluginCfg@@@std@@PAX@std@@@std@@@std@@QAEXPAU?$pair@$$CBV?$basic_string@DU?$char_traits@D@std@@V?$allocator@D@2@@std@@UPluginCfg@@@1@@Z 1000d6e0 f i Setting.obj
 0001:0000c740       ??$destroy@U?$pair@$$CBV?$basic_string@DU?$char_traits@D@std@@V?$allocator@D@2@@std@@UPluginCfg@@@std@@@?$allocator@U?$_Tree_node@U?$pair@$$CBV?$basic_string@DU?$char_traits@D@std@@V?$allocator@D@2@@std@@UPluginCfg@@@std@@PAX@std@@@std@@QAEXPAU?$pair@$$CBV?$basic_string@DU?$char_traits@D@std@@V?$allocator@D@2@@std@@UPluginCfg@@@1@@Z 1000d740 f i Setting.obj
 0001:0000c7a0       ??$destroy@U?$pair@$$CBV?$basic_string@DU?$char_traits@D@std@@V?$allocator@D@2@@std@@UPluginCfg@@@std@@@?$allocator_traits@V?$allocator@U?$_Tree_node@U?$pair@$$CBV?$basic_string@DU?$char_traits@D@std@@V?$allocator@D@2@@std@@UPluginCfg@@@std@@PAX@std@@@std@@@std@@SAXAAV?$allocator@U?$_Tree_node@U?$pair@$$CBV?$basic_string@DU?$char_traits@D@std@@V?$allocator@D@2@@std@@UPluginCfg@@@std@@PAX@std@@@1@PAU?$pair@$$CBV?$basic_string@DU?$char_traits@D@std@@V?$allocator@D@2@@std@@UPluginCfg@@@1@@Z 1000d7a0 f i Setting.obj
 0001:0000c7f0       ??$destroy@U_Container_proxy@std@@@?$_Wrap_alloc@V?$allocator@U_Container_proxy@std@@@std@@@std@@QAEXPAU_Container_proxy@1@@Z 1000d7f0 f i Setting.obj
 0001:0000c850       ??$destroy@U_Container_proxy@std@@@?$allocator_traits@V?$allocator@U_Container_proxy@std@@@std@@@std@@SAXAAV?$allocator@U_Container_proxy@std@@@1@PAU_Container_proxy@1@@Z 1000d850 f i Setting.obj
 0001:0000c8a0       ??$forward@AAPAU?$_Tree_node@U?$pair@$$CBV?$basic_string@DU?$char_traits@D@std@@V?$allocator@D@2@@std@@UPluginCfg@@@std@@PAX@std@@@std@@YAAAPAU?$_Tree_node@U?$pair@$$CBV?$basic_string@DU?$char_traits@D@std@@V?$allocator@D@2@@std@@UPluginCfg@@@std@@PAX@0@AAPAU10@@Z 1000d8a0 f i Setting.obj
 0001:0000c8e0       ??$forward@AAU?$pair@$$CBV?$basic_string@DU?$char_traits@D@std@@V?$allocator@D@2@@std@@UPluginCfg@@@std@@@std@@YAAAU?$pair@$$CBV?$basic_string@DU?$char_traits@D@std@@V?$allocator@D@2@@std@@UPluginCfg@@@0@AAU10@@Z 1000d8e0 f i Setting.obj
 0001:0000c920       ??$forward@AAV?$_Tree_iterator@V?$_Tree_val@U?$_Tree_simple_types@U?$pair@$$CBV?$basic_string@DU?$char_traits@D@std@@V?$allocator@D@2@@std@@UPluginCfg@@@std@@@std@@@std@@@std@@@std@@YAAAV?$_Tree_iterator@V?$_Tree_val@U?$_Tree_simple_types@U?$pair@$$CBV?$basic_string@DU?$char_traits@D@std@@V?$allocator@D@2@@std@@UPluginCfg@@@std@@@std@@@std@@@0@AAV10@@Z 1000d920 f i Setting.obj
 0001:0000c960       ??$forward@ABV?$basic_string@DU?$char_traits@D@std@@V?$allocator@D@2@@std@@@std@@YAABV?$basic_string@DU?$char_traits@D@std@@V?$allocator@D@2@@0@ABV10@@Z 1000d960 f i Setting.obj
 0001:0000c9a0       ??$forward@U?$pair@V?$basic_string@DU?$char_traits@D@std@@V?$allocator@D@2@@std@@UPluginCfg@@@std@@@std@@YA$$QAU?$pair@V?$basic_string@DU?$char_traits@D@std@@V?$allocator@D@2@@std@@UPluginCfg@@@0@AAU10@@Z 1000d9a0 f i Setting.obj
 0001:0000c9e0       ??$forward@UPluginCfg@@@std@@YA$$QAUPluginCfg@@AAU1@@Z 1000d9e0 f i Setting.obj
 0001:0000ca20       ??$forward@V?$_Tree_iterator@V?$_Tree_val@U?$_Tree_simple_types@U?$pair@$$CBV?$basic_string@DU?$char_traits@D@std@@V?$allocator@D@2@@std@@UPluginCfg@@@std@@@std@@@std@@@std@@@std@@YA$$QAV?$_Tree_iterator@V?$_Tree_val@U?$_Tree_simple_types@U?$pair@$$CBV?$basic_string@DU?$char_traits@D@std@@V?$allocator@D@2@@std@@UPluginCfg@@@std@@@std@@@std@@@0@AAV10@@Z 1000da20 f i Setting.obj
 0001:0000ca60       ??$forward@V?$basic_string@DU?$char_traits@D@std@@V?$allocator@D@2@@std@@@std@@YA$$QAV?$basic_string@DU?$char_traits@D@std@@V?$allocator@D@2@@0@AAV10@@Z 1000da60 f i Setting.obj
 0001:0000caa0       ??$forward@_N@std@@YA$$QA_NAA_N@Z 1000daa0 f i Setting.obj
 0001:0000cae0       ??$insert@U?$pair@V?$basic_string@DU?$char_traits@D@std@@V?$allocator@D@2@@std@@UPluginCfg@@@std@@@?$_Tree@V?$_Tmap_traits@V?$basic_string@DU?$char_traits@D@std@@V?$allocator@D@2@@std@@UPluginCfg@@U?$less@V?$basic_string@DU?$char_traits@D@std@@V?$allocator@D@2@@std@@@2@V?$allocator@U?$pair@$$CBV?$basic_string@DU?$char_traits@D@std@@V?$allocator@D@2@@std@@UPluginCfg@@@std@@@2@$0A@@std@@@std@@QAE?AV?$_Tree_iterator@V?$_Tree_val@U?$_Tree_simple_types@U?$pair@$$CBV?$basic_string@DU?$char_traits@D@std@@V?$allocator@D@2@@std@@UPluginCfg@@@std@@@std@@@std@@@1@V?$_Tree_const_iterator@V?$_Tree_val@U?$_Tree_simple_types@U?$pair@$$CBV?$basic_string@DU?$char_traits@D@std@@V?$allocator@D@2@@std@@UPluginCfg@@@std@@@std@@@std@@@1@$$QAU?$pair@V?$basic_string@DU?$char_traits@D@std@@V?$allocator@D@2@@std@@UPluginCfg@@@1@@Z 1000dae0 f i Setting.obj
 0001:0000cc10       ??$move@AAV?$basic_string@DU?$char_traits@D@std@@V?$allocator@D@2@@std@@@std@@YA$$QAV?$basic_string@DU?$char_traits@D@std@@V?$allocator@D@2@@0@AAV10@@Z 1000dc10 f i Setting.obj
 0001:0000cc50       ??$strcpy_s@$0CA@@@YAHAAY0CA@DPBD@Z 1000dc50 f i Setting.obj
 0001:0000ccb0       ??$strcpy_s@$0IA@@@YAHAAY0IA@DPBD@Z 1000dcb0 f i Setting.obj
 0001:0000cd10       ??$swap@D@std@@YAXAAD0@Z   1000dd10 f i Setting.obj
 0001:0000cdd0       ??0?$_Iterator012@Ubidirectional_iterator_tag@std@@U?$pair@$$CBV?$basic_string@DU?$char_traits@D@std@@V?$allocator@D@2@@std@@UPluginCfg@@@2@HPBU32@ABU32@U_Iterator_base12@2@@std@@QAE@ABU01@@Z 1000ddd0 f i Setting.obj
 0001:0000ce30       ??0?$_Iterator012@Ubidirectional_iterator_tag@std@@U?$pair@$$CBV?$basic_string@DU?$char_traits@D@std@@V?$allocator@D@2@@std@@UPluginCfg@@@2@HPBU32@ABU32@U_Iterator_base12@2@@std@@QAE@XZ 1000de30 f i Setting.obj
 0001:0000ce90       ??0?$_Tree@V?$_Tmap_traits@V?$basic_string@DU?$char_traits@D@std@@V?$allocator@D@2@@std@@UPluginCfg@@U?$less@V?$basic_string@DU?$char_traits@D@std@@V?$allocator@D@2@@std@@@2@V?$allocator@U?$pair@$$CBV?$basic_string@DU?$char_traits@D@std@@V?$allocator@D@2@@std@@UPluginCfg@@@std@@@2@$0A@@std@@@std@@QAE@ABU?$less@V?$basic_string@DU?$char_traits@D@std@@V?$allocator@D@2@@std@@@1@ABV?$allocator@U?$pair@$$CBV?$basic_string@DU?$char_traits@D@std@@V?$allocator@D@2@@std@@UPluginCfg@@@std@@@1@@Z 1000de90 f i Setting.obj
 0001:0000cef0       ??0?$_Tree@V?$_Tmap_traits@V?$basic_string@DU?$char_traits@D@std@@V?$allocator@D@2@@std@@UPluginCfg@@U?$less@V?$basic_string@DU?$char_traits@D@std@@V?$allocator@D@2@@std@@@2@V?$allocator@U?$pair@$$CBV?$basic_string@DU?$char_traits@D@std@@V?$allocator@D@2@@std@@UPluginCfg@@@std@@@2@$0A@@std@@@std@@QAE@ABV01@ABV?$allocator@U?$pair@$$CBV?$basic_string@DU?$char_traits@D@std@@V?$allocator@D@2@@std@@UPluginCfg@@@std@@@1@@Z 1000def0 f i Setting.obj
 0001:0000d010       ??0?$_Tree_alloc@$0A@U?$_Tree_base_types@U?$pair@$$CBV?$basic_string@DU?$char_traits@D@std@@V?$allocator@D@2@@std@@UPluginCfg@@@std@@V?$allocator@U?$pair@$$CBV?$basic_string@DU?$char_traits@D@std@@V?$allocator@D@2@@std@@UPluginCfg@@@std@@@2@@std@@@std@@QAE@ABV?$allocator@U?$pair@$$CBV?$basic_string@DU?$char_traits@D@std@@V?$allocator@D@2@@std@@UPluginCfg@@@std@@@1@@Z 1000e010 f i Setting.obj
 0001:0000d110       ??0?$_Tree_buy@U?$pair@$$CBV?$basic_string@DU?$char_traits@D@std@@V?$allocator@D@2@@std@@UPluginCfg@@@std@@V?$allocator@U?$pair@$$CBV?$basic_string@DU?$char_traits@D@std@@V?$allocator@D@2@@std@@UPluginCfg@@@std@@@2@@std@@QAE@ABV?$allocator@U?$pair@$$CBV?$basic_string@DU?$char_traits@D@std@@V?$allocator@D@2@@std@@UPluginCfg@@@std@@@1@@Z 1000e110 f i Setting.obj
 0001:0000d170       ??0?$_Tree_comp@$0A@V?$_Tmap_traits@V?$basic_string@DU?$char_traits@D@std@@V?$allocator@D@2@@std@@UPluginCfg@@U?$less@V?$basic_string@DU?$char_traits@D@std@@V?$allocator@D@2@@std@@@2@V?$allocator@U?$pair@$$CBV?$basic_string@DU?$char_traits@D@std@@V?$allocator@D@2@@std@@UPluginCfg@@@std@@@2@$0A@@std@@@std@@QAE@ABU?$less@V?$basic_string@DU?$char_traits@D@std@@V?$allocator@D@2@@std@@@1@ABV?$allocator@U?$pair@$$CBV?$basic_string@DU?$char_traits@D@std@@V?$allocator@D@2@@std@@UPluginCfg@@@std@@@1@@Z 1000e170 f i Setting.obj
 0001:0000d1d0       ??0?$_Tree_const_iterator@V?$_Tree_val@U?$_Tree_simple_types@U?$pair@$$CBV?$basic_string@DU?$char_traits@D@std@@V?$allocator@D@2@@std@@UPluginCfg@@@std@@@std@@@std@@@std@@QAE@ABV01@@Z 1000e1d0 f i Setting.obj
 0001:0000d230       ??0?$_Tree_const_iterator@V?$_Tree_val@U?$_Tree_simple_types@U?$pair@$$CBV?$basic_string@DU?$char_traits@D@std@@V?$allocator@D@2@@std@@UPluginCfg@@@std@@@std@@@std@@@std@@QAE@PAU?$_Tree_node@U?$pair@$$CBV?$basic_string@DU?$char_traits@D@std@@V?$allocator@D@2@@std@@UPluginCfg@@@std@@PAX@1@PBV?$_Tree_val@U?$_Tree_simple_types@U?$pair@$$CBV?$basic_string@DU?$char_traits@D@std@@V?$allocator@D@2@@std@@UPluginCfg@@@std@@@std@@@1@@Z 1000e230 f i Setting.obj
 0001:0000d290       ??0?$_Tree_const_iterator@V?$_Tree_val@U?$_Tree_simple_types@U?$pair@$$CBV?$basic_string@DU?$char_traits@D@std@@V?$allocator@D@2@@std@@UPluginCfg@@@std@@@std@@@std@@@std@@QAE@XZ 1000e290 f i Setting.obj
 0001:0000d2f0       ??0?$_Tree_iterator@V?$_Tree_val@U?$_Tree_simple_types@U?$pair@$$CBV?$basic_string@DU?$char_traits@D@std@@V?$allocator@D@2@@std@@UPluginCfg@@@std@@@std@@@std@@@std@@QAE@ABV01@@Z 1000e2f0 f i Setting.obj
 0001:0000d350       ??0?$_Tree_iterator@V?$_Tree_val@U?$_Tree_simple_types@U?$pair@$$CBV?$basic_string@DU?$char_traits@D@std@@V?$allocator@D@2@@std@@UPluginCfg@@@std@@@std@@@std@@@std@@QAE@PAU?$_Tree_node@U?$pair@$$CBV?$basic_string@DU?$char_traits@D@std@@V?$allocator@D@2@@std@@UPluginCfg@@@std@@PAX@1@PBV?$_Tree_val@U?$_Tree_simple_types@U?$pair@$$CBV?$basic_string@DU?$char_traits@D@std@@V?$allocator@D@2@@std@@UPluginCfg@@@std@@@std@@@1@@Z 1000e350 f i Setting.obj
 0001:0000d3b0       ??0?$_Tree_unchecked_const_iterator@V?$_Tree_val@U?$_Tree_simple_types@U?$pair@$$CBV?$basic_string@DU?$char_traits@D@std@@V?$allocator@D@2@@std@@UPluginCfg@@@std@@@std@@@std@@U_Iterator_base12@2@@std@@QAE@ABV01@@Z 1000e3b0 f i Setting.obj
 0001:0000d420       ??0?$_Tree_unchecked_const_iterator@V?$_Tree_val@U?$_Tree_simple_types@U?$pair@$$CBV?$basic_string@DU?$char_traits@D@std@@V?$allocator@D@2@@std@@UPluginCfg@@@std@@@std@@@std@@U_Iterator_base12@2@@std@@QAE@PAU?$_Tree_node@U?$pair@$$CBV?$basic_string@DU?$char_traits@D@std@@V?$allocator@D@2@@std@@UPluginCfg@@@std@@PAX@1@PBV?$_Tree_val@U?$_Tree_simple_types@U?$pair@$$CBV?$basic_string@DU?$char_traits@D@std@@V?$allocator@D@2@@std@@UPluginCfg@@@std@@@std@@@1@@Z 1000e420 f i Setting.obj
 0001:0000d4e0       ??0?$_Tree_unchecked_const_iterator@V?$_Tree_val@U?$_Tree_simple_types@U?$pair@$$CBV?$basic_string@DU?$char_traits@D@std@@V?$allocator@D@2@@std@@UPluginCfg@@@std@@@std@@@std@@U_Iterator_base12@2@@std@@QAE@XZ 1000e4e0 f i Setting.obj
 0001:0000d540       ??0?$_Tree_val@U?$_Tree_simple_types@U?$pair@$$CBV?$basic_string@DU?$char_traits@D@std@@V?$allocator@D@2@@std@@UPluginCfg@@@std@@@std@@@std@@QAE@XZ 1000e540 f i Setting.obj
 0001:0000d5b0       ??0?$_Wrap_alloc@V?$allocator@U?$_Tree_node@U?$pair@$$CBV?$basic_string@DU?$char_traits@D@std@@V?$allocator@D@2@@std@@UPluginCfg@@@std@@PAX@std@@@std@@@std@@QAE@ABV?$allocator@U?$_Tree_node@U?$pair@$$CBV?$basic_string@DU?$char_traits@D@std@@V?$allocator@D@2@@std@@UPluginCfg@@@std@@PAX@std@@@1@@Z 1000e5b0 f i Setting.obj
 0001:0000d610       ??0?$_Wrap_alloc@V?$allocator@U?$_Tree_node@U?$pair@$$CBV?$basic_string@DU?$char_traits@D@std@@V?$allocator@D@2@@std@@UPluginCfg@@@std@@PAX@std@@@std@@@std@@QAE@XZ 1000e610 f i Setting.obj
 0001:0000d670       ??0?$allocator@U?$_Tree_node@U?$pair@$$CBV?$basic_string@DU?$char_traits@D@std@@V?$allocator@D@2@@std@@UPluginCfg@@@std@@PAX@std@@@std@@QAE@ABV01@@Z 1000e670 f i Setting.obj
 0001:0000d6b0       ??0?$allocator@U?$_Tree_node@U?$pair@$$CBV?$basic_string@DU?$char_traits@D@std@@V?$allocator@D@2@@std@@UPluginCfg@@@std@@PAX@std@@@std@@QAE@XZ 1000e6b0 f i Setting.obj
 0001:0000d6f0       ??0?$allocator@U?$pair@$$CBV?$basic_string@DU?$char_traits@D@std@@V?$allocator@D@2@@std@@UPluginCfg@@@std@@@std@@QAE@XZ 1000e6f0 f i Setting.obj
 0001:0000d730       ??0?$basic_string@DU?$char_traits@D@std@@V?$allocator@D@2@@std@@QAE@$$QAV01@@Z 1000e730 f i Setting.obj
 0001:0000d7d0       ??0?$map@V?$basic_string@DU?$char_traits@D@std@@V?$allocator@D@2@@std@@UPluginCfg@@U?$less@V?$basic_string@DU?$char_traits@D@std@@V?$allocator@D@2@@std@@@2@V?$allocator@U?$pair@$$CBV?$basic_string@DU?$char_traits@D@std@@V?$allocator@D@2@@std@@UPluginCfg@@@std@@@2@@std@@QAE@ABV01@@Z 1000e7d0 f i Setting.obj
 0001:0000d870       ??0?$map@V?$basic_string@DU?$char_traits@D@std@@V?$allocator@D@2@@std@@UPluginCfg@@U?$less@V?$basic_string@DU?$char_traits@D@std@@V?$allocator@D@2@@std@@@2@V?$allocator@U?$pair@$$CBV?$basic_string@DU?$char_traits@D@std@@V?$allocator@D@2@@std@@UPluginCfg@@@std@@@2@@std@@QAE@XZ 1000e870 f i Setting.obj
 0001:0000d8e0       ??0?$pair@$$CBV?$basic_string@DU?$char_traits@D@std@@V?$allocator@D@2@@std@@UPluginCfg@@@std@@QAE@ABU01@@Z 1000e8e0 f i Setting.obj
 0001:0000d960       ??0Setting@@QAE@XZ         1000e960 f   Setting.obj
 0001:0000d9c0       ??0_Iterator_base12@std@@QAE@ABU01@@Z 1000e9c0 f i Setting.obj
 0001:0000da40       ??0_Iterator_base12@std@@QAE@XZ 1000ea40 f i Setting.obj
 0001:0000da90       ??1?$_Iterator012@Ubidirectional_iterator_tag@std@@U?$pair@$$CBV?$basic_string@DU?$char_traits@D@std@@V?$allocator@D@2@@std@@UPluginCfg@@@2@HPBU32@ABU32@U_Iterator_base12@2@@std@@QAE@XZ 1000ea90 f i Setting.obj
 0001:0000dae0       ??1?$_Tree@V?$_Tmap_traits@V?$basic_string@DU?$char_traits@D@std@@V?$allocator@D@2@@std@@UPluginCfg@@U?$less@V?$basic_string@DU?$char_traits@D@std@@V?$allocator@D@2@@std@@@2@V?$allocator@U?$pair@$$CBV?$basic_string@DU?$char_traits@D@std@@V?$allocator@D@2@@std@@UPluginCfg@@@std@@@2@$0A@@std@@@std@@QAE@XZ 1000eae0 f i Setting.obj
 0001:0000db40       ??1?$_Tree_alloc@$0A@U?$_Tree_base_types@U?$pair@$$CBV?$basic_string@DU?$char_traits@D@std@@V?$allocator@D@2@@std@@UPluginCfg@@@std@@V?$allocator@U?$pair@$$CBV?$basic_string@DU?$char_traits@D@std@@V?$allocator@D@2@@std@@UPluginCfg@@@std@@@2@@std@@@std@@QAE@XZ 1000eb40 f i Setting.obj
 0001:0000dbb0       ??1?$_Tree_buy@U?$pair@$$CBV?$basic_string@DU?$char_traits@D@std@@V?$allocator@D@2@@std@@UPluginCfg@@@std@@V?$allocator@U?$pair@$$CBV?$basic_string@DU?$char_traits@D@std@@V?$allocator@D@2@@std@@UPluginCfg@@@std@@@2@@std@@QAE@XZ 1000ebb0 f i Setting.obj
 0001:0000dc00       ??1?$_Tree_comp@$0A@V?$_Tmap_traits@V?$basic_string@DU?$char_traits@D@std@@V?$allocator@D@2@@std@@UPluginCfg@@U?$less@V?$basic_string@DU?$char_traits@D@std@@V?$allocator@D@2@@std@@@2@V?$allocator@U?$pair@$$CBV?$basic_string@DU?$char_traits@D@std@@V?$allocator@D@2@@std@@UPluginCfg@@@std@@@2@$0A@@std@@@std@@QAE@XZ 1000ec00 f i Setting.obj
 0001:0000dc50       ??1?$_Tree_const_iterator@V?$_Tree_val@U?$_Tree_simple_types@U?$pair@$$CBV?$basic_string@DU?$char_traits@D@std@@V?$allocator@D@2@@std@@UPluginCfg@@@std@@@std@@@std@@@std@@QAE@XZ 1000ec50 f i Setting.obj
 0001:0000dca0       ??1?$_Tree_iterator@V?$_Tree_val@U?$_Tree_simple_types@U?$pair@$$CBV?$basic_string@DU?$char_traits@D@std@@V?$allocator@D@2@@std@@UPluginCfg@@@std@@@std@@@std@@@std@@QAE@XZ 1000eca0 f i Setting.obj
 0001:0000dcf0       ??1?$_Tree_unchecked_const_iterator@V?$_Tree_val@U?$_Tree_simple_types@U?$pair@$$CBV?$basic_string@DU?$char_traits@D@std@@V?$allocator@D@2@@std@@UPluginCfg@@@std@@@std@@@std@@U_Iterator_base12@2@@std@@QAE@XZ 1000ecf0 f i Setting.obj
 0001:0000dd40       ??1?$_Tree_val@U?$_Tree_simple_types@U?$pair@$$CBV?$basic_string@DU?$char_traits@D@std@@V?$allocator@D@2@@std@@UPluginCfg@@@std@@@std@@@std@@QAE@XZ 1000ed40 f i Setting.obj
 0001:0000dd90       ??1?$map@V?$basic_string@DU?$char_traits@D@std@@V?$allocator@D@2@@std@@UPluginCfg@@U?$less@V?$basic_string@DU?$char_traits@D@std@@V?$allocator@D@2@@std@@@2@V?$allocator@U?$pair@$$CBV?$basic_string@DU?$char_traits@D@std@@V?$allocator@D@2@@std@@UPluginCfg@@@std@@@2@@std@@QAE@XZ 1000ed90 f i Setting.obj
 0001:0000dde0       ??1?$pair@$$CBV?$basic_string@DU?$char_traits@D@std@@V?$allocator@D@2@@std@@UPluginCfg@@@std@@QAE@XZ 1000ede0 f i Setting.obj
 0001:0000de30       ??1?$pair@V?$_Tree_iterator@V?$_Tree_val@U?$_Tree_simple_types@U?$pair@$$CBV?$basic_string@DU?$char_traits@D@std@@V?$allocator@D@2@@std@@UPluginCfg@@@std@@@std@@@std@@@std@@V12@@std@@QAE@XZ 1000ee30 f i Setting.obj
 0001:0000de90       ??1?$pair@V?$_Tree_iterator@V?$_Tree_val@U?$_Tree_simple_types@U?$pair@$$CBV?$basic_string@DU?$char_traits@D@std@@V?$allocator@D@2@@std@@UPluginCfg@@@std@@@std@@@std@@@std@@_N@std@@QAE@XZ 1000ee90 f i Setting.obj
 0001:0000dee0       ??1?$pair@V?$basic_string@DU?$char_traits@D@std@@V?$allocator@D@2@@std@@UPluginCfg@@@std@@QAE@XZ 1000eee0 f i Setting.obj
 0001:0000df30       ??1Setting@@QAE@XZ         1000ef30 f   Setting.obj
 0001:0000e0a0       ??1_Iterator_base12@std@@QAE@XZ 1000f0a0 f i Setting.obj
 0001:0000e140       ??4?$_Iterator012@Ubidirectional_iterator_tag@std@@U?$pair@$$CBV?$basic_string@DU?$char_traits@D@std@@V?$allocator@D@2@@std@@UPluginCfg@@@2@HPBU32@ABU32@U_Iterator_base12@2@@std@@QAEAAU01@ABU01@@Z 1000f140 f i Setting.obj
 0001:0000e1a0       ??4?$_Tree_const_iterator@V?$_Tree_val@U?$_Tree_simple_types@U?$pair@$$CBV?$basic_string@DU?$char_traits@D@std@@V?$allocator@D@2@@std@@UPluginCfg@@@std@@@std@@@std@@@std@@QAEAAV01@ABV01@@Z 1000f1a0 f i Setting.obj
 0001:0000e200       ??4?$_Tree_iterator@V?$_Tree_val@U?$_Tree_simple_types@U?$pair@$$CBV?$basic_string@DU?$char_traits@D@std@@V?$allocator@D@2@@std@@UPluginCfg@@@std@@@std@@@std@@@std@@QAEAAV01@ABV01@@Z 1000f200 f i Setting.obj
 0001:0000e260       ??4?$_Tree_unchecked_const_iterator@V?$_Tree_val@U?$_Tree_simple_types@U?$pair@$$CBV?$basic_string@DU?$char_traits@D@std@@V?$allocator@D@2@@std@@UPluginCfg@@@std@@@std@@@std@@U_Iterator_base12@2@@std@@QAEAAV01@ABV01@@Z 1000f260 f i Setting.obj
 0001:0000e2d0       ??4_Iterator_base12@std@@QAEAAU01@ABU01@@Z 1000f2d0 f i Setting.obj
 0001:0000e3f0       ??8?$_Tree_const_iterator@V?$_Tree_val@U?$_Tree_simple_types@U?$pair@$$CBV?$basic_string@DU?$char_traits@D@std@@V?$allocator@D@2@@std@@UPluginCfg@@@std@@@std@@@std@@@std@@QBE_NABV01@@Z 1000f3f0 f i Setting.obj
 0001:0000e520       ??9?$_Tree_const_iterator@V?$_Tree_val@U?$_Tree_simple_types@U?$pair@$$CBV?$basic_string@DU?$char_traits@D@std@@V?$allocator@D@2@@std@@UPluginCfg@@@std@@@std@@@std@@@std@@QBE_NABV01@@Z 1000f520 f i Setting.obj
 0001:0000e5b0       ??A?$map@V?$basic_string@DU?$char_traits@D@std@@V?$allocator@D@2@@std@@UPluginCfg@@U?$less@V?$basic_string@DU?$char_traits@D@std@@V?$allocator@D@2@@std@@@2@V?$allocator@U?$pair@$$CBV?$basic_string@DU?$char_traits@D@std@@V?$allocator@D@2@@std@@UPluginCfg@@@std@@@2@@std@@QAEAAUPluginCfg@@$$QAV?$basic_string@DU?$char_traits@D@std@@V?$allocator@D@2@@1@@Z 1000f5b0 f i Setting.obj
 0001:0000e8d0       ??A?$map@V?$basic_string@DU?$char_traits@D@std@@V?$allocator@D@2@@std@@UPluginCfg@@U?$less@V?$basic_string@DU?$char_traits@D@std@@V?$allocator@D@2@@std@@@2@V?$allocator@U?$pair@$$CBV?$basic_string@DU?$char_traits@D@std@@V?$allocator@D@2@@std@@UPluginCfg@@@std@@@2@@std@@QAEAAUPluginCfg@@ABV?$basic_string@DU?$char_traits@D@std@@V?$allocator@D@2@@1@@Z 1000f8d0 f i Setting.obj
 0001:0000ebe0       ??C?$_Tree_iterator@V?$_Tree_val@U?$_Tree_simple_types@U?$pair@$$CBV?$basic_string@DU?$char_traits@D@std@@V?$allocator@D@2@@std@@UPluginCfg@@@std@@@std@@@std@@@std@@QBEPAU?$pair@$$CBV?$basic_string@DU?$char_traits@D@std@@V?$allocator@D@2@@std@@UPluginCfg@@@1@XZ 1000fbe0 f i Setting.obj
 0001:0000ec40       ??D?$_Tree_const_iterator@V?$_Tree_val@U?$_Tree_simple_types@U?$pair@$$CBV?$basic_string@DU?$char_traits@D@std@@V?$allocator@D@2@@std@@UPluginCfg@@@std@@@std@@@std@@@std@@QBEABU?$pair@$$CBV?$basic_string@DU?$char_traits@D@std@@V?$allocator@D@2@@std@@UPluginCfg@@@1@XZ 1000fc40 f i Setting.obj
 0001:0000ed50       ??D?$_Tree_iterator@V?$_Tree_val@U?$_Tree_simple_types@U?$pair@$$CBV?$basic_string@DU?$char_traits@D@std@@V?$allocator@D@2@@std@@UPluginCfg@@@std@@@std@@@std@@@std@@QBEAAU?$pair@$$CBV?$basic_string@DU?$char_traits@D@std@@V?$allocator@D@2@@std@@UPluginCfg@@@1@XZ 1000fd50 f i Setting.obj
 0001:0000eda0       ??E?$_Tree_const_iterator@V?$_Tree_val@U?$_Tree_simple_types@U?$pair@$$CBV?$basic_string@DU?$char_traits@D@std@@V?$allocator@D@2@@std@@UPluginCfg@@@std@@@std@@@std@@@std@@QAE?AV01@H@Z 1000fda0 f i Setting.obj
 0001:0000eec0       ??E?$_Tree_const_iterator@V?$_Tree_val@U?$_Tree_simple_types@U?$pair@$$CBV?$basic_string@DU?$char_traits@D@std@@V?$allocator@D@2@@std@@UPluginCfg@@@std@@@std@@@std@@@std@@QAEAAV01@XZ 1000fec0 f i Setting.obj
 0001:0000efd0       ??E?$_Tree_iterator@V?$_Tree_val@U?$_Tree_simple_types@U?$pair@$$CBV?$basic_string@DU?$char_traits@D@std@@V?$allocator@D@2@@std@@UPluginCfg@@@std@@@std@@@std@@@std@@QAEAAV01@XZ 1000ffd0 f i Setting.obj
 0001:0000f030       ??E?$_Tree_unchecked_const_iterator@V?$_Tree_val@U?$_Tree_simple_types@U?$pair@$$CBV?$basic_string@DU?$char_traits@D@std@@V?$allocator@D@2@@std@@UPluginCfg@@@std@@@std@@@std@@U_Iterator_base12@2@@std@@QAEAAV01@XZ 10010030 f i Setting.obj
 0001:0000f160       ??F?$_Tree_const_iterator@V?$_Tree_val@U?$_Tree_simple_types@U?$pair@$$CBV?$basic_string@DU?$char_traits@D@std@@V?$allocator@D@2@@std@@UPluginCfg@@@std@@@std@@@std@@@std@@QAEAAV01@XZ 10010160 f i Setting.obj
 0001:0000f2f0       ??F?$_Tree_iterator@V?$_Tree_val@U?$_Tree_simple_types@U?$pair@$$CBV?$basic_string@DU?$char_traits@D@std@@V?$allocator@D@2@@std@@UPluginCfg@@@std@@@std@@@std@@@std@@QAEAAV01@XZ 100102f0 f i Setting.obj
 0001:0000f350       ??F?$_Tree_unchecked_const_iterator@V?$_Tree_val@U?$_Tree_simple_types@U?$pair@$$CBV?$basic_string@DU?$char_traits@D@std@@V?$allocator@D@2@@std@@UPluginCfg@@@std@@@std@@@std@@U_Iterator_base12@2@@std@@QAEAAV01@XZ 10010350 f i Setting.obj
 0001:0000f4b0       ??R?$less@V?$basic_string@DU?$char_traits@D@std@@V?$allocator@D@2@@std@@@std@@QBE_NABV?$basic_string@DU?$char_traits@D@std@@V?$allocator@D@2@@1@0@Z 100104b0 f i Setting.obj
 0001:0000f510       ??_G?$pair@$$CBV?$basic_string@DU?$char_traits@D@std@@V?$allocator@D@2@@std@@UPluginCfg@@@std@@QAEPAXI@Z 10010510 f i Setting.obj
 0001:0000f580       ?_Adopt@_Iterator_base12@std@@QAEXPBU_Container_base12@2@@Z 10010580 f i Setting.obj
 0001:0000f700       ?_Alloc_proxy@?$_Tree_alloc@$0A@U?$_Tree_base_types@U?$pair@$$CBV?$basic_string@DU?$char_traits@D@std@@V?$allocator@D@2@@std@@UPluginCfg@@@std@@V?$allocator@U?$pair@$$CBV?$basic_string@DU?$char_traits@D@std@@V?$allocator@D@2@@std@@UPluginCfg@@@std@@@2@@std@@@std@@QAEXXZ 10010700 f i Setting.obj
 0001:0000f7e0       ?_Assign_rv@?$basic_string@DU?$char_traits@D@std@@V?$allocator@D@2@@std@@QAEX$$QAV12@@Z 100107e0 f i Setting.obj
 0001:0000f8d0       ?_Buyheadnode@?$_Tree_alloc@$0A@U?$_Tree_base_types@U?$pair@$$CBV?$basic_string@DU?$char_traits@D@std@@V?$allocator@D@2@@std@@UPluginCfg@@@std@@V?$allocator@U?$pair@$$CBV?$basic_string@DU?$char_traits@D@std@@V?$allocator@D@2@@std@@UPluginCfg@@@std@@@2@@std@@@std@@QAEPAU?$_Tree_node@U?$pair@$$CBV?$basic_string@DU?$char_traits@D@std@@V?$allocator@D@2@@std@@UPluginCfg@@@std@@PAX@2@XZ 100108d0 f i Setting.obj
 0001:0000fb30       ?_Buynode0@?$_Tree_buy@U?$pair@$$CBV?$basic_string@DU?$char_traits@D@std@@V?$allocator@D@2@@std@@UPluginCfg@@@std@@V?$allocator@U?$pair@$$CBV?$basic_string@DU?$char_traits@D@std@@V?$allocator@D@2@@std@@UPluginCfg@@@std@@@2@@std@@QAEPAU?$_Tree_node@U?$pair@$$CBV?$basic_string@DU?$char_traits@D@std@@V?$allocator@D@2@@std@@UPluginCfg@@@std@@PAX@2@XZ 10010b30 f i Setting.obj
 0001:0000fd40       ?_Clrcont@_Iterator_base12@std@@QAEXXZ 10010d40 f i Setting.obj
 0001:0000fd80       ?_Color@?$_Tree_val@U?$_Tree_simple_types@U?$pair@$$CBV?$basic_string@DU?$char_traits@D@std@@V?$allocator@D@2@@std@@UPluginCfg@@@std@@@std@@@std@@SAAADPAU?$_Tree_node@U?$pair@$$CBV?$basic_string@DU?$char_traits@D@std@@V?$allocator@D@2@@std@@UPluginCfg@@@std@@PAX@2@@Z 10010d80 f i Setting.obj
 0001:0000fdc0       ?_Destroy_if_not_nil@?$_Tree@V?$_Tmap_traits@V?$basic_string@DU?$char_traits@D@std@@V?$allocator@D@2@@std@@UPluginCfg@@U?$less@V?$basic_string@DU?$char_traits@D@std@@V?$allocator@D@2@@std@@@2@V?$allocator@U?$pair@$$CBV?$basic_string@DU?$char_traits@D@std@@V?$allocator@D@2@@std@@UPluginCfg@@@std@@@2@$0A@@std@@@std@@IAEXPAU?$_Tree_node@U?$pair@$$CBV?$basic_string@DU?$char_traits@D@std@@V?$allocator@D@2@@std@@UPluginCfg@@@std@@PAX@2@@Z 10010dc0 f i Setting.obj
 0001:0000fe70       ?_Eqrange@?$_Tree@V?$_Tmap_traits@V?$basic_string@DU?$char_traits@D@std@@V?$allocator@D@2@@std@@UPluginCfg@@U?$less@V?$basic_string@DU?$char_traits@D@std@@V?$allocator@D@2@@std@@@2@V?$allocator@U?$pair@$$CBV?$basic_string@DU?$char_traits@D@std@@V?$allocator@D@2@@std@@UPluginCfg@@@std@@@2@$0A@@std@@@std@@IAE?AU?$pair@V?$_Tree_iterator@V?$_Tree_val@U?$_Tree_simple_types@U?$pair@$$CBV?$basic_string@DU?$char_traits@D@std@@V?$allocator@D@2@@std@@UPluginCfg@@@std@@@std@@@std@@@std@@V12@@2@ABV?$basic_string@DU?$char_traits@D@std@@V?$allocator@D@2@@2@@Z 10010e70 f i Setting.obj
 0001:00010240       ?_Erase@?$_Tree@V?$_Tmap_traits@V?$basic_string@DU?$char_traits@D@std@@V?$allocator@D@2@@std@@UPluginCfg@@U?$less@V?$basic_string@DU?$char_traits@D@std@@V?$allocator@D@2@@std@@@2@V?$allocator@U?$pair@$$CBV?$basic_string@DU?$char_traits@D@std@@V?$allocator@D@2@@std@@UPluginCfg@@@std@@@2@$0A@@std@@@std@@IAEXPAU?$_Tree_node@U?$pair@$$CBV?$basic_string@DU?$char_traits@D@std@@V?$allocator@D@2@@std@@UPluginCfg@@@std@@PAX@2@@Z 10011240 f i Setting.obj
 0001:00010350       ?_Free_proxy@?$_Tree_alloc@$0A@U?$_Tree_base_types@U?$pair@$$CBV?$basic_string@DU?$char_traits@D@std@@V?$allocator@D@2@@std@@UPluginCfg@@@std@@V?$allocator@U?$pair@$$CBV?$basic_string@DU?$char_traits@D@std@@V?$allocator@D@2@@std@@UPluginCfg@@@std@@@2@@std@@@std@@QAEXXZ 10011350 f i Setting.obj
 0001:00010430       ?_Freeheadnode@?$_Tree_alloc@$0A@U?$_Tree_base_types@U?$pair@$$CBV?$basic_string@DU?$char_traits@D@std@@V?$allocator@D@2@@std@@UPluginCfg@@@std@@V?$allocator@U?$pair@$$CBV?$basic_string@DU?$char_traits@D@std@@V?$allocator@D@2@@std@@UPluginCfg@@@std@@@2@@std@@@std@@QAEXPAU?$_Tree_node@U?$pair@$$CBV?$basic_string@DU?$char_traits@D@std@@V?$allocator@D@2@@std@@UPluginCfg@@@std@@PAX@2@@Z 10011430 f i Setting.obj
 0001:00010540       ?_Freenode0@?$_Tree_buy@U?$pair@$$CBV?$basic_string@DU?$char_traits@D@std@@V?$allocator@D@2@@std@@UPluginCfg@@@std@@V?$allocator@U?$pair@$$CBV?$basic_string@DU?$char_traits@D@std@@V?$allocator@D@2@@std@@UPluginCfg@@@std@@@2@@std@@QAEXPAU?$_Tree_node@U?$pair@$$CBV?$basic_string@DU?$char_traits@D@std@@V?$allocator@D@2@@std@@UPluginCfg@@@std@@PAX@2@@Z 10011540 f i Setting.obj
 0001:00010650       ?_Getal@?$_Tree_alloc@$0A@U?$_Tree_base_types@U?$pair@$$CBV?$basic_string@DU?$char_traits@D@std@@V?$allocator@D@2@@std@@UPluginCfg@@@std@@V?$allocator@U?$pair@$$CBV?$basic_string@DU?$char_traits@D@std@@V?$allocator@D@2@@std@@UPluginCfg@@@std@@@2@@std@@@std@@QBE?AU?$_Wrap_alloc@V?$allocator@U?$_Tree_node@U?$pair@$$CBV?$basic_string@DU?$char_traits@D@std@@V?$allocator@D@2@@std@@UPluginCfg@@@std@@PAX@std@@@std@@@2@XZ 10011650 f i Setting.obj
 0001:000106b0       ?_Getcomp@?$_Tree_comp@$0A@V?$_Tmap_traits@V?$basic_string@DU?$char_traits@D@std@@V?$allocator@D@2@@std@@UPluginCfg@@U?$less@V?$basic_string@DU?$char_traits@D@std@@V?$allocator@D@2@@std@@@2@V?$allocator@U?$pair@$$CBV?$basic_string@DU?$char_traits@D@std@@V?$allocator@D@2@@std@@UPluginCfg@@@std@@@2@$0A@@std@@@std@@QBE?AU?$less@V?$basic_string@DU?$char_traits@D@std@@V?$allocator@D@2@@std@@@2@XZ 100116b0 f i Setting.obj
 0001:000106f0       ?_Getcont@_Iterator_base12@std@@QBEPBU_Container_base12@2@XZ 100116f0 f i Setting.obj
 0001:00010760       ?_Getpfirst@_Container_base12@std@@QBEPAPAU_Iterator_base12@2@XZ 10011760 f i Setting.obj
 0001:000107d0       ?_Getpnext@_Iterator_base12@std@@QAEPAPAU12@XZ 100117d0 f i Setting.obj
 0001:00010810       ?_Isnil@?$_Tree_val@U?$_Tree_simple_types@U?$pair@$$CBV?$basic_string@DU?$char_traits@D@std@@V?$allocator@D@2@@std@@UPluginCfg@@@std@@@std@@@std@@SAAADPAU?$_Tree_node@U?$pair@$$CBV?$basic_string@DU?$char_traits@D@std@@V?$allocator@D@2@@std@@UPluginCfg@@@std@@PAX@2@@Z 10011810 f i Setting.obj
 0001:00010850       ?_Key@?$_Tree@V?$_Tmap_traits@V?$basic_string@DU?$char_traits@D@std@@V?$allocator@D@2@@std@@UPluginCfg@@U?$less@V?$basic_string@DU?$char_traits@D@std@@V?$allocator@D@2@@std@@@2@V?$allocator@U?$pair@$$CBV?$basic_string@DU?$char_traits@D@std@@V?$allocator@D@2@@std@@UPluginCfg@@@std@@@2@$0A@@std@@@std@@IBEABV?$basic_string@DU?$char_traits@D@std@@V?$allocator@D@2@@2@PAU?$_Tree_node@U?$pair@$$CBV?$basic_string@DU?$char_traits@D@std@@V?$allocator@D@2@@std@@UPluginCfg@@@std@@PAX@2@@Z 10011850 f i Setting.obj
 0001:000108c0       ?_Kfn@?$_Tree@V?$_Tmap_traits@V?$basic_string@DU?$char_traits@D@std@@V?$allocator@D@2@@std@@UPluginCfg@@U?$less@V?$basic_string@DU?$char_traits@D@std@@V?$allocator@D@2@@std@@@2@V?$allocator@U?$pair@$$CBV?$basic_string@DU?$char_traits@D@std@@V?$allocator@D@2@@std@@UPluginCfg@@@std@@@2@$0A@@std@@@std@@IBEABV?$basic_string@DU?$char_traits@D@std@@V?$allocator@D@2@@2@ABU?$pair@$$CBV?$basic_string@DU?$char_traits@D@std@@V?$allocator@D@2@@std@@UPluginCfg@@@2@@Z 100118c0 f i Setting.obj
 0001:00010920       ?_Lbound@?$_Tree@V?$_Tmap_traits@V?$basic_string@DU?$char_traits@D@std@@V?$allocator@D@2@@std@@UPluginCfg@@U?$less@V?$basic_string@DU?$char_traits@D@std@@V?$allocator@D@2@@std@@@2@V?$allocator@U?$pair@$$CBV?$basic_string@DU?$char_traits@D@std@@V?$allocator@D@2@@std@@UPluginCfg@@@std@@@2@$0A@@std@@@std@@IAEPAU?$_Tree_node@U?$pair@$$CBV?$basic_string@DU?$char_traits@D@std@@V?$allocator@D@2@@std@@UPluginCfg@@@std@@PAX@2@ABV?$basic_string@DU?$char_traits@D@std@@V?$allocator@D@2@@2@@Z 10011920 f i Setting.obj
 0001:00010a30       ?_Left@?$_Tree_val@U?$_Tree_simple_types@U?$pair@$$CBV?$basic_string@DU?$char_traits@D@std@@V?$allocator@D@2@@std@@UPluginCfg@@@std@@@std@@@std@@SAAAPAU?$_Tree_node@U?$pair@$$CBV?$basic_string@DU?$char_traits@D@std@@V?$allocator@D@2@@std@@UPluginCfg@@@std@@PAX@2@PAU32@@Z 10011a30 f i Setting.obj
 0001:00010a70       ?_Lmost@?$_Tree@V?$_Tmap_traits@V?$basic_string@DU?$char_traits@D@std@@V?$allocator@D@2@@std@@UPluginCfg@@U?$less@V?$basic_string@DU?$char_traits@D@std@@V?$allocator@D@2@@std@@@2@V?$allocator@U?$pair@$$CBV?$basic_string@DU?$char_traits@D@std@@V?$allocator@D@2@@std@@UPluginCfg@@@std@@@2@$0A@@std@@@std@@IBEAAPAU?$_Tree_node@U?$pair@$$CBV?$basic_string@DU?$char_traits@D@std@@V?$allocator@D@2@@std@@UPluginCfg@@@std@@PAX@2@XZ 10011a70 f i Setting.obj
 0001:00010ad0       ?_Lrotate@?$_Tree@V?$_Tmap_traits@V?$basic_string@DU?$char_traits@D@std@@V?$allocator@D@2@@std@@UPluginCfg@@U?$less@V?$basic_string@DU?$char_traits@D@std@@V?$allocator@D@2@@std@@@2@V?$allocator@U?$pair@$$CBV?$basic_string@DU?$char_traits@D@std@@V?$allocator@D@2@@std@@UPluginCfg@@@std@@@2@$0A@@std@@@std@@IAEXPAU?$_Tree_node@U?$pair@$$CBV?$basic_string@DU?$char_traits@D@std@@V?$allocator@D@2@@std@@UPluginCfg@@@std@@PAX@2@@Z 10011ad0 f i Setting.obj
 0001:00010c80       ?_Max@?$_Tree_val@U?$_Tree_simple_types@U?$pair@$$CBV?$basic_string@DU?$char_traits@D@std@@V?$allocator@D@2@@std@@UPluginCfg@@@std@@@std@@@std@@SAPAU?$_Tree_node@U?$pair@$$CBV?$basic_string@DU?$char_traits@D@std@@V?$allocator@D@2@@std@@UPluginCfg@@@std@@PAX@2@PAU32@@Z 10011c80 f i Setting.obj
 0001:00010d00       ?_Min@?$_Tree_val@U?$_Tree_simple_types@U?$pair@$$CBV?$basic_string@DU?$char_traits@D@std@@V?$allocator@D@2@@std@@UPluginCfg@@@std@@@std@@@std@@SAPAU?$_Tree_node@U?$pair@$$CBV?$basic_string@DU?$char_traits@D@std@@V?$allocator@D@2@@std@@UPluginCfg@@@std@@PAX@2@PAU32@@Z 10011d00 f i Setting.obj
 0001:00010d80       ?_Mynode@?$_Tree_unchecked_const_iterator@V?$_Tree_val@U?$_Tree_simple_types@U?$pair@$$CBV?$basic_string@DU?$char_traits@D@std@@V?$allocator@D@2@@std@@UPluginCfg@@@std@@@std@@@std@@U_Iterator_base12@2@@std@@QBEPAU?$_Tree_node@U?$pair@$$CBV?$basic_string@DU?$char_traits@D@std@@V?$allocator@D@2@@std@@UPluginCfg@@@std@@PAX@2@XZ 10011d80 f i Setting.obj
 0001:00010dc0       ?_Myval@?$_Tree_val@U?$_Tree_simple_types@U?$pair@$$CBV?$basic_string@DU?$char_traits@D@std@@V?$allocator@D@2@@std@@UPluginCfg@@@std@@@std@@@std@@SAAAU?$pair@$$CBV?$basic_string@DU?$char_traits@D@std@@V?$allocator@D@2@@std@@UPluginCfg@@@2@PAU?$_Tree_node@U?$pair@$$CBV?$basic_string@DU?$char_traits@D@std@@V?$allocator@D@2@@std@@UPluginCfg@@@std@@PAX@2@@Z 10011dc0 f i Setting.obj
 0001:00010e00       ?_Orphan_me@_Iterator_base12@std@@QAEXXZ 10011e00 f i Setting.obj
 0001:00010ed0       ?_Orphan_ptr@?$_Tree@V?$_Tmap_traits@V?$basic_string@DU?$char_traits@D@std@@V?$allocator@D@2@@std@@UPluginCfg@@U?$less@V?$basic_string@DU?$char_traits@D@std@@V?$allocator@D@2@@std@@@2@V?$allocator@U?$pair@$$CBV?$basic_string@DU?$char_traits@D@std@@V?$allocator@D@2@@std@@UPluginCfg@@@std@@@2@$0A@@std@@@std@@IBEXAAV12@PAU?$_Tree_node@U?$pair@$$CBV?$basic_string@DU?$char_traits@D@std@@V?$allocator@D@2@@std@@UPluginCfg@@@std@@PAX@2@@Z 10011ed0 f i Setting.obj
 0001:00011030       ?_Parent@?$_Tree_val@U?$_Tree_simple_types@U?$pair@$$CBV?$basic_string@DU?$char_traits@D@std@@V?$allocator@D@2@@std@@UPluginCfg@@@std@@@std@@@std@@SAAAPAU?$_Tree_node@U?$pair@$$CBV?$basic_string@DU?$char_traits@D@std@@V?$allocator@D@2@@std@@UPluginCfg@@@std@@PAX@2@PAU32@@Z 10012030 f i Setting.obj
 0001:00011070       ?_Right@?$_Tree_val@U?$_Tree_simple_types@U?$pair@$$CBV?$basic_string@DU?$char_traits@D@std@@V?$allocator@D@2@@std@@UPluginCfg@@@std@@@std@@@std@@SAAAPAU?$_Tree_node@U?$pair@$$CBV?$basic_string@DU?$char_traits@D@std@@V?$allocator@D@2@@std@@UPluginCfg@@@std@@PAX@2@PAU32@@Z 10012070 f i Setting.obj
 0001:000110b0       ?_Rmost@?$_Tree@V?$_Tmap_traits@V?$basic_string@DU?$char_traits@D@std@@V?$allocator@D@2@@std@@UPluginCfg@@U?$less@V?$basic_string@DU?$char_traits@D@std@@V?$allocator@D@2@@std@@@2@V?$allocator@U?$pair@$$CBV?$basic_string@DU?$char_traits@D@std@@V?$allocator@D@2@@std@@UPluginCfg@@@std@@@2@$0A@@std@@@std@@IBEAAPAU?$_Tree_node@U?$pair@$$CBV?$basic_string@DU?$char_traits@D@std@@V?$allocator@D@2@@std@@UPluginCfg@@@std@@PAX@2@XZ 100120b0 f i Setting.obj
 0001:00011110       ?_Root@?$_Tree@V?$_Tmap_traits@V?$basic_string@DU?$char_traits@D@std@@V?$allocator@D@2@@std@@UPluginCfg@@U?$less@V?$basic_string@DU?$char_traits@D@std@@V?$allocator@D@2@@std@@@2@V?$allocator@U?$pair@$$CBV?$basic_string@DU?$char_traits@D@std@@V?$allocator@D@2@@std@@UPluginCfg@@@std@@@2@$0A@@std@@@std@@IBEAAPAU?$_Tree_node@U?$pair@$$CBV?$basic_string@DU?$char_traits@D@std@@V?$allocator@D@2@@std@@UPluginCfg@@@std@@PAX@2@XZ 10012110 f i Setting.obj
 0001:00011170       ?_Rrotate@?$_Tree@V?$_Tmap_traits@V?$basic_string@DU?$char_traits@D@std@@V?$allocator@D@2@@std@@UPluginCfg@@U?$less@V?$basic_string@DU?$char_traits@D@std@@V?$allocator@D@2@@std@@@2@V?$allocator@U?$pair@$$CBV?$basic_string@DU?$char_traits@D@std@@V?$allocator@D@2@@std@@UPluginCfg@@@std@@@2@$0A@@std@@@std@@IAEXPAU?$_Tree_node@U?$pair@$$CBV?$basic_string@DU?$char_traits@D@std@@V?$allocator@D@2@@std@@UPluginCfg@@@std@@PAX@2@@Z 10012170 f i Setting.obj
 0001:00011320       ?_Tidy@?$_Tree@V?$_Tmap_traits@V?$basic_string@DU?$char_traits@D@std@@V?$allocator@D@2@@std@@UPluginCfg@@U?$less@V?$basic_string@DU?$char_traits@D@std@@V?$allocator@D@2@@std@@@2@V?$allocator@U?$pair@$$CBV?$basic_string@DU?$char_traits@D@std@@V?$allocator@D@2@@std@@UPluginCfg@@@std@@@2@$0A@@std@@@std@@IAEXXZ 10012320 f i Setting.obj
 0001:000114b0       ?add@Setting@@QAEHPBUPluginCfg@@@Z 100124b0 f   Setting.obj
 0001:00011860       ?allocate@?$_Wrap_alloc@V?$allocator@U?$_Tree_node@U?$pair@$$CBV?$basic_string@DU?$char_traits@D@std@@V?$allocator@D@2@@std@@UPluginCfg@@@std@@PAX@std@@@std@@@std@@QAEPAU?$_Tree_node@U?$pair@$$CBV?$basic_string@DU?$char_traits@D@std@@V?$allocator@D@2@@std@@UPluginCfg@@@std@@PAX@2@I@Z 10012860 f i Setting.obj
 0001:000118c0       ?allocate@?$_Wrap_alloc@V?$allocator@U_Container_proxy@std@@@std@@@std@@QAEPAU_Container_proxy@2@I@Z 100128c0 f i Setting.obj
 0001:00011920       ?allocate@?$allocator@U?$_Tree_node@U?$pair@$$CBV?$basic_string@DU?$char_traits@D@std@@V?$allocator@D@2@@std@@UPluginCfg@@@std@@PAX@std@@@std@@QAEPAU?$_Tree_node@U?$pair@$$CBV?$basic_string@DU?$char_traits@D@std@@V?$allocator@D@2@@std@@UPluginCfg@@@std@@PAX@2@I@Z 10012920 f i Setting.obj
 0001:00011980       ?append@?$basic_string@DU?$char_traits@D@std@@V?$allocator@D@2@@std@@QAEAAV12@ABV12@@Z 10012980 f i Setting.obj
 0001:000119e0       ?begin@?$_Tree@V?$_Tmap_traits@V?$basic_string@DU?$char_traits@D@std@@V?$allocator@D@2@@std@@UPluginCfg@@U?$less@V?$basic_string@DU?$char_traits@D@std@@V?$allocator@D@2@@std@@@2@V?$allocator@U?$pair@$$CBV?$basic_string@DU?$char_traits@D@std@@V?$allocator@D@2@@std@@UPluginCfg@@@std@@@2@$0A@@std@@@std@@QAE?AV?$_Tree_iterator@V?$_Tree_val@U?$_Tree_simple_types@U?$pair@$$CBV?$basic_string@DU?$char_traits@D@std@@V?$allocator@D@2@@std@@UPluginCfg@@@std@@@std@@@std@@@2@XZ 100129e0 f i Setting.obj
 0001:00011a50       ?clear@?$_Tree@V?$_Tmap_traits@V?$basic_string@DU?$char_traits@D@std@@V?$allocator@D@2@@std@@UPluginCfg@@U?$less@V?$basic_string@DU?$char_traits@D@std@@V?$allocator@D@2@@std@@@2@V?$allocator@U?$pair@$$CBV?$basic_string@DU?$char_traits@D@std@@V?$allocator@D@2@@std@@UPluginCfg@@@std@@@2@$0A@@std@@@std@@QAEXXZ 10012a50 f i Setting.obj
 0001:00011b10       ?compare@?$basic_string@DU?$char_traits@D@std@@V?$allocator@D@2@@std@@QBEHABV12@@Z 10012b10 f i Setting.obj
 0001:00011b90       ?compare@?$basic_string@DU?$char_traits@D@std@@V?$allocator@D@2@@std@@QBEHIIPBDI@Z 10012b90 f i Setting.obj
 0001:00011d00       ?compare@?$basic_string@DU?$char_traits@D@std@@V?$allocator@D@2@@std@@QBEHPBD@Z 10012d00 f i Setting.obj
 0001:00011d90       ?compare@?$char_traits@D@std@@SAHPBD0I@Z 10012d90 f i Setting.obj
 0001:00011e10       ?deallocate@?$_Wrap_alloc@V?$allocator@U?$_Tree_node@U?$pair@$$CBV?$basic_string@DU?$char_traits@D@std@@V?$allocator@D@2@@std@@UPluginCfg@@@std@@PAX@std@@@std@@@std@@QAEXPAU?$_Tree_node@U?$pair@$$CBV?$basic_string@DU?$char_traits@D@std@@V?$allocator@D@2@@std@@UPluginCfg@@@std@@PAX@2@I@Z 10012e10 f i Setting.obj
 0001:00011e70       ?deallocate@?$_Wrap_alloc@V?$allocator@U_Container_proxy@std@@@std@@@std@@QAEXPAU_Container_proxy@2@I@Z 10012e70 f i Setting.obj
 0001:00011ed0       ?deallocate@?$allocator@U?$_Tree_node@U?$pair@$$CBV?$basic_string@DU?$char_traits@D@std@@V?$allocator@D@2@@std@@UPluginCfg@@@std@@PAX@std@@@std@@QAEXPAU?$_Tree_node@U?$pair@$$CBV?$basic_string@DU?$char_traits@D@std@@V?$allocator@D@2@@std@@UPluginCfg@@@std@@PAX@2@I@Z 10012ed0 f i Setting.obj
 0001:00011f30       ?del@Setting@@QAEHV?$basic_string@DU?$char_traits@D@std@@V?$allocator@D@2@@std@@@Z 10012f30 f   Setting.obj
 0001:000120f0       ?end@?$_Tree@V?$_Tmap_traits@V?$basic_string@DU?$char_traits@D@std@@V?$allocator@D@2@@std@@UPluginCfg@@U?$less@V?$basic_string@DU?$char_traits@D@std@@V?$allocator@D@2@@std@@@2@V?$allocator@U?$pair@$$CBV?$basic_string@DU?$char_traits@D@std@@V?$allocator@D@2@@std@@UPluginCfg@@@std@@@2@$0A@@std@@@std@@QAE?AV?$_Tree_iterator@V?$_Tree_val@U?$_Tree_simple_types@U?$pair@$$CBV?$basic_string@DU?$char_traits@D@std@@V?$allocator@D@2@@std@@UPluginCfg@@@std@@@std@@@std@@@2@XZ 100130f0 f i Setting.obj
 0001:00012160       ?equal_range@?$_Tree@V?$_Tmap_traits@V?$basic_string@DU?$char_traits@D@std@@V?$allocator@D@2@@std@@UPluginCfg@@U?$less@V?$basic_string@DU?$char_traits@D@std@@V?$allocator@D@2@@std@@@2@V?$allocator@U?$pair@$$CBV?$basic_string@DU?$char_traits@D@std@@V?$allocator@D@2@@std@@UPluginCfg@@@std@@@2@$0A@@std@@@std@@QAE?AU?$pair@V?$_Tree_iterator@V?$_Tree_val@U?$_Tree_simple_types@U?$pair@$$CBV?$basic_string@DU?$char_traits@D@std@@V?$allocator@D@2@@std@@UPluginCfg@@@std@@@std@@@std@@@std@@V12@@2@ABV?$basic_string@DU?$char_traits@D@std@@V?$allocator@D@2@@2@@Z 10013160 f i Setting.obj
 0001:00012270       ?erase@?$_Tree@V?$_Tmap_traits@V?$basic_string@DU?$char_traits@D@std@@V?$allocator@D@2@@std@@UPluginCfg@@U?$less@V?$basic_string@DU?$char_traits@D@std@@V?$allocator@D@2@@std@@@2@V?$allocator@U?$pair@$$CBV?$basic_string@DU?$char_traits@D@std@@V?$allocator@D@2@@std@@UPluginCfg@@@std@@@2@$0A@@std@@@std@@QAE?AV?$_Tree_iterator@V?$_Tree_val@U?$_Tree_simple_types@U?$pair@$$CBV?$basic_string@DU?$char_traits@D@std@@V?$allocator@D@2@@std@@UPluginCfg@@@std@@@std@@@std@@@2@V?$_Tree_const_iterator@V?$_Tree_val@U?$_Tree_simple_types@U?$pair@$$CBV?$basic_string@DU?$char_traits@D@std@@V?$allocator@D@2@@std@@UPluginCfg@@@std@@@std@@@std@@@2@0@Z 10013270 f i Setting.obj
 0001:00012590       ?erase@?$_Tree@V?$_Tmap_traits@V?$basic_string@DU?$char_traits@D@std@@V?$allocator@D@2@@std@@UPluginCfg@@U?$less@V?$basic_string@DU?$char_traits@D@std@@V?$allocator@D@2@@std@@@2@V?$allocator@U?$pair@$$CBV?$basic_string@DU?$char_traits@D@std@@V?$allocator@D@2@@std@@UPluginCfg@@@std@@@2@$0A@@std@@@std@@QAE?AV?$_Tree_iterator@V?$_Tree_val@U?$_Tree_simple_types@U?$pair@$$CBV?$basic_string@DU?$char_traits@D@std@@V?$allocator@D@2@@std@@UPluginCfg@@@std@@@std@@@std@@@2@V?$_Tree_const_iterator@V?$_Tree_val@U?$_Tree_simple_types@U?$pair@$$CBV?$basic_string@DU?$char_traits@D@std@@V?$allocator@D@2@@std@@UPluginCfg@@@std@@@std@@@std@@@2@@Z 10013590 f i Setting.obj
[...]
 0003:000033dc       ?id@?$numpunct@_W@std@@2V0locale@2@A 101ab3dc     common.obj
 0003:000033e0       ?ExtProgramFile@@3PADA     101ab3e0     Logger.obj
 0003:000034a8       ?ExtLogger@@3VCLogger@@A   101ab4a8     Logger.obj
 0003:000035e8       ?ExtProgramPath@@3PADA     101ab5e8     ServerPlugin.obj
 0003:000036ec       ?ExtServer@@3PAUCServerInterface@@A 101ab6ec     ServerPlugin.obj
 0003:000036f4       ?trade@@3VSocialTrade@@A   101ab6f4     ServerPlugin.obj
 0003:00003708       ?ExtSync@@3VCSync@@A       101ab708     ServerPlugin.obj
 0003:00003764       ?setting@@3VSetting@@A     101ab764     Setting.obj
 0003:00003778       ?turnSync@@3VCSync@@A      101ab778     SocialTrade.obj
 0003:00003798       ?soc_server@@3VSocketServer@@A 101ab798     SocketServer.obj
 0003:00003e5c       _sqlite3_temp_directory    101abe5c     sqlite3.obj
 0003:00003e80       _sqlite3_data_directory    101abe80     sqlite3.obj
 0003:000042a0       ?sql@@3VSQLite@@A          101ac2a0     SQLite.obj
 0003:000042bc       ___@@_PchSym_@00@UdlipUngEUvjelozUxlkbhbhgvnUwvyftUhgwzucOlyq@5DC08BC93A2451AA 101ac2bc     StdAfx.obj
 0003:00004338       ___fastflag                101ac338     LIBCMTD:fpinit.obj
 0003:0000433c       ___pInvalidArgHandler      101ac33c     LIBCMTD:invarg.obj
 0003:00004660       ___crtDebugCheckCount      101ac660     LIBCMTD:dbgheap.obj
 0003:00004668       ?_pfnDumpClient@@3P6AXPAXI@ZA 101ac668     LIBCMTD:dbgheap.obj
 0003:00004694       ?wsprintffp@@3P6AHPADPBDZZA 101ac694     LIBCMTD:error.obj
 0003:00004698       __aenvptr                  101ac698     LIBCMTD:dllcrt0.obj
 0003:0000469c       __wenvptr                  101ac69c     LIBCMTD:dllcrt0.obj
 0003:00004810       ___app_type                101ac810     LIBCMTD:crt0msg.obj
 0003:00004e40       ___pPurecall               101ace40     LIBCMTD:inithelp.obj
 0003:00004e44       ?_pnhHeap@@3P6AHI@ZA       101ace44     LIBCMTD:handler.obj
 0003:00004e48       __umaskval                 101ace48     LIBCMTD:crt0dat.obj
 0003:00004e4c       __exitflag                 101ace4c     LIBCMTD:crt0dat.obj
 0003:00004e50       __C_Termination_Done       101ace50     LIBCMTD:crt0dat.obj
 0003:00004e54       ___winitenv                101ace54     LIBCMTD:crt0dat.obj
 0003:00004e58       ___initenv                 101ace58     LIBCMTD:crt0dat.obj
 0003:00004e5c       __C_Exit_Done              101ace5c     LIBCMTD:crt0dat.obj
 0003:00004e64       ___argc                    101ace64     LIBCMTD:crt0dat.obj
 0003:00004e68       ___argv                    101ace68     LIBCMTD:crt0dat.obj
 0003:00004e6c       ___wargv                   101ace6c     LIBCMTD:crt0dat.obj
 0003:00004e70       __environ                  101ace70     LIBCMTD:crt0dat.obj
 0003:00004e74       __wenviron                 101ace74     LIBCMTD:crt0dat.obj
 0003:00004e78       __pgmptr                   101ace78     LIBCMTD:crt0dat.obj
 0003:00004e7c       __wpgmptr                  101ace7c     LIBCMTD:crt0dat.obj
 0003:00004e80       ___isa_available           101ace80     LIBCMTD:cpu_disp.obj
 0003:00004e84       ___favor                   101ace84     LIBCMTD:cpu_disp.obj
 0003:00004e90       ?__pInconsistency@@3P6AXXZA 101ace90     LIBCMTD:hooks.obj
 0003:00004e9c       __cflush                   101ace9c     LIBCMTD:_file.obj
 0003:00004ea0       __stdbuf                   101acea0     LIBCMTD:_sftbuf.obj
 0003:00004ea8       ___pioinfo                 101acea8     LIBCMTD:ioinit.obj
 0003:00004fa8       ___mblocalename            101acfa8     LIBCMTD:mbctype.obj
 0003:00004fac       ___mbcodepage              101acfac     LIBCMTD:mbctype.obj
 0003:00004fb0       ___ismbcodepage            101acfb0     LIBCMTD:mbctype.obj
 0003:00004fb4       ___mbulinfo                101acfb4     LIBCMTD:mbctype.obj
 0003:00004fc4       ___locale_changed          101acfc4     LIBCMTD:wsetloca.obj
 0003:00004ff0       __newmode                  101acff0     LIBCMTD:_newmode.obj
 0003:00004ff4       __crtheap                  101acff4     LIBCMTD:heapinit.obj
 0003:000051c8       ___error_mode              101ad1c8     LIBCMTD:errmode.obj
 0003:000051d4       ?pArgList@UnDecorator@@0PAVReplicator@@A 101ad1d4     LIBCMTD:undname.obj
 0003:000051d8       ?pZNameList@UnDecorator@@0PAVReplicator@@A 101ad1d8     LIBCMTD:undname.obj
 0003:000051dc       ?pTemplateArgList@UnDecorator@@0PAVReplicator@@A 101ad1dc     LIBCMTD:undname.obj
 0003:000051e0       ?gName@UnDecorator@@0PBDB  101ad1e0     LIBCMTD:undname.obj
 0003:000051e4       ?name@UnDecorator@@0PBDB   101ad1e4     LIBCMTD:undname.obj
 0003:000051e8       ?outputString@UnDecorator@@0PADA 101ad1e8     LIBCMTD:undname.obj
 0003:000051ec       ?maxStringLength@UnDecorator@@0HA 101ad1ec     LIBCMTD:undname.obj
 0003:000051f0       ?disableFlags@UnDecorator@@0KA 101ad1f0     LIBCMTD:undname.obj
 0003:000051f4       ?fExplicitTemplateParams@UnDecorator@@0_NA 101ad1f4     LIBCMTD:undname.obj
 0003:000051f5       ?fGetTemplateArgumentList@UnDecorator@@0_NA 101ad1f5     LIBCMTD:undname.obj
 0003:000051f8       ?m_pGetParameter@UnDecorator@@0P6APADJ@ZA 101ad1f8     LIBCMTD:undname.obj
 0003:00005260       ?nodes@?1??make@DNameStatusNode@@SAPAV2@W4DNameStatus@@@Z@4PAV2@A 101ad260     LIBCMTD:undname.obj
 0003:00005290       ??_B?1??make@DNameStatusNode@@SAPAV1@W4DNameStatus@@@Z@51 101ad290     LIBCMTD:undname.obj
 0003:00005294       __outputformat             101ad294     LIBCMTD:outputformat.obj
 0003:00005298       __commode                  101ad298     LIBCMTD:ncommode.obj
 0003:000052a0       ___lconv_static_null       101ad2a0     LIBCMTD:lconv.obj
 0003:000052a4       ___lconv_static_W_null     101ad2a4     LIBCMTD:lconv.obj
 0003:000052a8       __fmode                    101ad2a8     LIBCMTD:txtmode.obj
 0003:000052ac       __pReportHookListW         101ad2ac     <common>
 0003:000052bc       __pReportHookList          101ad2bc     <common>
 0003:000052c0       __pfnReportHook            101ad2c0     <common>
 0003:000052c4       ___unguarded_readlc_active 101ad2c4     <common>
 0003:000052d4       ___setlc_active            101ad2d4     <common>
 0003:000052d8       __debugger_hook_dummy      101ad2d8     <common>
 0003:000052e4       __nhandle                  101ad2e4     <common>
 0003:000052f0       ___piob                    101ad2f0     <common>
 0003:00005630       __nstream                  101ad630     <common>
 0003:00005640       __bufin                    101ad640     <common>
 0003:00006640       ___dyn_tls_init_callback   101ae640     <common>
 0003:00006650       ___onexitend               101ae650     <common>
 0003:00006654       ___onexitbegin             101ae654     <common>
 0003:00006658       ___mbctype_initialized     101ae658     <common>
 0003:0000665c       ___env_initialized         101ae65c     <common>
 0003:00006660       _encodedKERNEL32Functions  101ae660     <common>
 0003:000066f4       __acmdln                   101ae6f4     <common>
 0004:00000000       __IMPORT_DESCRIPTOR_KERNEL32 101af000     kernel32:KERNEL32.dll
 0004:00000014       __IMPORT_DESCRIPTOR_WS2_32 101af014     ws2_32:WS2_32.dll
 0004:00000028       __NULL_IMPORT_DESCRIPTOR   101af028     kernel32:KERNEL32.dll
 0004:00000364       __imp__InitializeCriticalSection@4 101af364     kernel32:KERNEL32.dll
 0004:00000368       __imp__DeleteCriticalSection@4 101af368     kernel32:KERNEL32.dll
 0004:0000036c       __imp__EnterCriticalSection@4 101af36c     kernel32:KERNEL32.dll
 0004:00000370       __imp__LeaveCriticalSection@4 101af370     kernel32:KERNEL32.dll
 0004:00000374       __imp__GetLocalTime@4      101af374     kernel32:KERNEL32.dll
 0004:00000378       __imp__GetModuleFileNameA@12 101af378     kernel32:KERNEL32.dll
 0004:0000037c       __imp__CloseHandle@4       101af37c     kernel32:KERNEL32.dll
 0004:00000380       __imp__WaitForSingleObject@8 101af380     kernel32:KERNEL32.dll
 0004:00000384       __imp__TerminateThread@8   101af384     kernel32:KERNEL32.dll
 0004:00000388       __imp__DeleteFileA@4       101af388     kernel32:KERNEL32.dll
 0004:0000038c       __imp__AreFileApisANSI@0   101af38c     kernel32:KERNEL32.dll
 0004:00000390       __imp__GetSystemTime@4     101af390     kernel32:KERNEL32.dll
 0004:00000394       __imp__LocalFree@4         101af394     kernel32:KERNEL32.dll
 0004:00000398       __imp__GetTempPathA@8      101af398     kernel32:KERNEL32.dll
 0004:0000039c       __imp__GetCurrentProcessId@0 101af39c     kernel32:KERNEL32.dll
 0004:000003a0       __imp__DeleteFileW@4       101af3a0     kernel32:KERNEL32.dll
 0004:000003a4       __imp__GetVersionExA@4     101af3a4     kernel32:KERNEL32.dll
 0004:000003a8       __imp__OutputDebugStringA@4 101af3a8     kernel32:KERNEL32.dll
 0004:000003ac       __imp__GetFileAttributesExW@12 101af3ac     kernel32:KERNEL32.dll
 0004:000003b0       __imp__GetSystemInfo@4     101af3b0     kernel32:KERNEL32.dll
 0004:000003b4       __imp__GetDiskFreeSpaceA@20 101af3b4     kernel32:KERNEL32.dll
 0004:000003b8       __imp__CreateFileMappingW@24 101af3b8     kernel32:KERNEL32.dll
 0004:000003bc       __imp__CreateFileMappingA@24 101af3bc     kernel32:KERNEL32.dll
 0004:000003c0       __imp__LoadLibraryA@4      101af3c0     kernel32:KERNEL32.dll
 0004:000003c4       __imp__GetDiskFreeSpaceW@20 101af3c4     kernel32:KERNEL32.dll
 0004:000003c8       __imp__LockFileEx@24       101af3c8     kernel32:KERNEL32.dll
 0004:000003cc       __imp__HeapSize@12         101af3cc     kernel32:KERNEL32.dll
 0004:000003d0       __imp__GetProcAddress@8    101af3d0     kernel32:KERNEL32.dll
 0004:000003d4       __imp__GetLastError@0      101af3d4     kernel32:KERNEL32.dll
 0004:000003d8       __imp__GetTempPathW@8      101af3d8     kernel32:KERNEL32.dll
 0004:000003dc       __imp__FlushFileBuffers@4  101af3dc     kernel32:KERNEL32.dll
 0004:000003e0       __imp__MultiByteToWideChar@24 101af3e0     kernel32:KERNEL32.dll
 0004:000003e4       __imp__CreateFileW@28      101af3e4     kernel32:KERNEL32.dll
 0004:000003e8       __imp__ReadFile@20         101af3e8     kernel32:KERNEL32.dll
 0004:000003ec       __imp__GetFileAttributesW@4 101af3ec     kernel32:KERNEL32.dll
 0004:000003f0       __imp__HeapValidate@12     101af3f0     kernel32:KERNEL32.dll
 0004:000003f4       __imp__HeapCreate@12       101af3f4     kernel32:KERNEL32.dll
 0004:000003f8       __imp__GetFileAttributesA@4 101af3f8     kernel32:KERNEL32.dll
 0004:000003fc       __imp__HeapDestroy@4       101af3fc     kernel32:KERNEL32.dll
 0004:00000400       __imp__GetVersionExW@4     101af400     kernel32:KERNEL32.dll
 0004:00000404       __imp__FormatMessageW@28   101af404     kernel32:KERNEL32.dll
 0004:00000408       __imp__Sleep@4             101af408     kernel32:KERNEL32.dll
 0004:0000040c       __imp__LoadLibraryW@4      101af40c     kernel32:KERNEL32.dll
 0004:00000410       __imp__WideCharToMultiByte@32 101af410     kernel32:KERNEL32.dll
 0004:00000414       __imp__WriteFile@20        101af414     kernel32:KERNEL32.dll
 0004:00000418       __imp__FormatMessageA@28   101af418     kernel32:KERNEL32.dll
 0004:0000041c       __imp__GetSystemTimeAsFileTime@4 101af41c     kernel32:KERNEL32.dll
 0004:00000420       __imp__GetProcessHeap@0    101af420     kernel32:KERNEL32.dll
 0004:00000424       __imp__UnlockFileEx@20     101af424     kernel32:KERNEL32.dll
 0004:00000428       __imp__GetTickCount@0      101af428     kernel32:KERNEL32.dll
 0004:0000042c       __imp__OutputDebugStringW@4 101af42c     kernel32:KERNEL32.dll
 0004:00000430       __imp__WaitForSingleObjectEx@12 101af430     kernel32:KERNEL32.dll
 0004:00000434       __imp__LockFile@20         101af434     kernel32:KERNEL32.dll
 0004:00000438       __imp__FlushViewOfFile@8   101af438     kernel32:KERNEL32.dll
 0004:0000043c       __imp__UnlockFile@20       101af43c     kernel32:KERNEL32.dll
 0004:00000440       __imp__InterlockedCompareExchange@12 101af440     kernel32:KERNEL32.dll
 0004:00000444       __imp__HeapFree@12         101af444     kernel32:KERNEL32.dll
 0004:00000448       __imp__QueryPerformanceCounter@4 101af448     kernel32:KERNEL32.dll
 0004:0000044c       __imp__SystemTimeToFileTime@8 101af44c     kernel32:KERNEL32.dll
 0004:00000450       __imp__HeapAlloc@12        101af450     kernel32:KERNEL32.dll
 0004:00000454       __imp__FreeLibrary@4       101af454     kernel32:KERNEL32.dll
 0004:00000458       __imp__SetEndOfFile@4      101af458     kernel32:KERNEL32.dll
 0004:0000045c       __imp__UnmapViewOfFile@4   101af45c     kernel32:KERNEL32.dll
 0004:00000460       __imp__MapViewOfFile@20    101af460     kernel32:KERNEL32.dll
 0004:00000464       __imp__SetFilePointer@16   101af464     kernel32:KERNEL32.dll
 0004:00000468       __imp__HeapCompact@8       101af468     kernel32:KERNEL32.dll
 0004:0000046c       __imp__CreateMutexW@12     101af46c     kernel32:KERNEL32.dll
 0004:00000470       __imp__GetFileSize@8       101af470     kernel32:KERNEL32.dll
 0004:00000474       __imp__CreateFileA@28      101af474     kernel32:KERNEL32.dll
 0004:00000478       __imp__HeapReAlloc@16      101af478     kernel32:KERNEL32.dll
 0004:0000047c       __imp__GetFullPathNameA@16 101af47c     kernel32:KERNEL32.dll
 0004:00000480       __imp__GetFullPathNameW@16 101af480     kernel32:KERNEL32.dll
 0004:00000484       __imp__TryEnterCriticalSection@4 101af484     kernel32:KERNEL32.dll
 0004:00000488       __imp__GetCurrentThreadId@0 101af488     kernel32:KERNEL32.dll
 0004:0000048c       __imp__GetStringTypeW@16   101af48c     kernel32:KERNEL32.dll
 0004:00000490       __imp__SetEnvironmentVariableA@8 101af490     kernel32:KERNEL32.dll
 0004:00000494       __imp__SetFilePointerEx@20 101af494     kernel32:KERNEL32.dll
 0004:00000498       __imp__EnumSystemLocalesW@8 101af498     kernel32:KERNEL32.dll
 0004:0000049c       __imp__GetUserDefaultLCID@0 101af49c     kernel32:KERNEL32.dll
 0004:000004a0       __imp__IsValidLocale@8     101af4a0     kernel32:KERNEL32.dll
 0004:000004a4       __imp__GetLocaleInfoW@16   101af4a4     kernel32:KERNEL32.dll
 0004:000004a8       __imp__LCMapStringW@24     101af4a8     kernel32:KERNEL32.dll
 0004:000004ac       __imp__CompareStringW@24   101af4ac     kernel32:KERNEL32.dll
 0004:000004b0       __imp__GetTimeFormatW@24   101af4b0     kernel32:KERNEL32.dll
 0004:000004b4       __imp__GetDateFormatW@24   101af4b4     kernel32:KERNEL32.dll
 0004:000004b8       __imp__FreeEnvironmentStringsW@4 101af4b8     kernel32:KERNEL32.dll
 0004:000004bc       __imp__GetEnvironmentStringsW@0 101af4bc     kernel32:KERNEL32.dll
 0004:000004c0       __imp__VirtualQuery@12     101af4c0     kernel32:KERNEL32.dll
 0004:000004c4       __imp__GetTimeZoneInformation@4 101af4c4     kernel32:KERNEL32.dll
 0004:000004c8       __imp__HeapQueryInformation@20 101af4c8     kernel32:KERNEL32.dll
 0004:000004cc       __imp__InterlockedIncrement@4 101af4cc     kernel32:KERNEL32.dll
 0004:000004d0       __imp__InterlockedDecrement@4 101af4d0     kernel32:KERNEL32.dll
 0004:000004d4       __imp__InterlockedExchange@8 101af4d4     kernel32:KERNEL32.dll
 0004:000004d8       __imp__EncodePointer@4     101af4d8     kernel32:KERNEL32.dll
 0004:000004dc       __imp__DecodePointer@4     101af4dc     kernel32:KERNEL32.dll
 0004:000004e0       __imp__RaiseException@16   101af4e0     kernel32:KERNEL32.dll
 0004:000004e4       __imp__RtlUnwind@16        101af4e4     kernel32:KERNEL32.dll
 0004:000004e8       __imp__IsDebuggerPresent@0 101af4e8     kernel32:KERNEL32.dll
 0004:000004ec       __imp__IsProcessorFeaturePresent@4 101af4ec     kernel32:KERNEL32.dll
 0004:000004f0       __imp__GetModuleFileNameW@12 101af4f0     kernel32:KERNEL32.dll
 0004:000004f4       __imp__GetModuleHandleExW@12 101af4f4     kernel32:KERNEL32.dll
 0004:000004f8       __imp__CreateThread@24     101af4f8     kernel32:KERNEL32.dll
 0004:000004fc       __imp__ExitThread@4        101af4fc     kernel32:KERNEL32.dll
 0004:00000500       __imp__ResumeThread@4      101af500     kernel32:KERNEL32.dll
 0004:00000504       __imp__LoadLibraryExW@12   101af504     kernel32:KERNEL32.dll
 0004:00000508       __imp__lstrlenA@4          101af508     kernel32:KERNEL32.dll
 0004:0000050c       __imp__GetCommandLineA@0   101af50c     kernel32:KERNEL32.dll
 0004:00000510       __imp__InitializeCriticalSectionAndSpinCount@8 101af510     kernel32:KERNEL32.dll
 0004:00000514       __imp__FatalAppExitA@8     101af514     kernel32:KERNEL32.dll
 0004:00000518       __imp__UnhandledExceptionFilter@4 101af518     kernel32:KERNEL32.dll
 0004:0000051c       __imp__SetUnhandledExceptionFilter@4 101af51c     kernel32:KERNEL32.dll
 0004:00000520       __imp__SetLastError@4      101af520     kernel32:KERNEL32.dll
 0004:00000524       __imp__GetCurrentProcess@0 101af524     kernel32:KERNEL32.dll
 0004:00000528       __imp__TerminateProcess@8  101af528     kernel32:KERNEL32.dll
 0004:0000052c       __imp__TlsAlloc@0          101af52c     kernel32:KERNEL32.dll
 0004:00000530       __imp__TlsGetValue@4       101af530     kernel32:KERNEL32.dll
 0004:00000534       __imp__TlsSetValue@8       101af534     kernel32:KERNEL32.dll
 0004:00000538       __imp__TlsFree@4           101af538     kernel32:KERNEL32.dll
 0004:0000053c       __imp__GetStartupInfoW@4   101af53c     kernel32:KERNEL32.dll
 0004:00000540       __imp__GetModuleHandleW@4  101af540     kernel32:KERNEL32.dll
 0004:00000544       __imp__CreateSemaphoreW@16 101af544     kernel32:KERNEL32.dll
 0004:00000548       __imp__GetStdHandle@4      101af548     kernel32:KERNEL32.dll
 0004:0000054c       __imp__ExitProcess@4       101af54c     kernel32:KERNEL32.dll
 0004:00000550       __imp__GetCurrentThread@0  101af550     kernel32:KERNEL32.dll
 0004:00000554       __imp__GetConsoleCP@0      101af554     kernel32:KERNEL32.dll
 0004:00000558       __imp__GetConsoleMode@8    101af558     kernel32:KERNEL32.dll
 0004:0000055c       __imp__GetFileType@4       101af55c     kernel32:KERNEL32.dll
 0004:00000560       __imp__ReadConsoleW@20     101af560     kernel32:KERNEL32.dll
 0004:00000564       __imp__SetStdHandle@8      101af564     kernel32:KERNEL32.dll
 0004:00000568       __imp__IsValidCodePage@4   101af568     kernel32:KERNEL32.dll
 0004:0000056c       __imp__GetACP@0            101af56c     kernel32:KERNEL32.dll
 0004:00000570       __imp__GetOEMCP@0          101af570     kernel32:KERNEL32.dll
 0004:00000574       __imp__GetCPInfo@8         101af574     kernel32:KERNEL32.dll
 0004:00000578       __imp__SetConsoleCtrlHandler@8 101af578     kernel32:KERNEL32.dll
 0004:0000057c       __imp__WriteConsoleW@20    101af57c     kernel32:KERNEL32.dll
 0004:00000580       \177KERNEL32_NULL_THUNK_DATA 101af580     kernel32:KERNEL32.dll
 0004:00000618       __imp__WSAGetLastError@0   101af618     ws2_32:WS2_32.dll
 0004:0000061c       __imp__socket@12           101af61c     ws2_32:WS2_32.dll
 0004:00000620       __imp__send@16             101af620     ws2_32:WS2_32.dll
 0004:00000624       __imp__recv@16             101af624     ws2_32:WS2_32.dll
 0004:00000628       __imp__listen@8            101af628     ws2_32:WS2_32.dll
 0004:0000062c       __imp__htons@4             101af62c     ws2_32:WS2_32.dll
 0004:00000630       __imp__htonl@4             101af630     ws2_32:WS2_32.dll
 0004:00000634       __imp__closesocket@4       101af634     ws2_32:WS2_32.dll
 0004:00000638       __imp__bind@12             101af638     ws2_32:WS2_32.dll
 0004:0000063c       __imp__accept@12           101af63c     ws2_32:WS2_32.dll
 0004:00000640       __imp__WSACleanup@0        101af640     ws2_32:WS2_32.dll
 0004:00000644       __imp__WSAStartup@8        101af644     ws2_32:WS2_32.dll
 0004:00000648       __imp__gethostname@8       101af648     ws2_32:WS2_32.dll
 0004:0000064c       __imp__inet_ntoa@4         101af64c     ws2_32:WS2_32.dll
 0004:00000650       __imp__gethostbyname@4     101af650     ws2_32:WS2_32.dll
 0004:00000654       \177WS2_32_NULL_THUNK_DATA 101af654     ws2_32:WS2_32.dll

 entry point at        0001:001140a0

