 copytrade

 Timestamp is 58d3e849 (Thu Mar 23 17:22:49 2017)

 Preferred load address is 10000000

 Start         Length     Name                   Class
 0001:00000000 00172829H .text                   CODE
 0001:00172830 000047a6H .text$x                 CODE
 0001:00176fe0 00002ca8H .text$yc                CODE
 0001:00179c90 00001ab2H .text$yd                CODE
 0002:00000000 00000104H .CRT$XCA                DATA
 0002:00000104 00000104H .CRT$XCC                DATA
 0002:00000208 000001c4H .CRT$XCU                DATA
 0002:000003cc 00000104H .CRT$XCZ                DATA
 0002:000004d0 00000104H .CRT$XIA                DATA
 0002:000005d4 00000113H .CRT$XIC                DATA
 0002:000006e8 00000104H .CRT$XIZ                DATA
 0002:000007ec 00000104H .CRT$XPA                DATA
 0002:000008f0 00000109H .CRT$XPX                DATA
 0002:000009fc 00000104H .CRT$XPXA               DATA
 0002:00000b00 00000104H .CRT$XPZ                DATA
 0002:00000c04 00000104H .CRT$XTA                DATA
 0002:00000d08 00000104H .CRT$XTZ                DATA
 0002:00000e10 00025246H .rdata                  DATA
 0002:00026058 00000173H .rdata$debug            DATA
 0002:000261cc 00000a07H .rdata$r                DATA
 0002:00026be0 000004a8H .rdata$sxdata           DATA
 0002:00027088 00000104H .rtc$IAA                DATA
 0002:0002718c 0000012bH .rtc$IMZ                DATA
 0002:000272b8 00000104H .rtc$IZZ                DATA
 0002:000273bc 00000104H .rtc$TAA                DATA
 0002:000274c0 0000012bH .rtc$TMZ                DATA
 0002:000275ec 00000104H .rtc$TZZ                DATA
 0002:000276f0 00004ad7H .xdata$x                DATA
 0002:0002c1d0 000002caH .edata                  DATA
 0003:00000000 00003392H .data                   DATA
 0003:000033a0 00003360H .bss                    DATA
 0004:00000000 00000028H .idata$2                DATA
 0004:00000028 00000014H .idata$3                DATA
 0004:0000003c 00000328H .idata$4                DATA
 0004:00000364 00000328H .idata$5                DATA
 0004:0000068c 00000bc9H .idata$6                DATA
 0005:00000000 000001c0H .rsrc$01                DATA
 0005:000001c0 000007d3H .rsrc$02                DATA

  Address         Publics by Value              Rva+Base       Lib:Object

 0000:00000000       __except_list              00000000     <absolute>
 0000:000000c3       ___safe_se_handler_count   000000c3     <absolute>
 0000:00000000       ___ImageBase               10000000     <linker-defined>
 0001:00003280       ??$_Allocate@D@std@@YAPADIPAD@Z 10004280 f i common.obj
 0001:00003300       ??$_Allocate@U_Container_proxy@std@@@std@@YAPAU_Container_proxy@0@IPAU10@@Z 10004300 f i common.obj
 0001:00003390       ??$_Debug_pointer@D@std@@YAXPBDPB_WI@Z 10004390 f i common.obj
 0001:000033f0       ??$addressof@D@std@@YAPADAAD@Z 100043f0 f i common.obj
 0001:00003430       ??$construct@PADAAPAD@?$_Wrap_alloc@V?$allocator@D@std@@@std@@QAEXPAPADAAPAD@Z 10004430 f i common.obj
 0001:000034a0       ??$construct@PADAAPAD@?$allocator@D@std@@QAEXPAPADAAPAD@Z 100044a0 f i common.obj
 0001:000035a0       ??$construct@PADAAPAD@?$allocator_traits@V?$allocator@D@std@@@std@@SAXAAV?$allocator@D@1@PAPADAAPAD@Z 100045a0 f i common.obj
 0001:00003600       ??$construct@U_Container_proxy@std@@U12@@?$allocator@U_Container_proxy@std@@@std@@QAEXPAU_Container_proxy@1@$$QAU21@@Z 10004600 f i common.obj
 0001:00003710       ??$destroy@PAD@?$_Wrap_alloc@V?$allocator@D@std@@@std@@QAEXPAPAD@Z 10004710 f i common.obj
 0001:00003770       ??$destroy@PAD@?$allocator@D@std@@QAEXPAPAD@Z 10004770 f i common.obj
 0001:000037b0       ??$destroy@PAD@?$allocator_traits@V?$allocator@D@std@@@std@@SAXAAV?$allocator@D@1@PAPAD@Z 100047b0 f i common.obj
 0001:00003800       ??$destroy@U_Container_proxy@std@@@?$allocator@U_Container_proxy@std@@@std@@QAEXPAU_Container_proxy@1@@Z 10004800 f i common.obj
 0001:00003840       ??$forward@AAPAD@std@@YAAAPADAAPAD@Z 10004840 f i common.obj
 0001:00003880       ??$forward@U_Container_proxy@std@@@std@@YA$$QAU_Container_proxy@0@AAU10@@Z 10004880 f i common.obj
 0001:000038c0       ??0?$_String_alloc@$0A@U?$_String_base_types@DV?$allocator@D@std@@@std@@@std@@QAE@ABV?$allocator@D@1@@Z 100048c0 f i common.obj
 0001:00003970       ??0?$_String_val@U?$_Simple_types@D@std@@@std@@QAE@XZ 10004970 f i common.obj
 0001:000039e0       ??0?$_Wrap_alloc@V?$allocator@D@std@@@std@@QAE@XZ 100049e0 f i common.obj
 0001:00003a40       ??0?$allocator@D@std@@QAE@XZ 10004a40 f i common.obj
 0001:00003a80       ??0?$allocator@U_Container_proxy@std@@@std@@QAE@XZ 10004a80 f i common.obj
 0001:00003ac0       ??0?$basic_string@DU?$char_traits@D@std@@V?$allocator@D@2@@std@@QAE@PBD@Z 10004ac0 f i common.obj
 0001:00003b90       ??0CSync@@QAE@XZ           10004b90 f i common.obj
 0001:00003c10       ??0_Container_base12@std@@QAE@XZ 10004c10 f i common.obj
 0001:00003c60       ??0_Container_proxy@std@@QAE@XZ 10004c60 f i common.obj
 0001:00003cb0       ??0_Generic_error_category@std@@QAE@XZ 10004cb0 f i common.obj
 0001:00003d10       ??0_Iostream_error_category@std@@QAE@XZ 10004d10 f i common.obj
 0001:00003d70       ??0_System_error_category@std@@QAE@XZ 10004d70 f i common.obj
 0001:00003dd0       ??0error_category@std@@QAE@XZ 10004dd0 f i common.obj
 0001:00003e20       ??0error_condition@std@@QAE@HABVerror_category@1@@Z 10004e20 f i common.obj
 0001:00003e70       ??0id@locale@std@@QAE@I@Z  10004e70 f i common.obj
 0001:00003ec0       ??1?$_String_alloc@$0A@U?$_String_base_types@DV?$allocator@D@std@@@std@@@std@@QAE@XZ 10004ec0 f i common.obj
 0001:00003f20       ??1?$_String_val@U?$_Simple_types@D@std@@@std@@QAE@XZ 10004f20 f i common.obj
 0001:00003f70       ??1CSync@@QAE@XZ           10004f70 f i common.obj
 0001:00003fd0       ??1_Container_base12@std@@QAE@XZ 10004fd0 f i common.obj
 0001:00004020       ??1_Generic_error_category@std@@UAE@XZ 10005020 f i common.obj
 0001:00004070       ??1_Iostream_error_category@std@@UAE@XZ 10005070 f i common.obj
 0001:000040c0       ??1_System_error_category@std@@UAE@XZ 100050c0 f i common.obj
 0001:00004110       ??1error_category@std@@UAE@XZ 10005110 f i common.obj
 0001:00004150       ??2@YAPAXIPAX@Z            10005150 f i common.obj
 0001:00004190       ??3@YAXPAX0@Z              10005190 f i common.obj
 0001:000041c0       ??8error_category@std@@QBE_NABV01@@Z 100051c0 f i common.obj
 0001:00004230       ??8error_condition@std@@QBE_NABV01@@Z 10005230 f i common.obj
 0001:000042e0       ??_E_Generic_error_category@std@@UAEPAXI@Z 100052e0 f i common.obj
 0001:000042e0       ??_G_Generic_error_category@std@@UAEPAXI@Z 100052e0 f i common.obj
 0001:00004350       ??_G_Iostream_error_category@std@@UAEPAXI@Z 10005350 f i common.obj
 0001:00004350       ??_E_Iostream_error_category@std@@UAEPAXI@Z 10005350 f i common.obj
 0001:000043c0       ??_E_System_error_category@std@@UAEPAXI@Z 100053c0 f i common.obj
 0001:000043c0       ??_G_System_error_category@std@@UAEPAXI@Z 100053c0 f i common.obj
 0001:00004430       ??_Eerror_category@std@@UAEPAXI@Z 10005430 f i common.obj
 0001:00004430       ??_Gerror_category@std@@UAEPAXI@Z 10005430 f i common.obj
 0001:000044a0       ?CheckGroup@@YAHPADPBD@Z   100054a0 f   common.obj
 0001:00004990       ?ClearLF@@YAXPAD@Z         10005990 f   common.obj
 0001:00004a20       ?GetCmd@@YAPBDH@Z          10005a20 f   common.obj
 0001:00004a80       ?GetDecimalPow@@YANH@Z     10005a80 f   common.obj
 0001:00004af0       ?GetIntParam@@YAHPBD0PAH@Z 10005af0 f   common.obj
 0001:00004bc0       ?GetStrParam@@YAHPBD0PADH@Z 10005bc0 f   common.obj
 0001:00004ce0       ?NormalizeDouble@@YINNH@Z  10005ce0 f   common.obj
 0001:00004e70       ?_Alloc_proxy@?$_String_alloc@$0A@U?$_String_base_types@DV?$allocator@D@std@@@std@@@std@@QAEXXZ 10005e70 f i common.obj
 0001:00004f40       ?_Copy@?$basic_string@DU?$char_traits@D@std@@V?$allocator@D@2@@std@@QAEXII@Z 10005f40 f i common.obj
 0001:00005200       ?_Eos@?$basic_string@DU?$char_traits@D@std@@V?$allocator@D@2@@std@@QAEXI@Z 10006200 f i common.obj
 0001:00005280       ?_Free_proxy@?$_String_alloc@$0A@U?$_String_base_types@DV?$allocator@D@std@@@std@@@std@@QAEXXZ 10006280 f i common.obj
 0001:00005350       ?_Getal@?$_String_alloc@$0A@U?$_String_base_types@DV?$allocator@D@std@@@std@@@std@@QBE?AU?$_Wrap_alloc@V?$allocator@D@std@@@2@XZ 10006350 f i common.obj
 0001:000053b0       ?_Grow@?$basic_string@DU?$char_traits@D@std@@V?$allocator@D@2@@std@@QAE_NI_N@Z 100063b0 f i common.obj
 0001:000054d0       ?_Inside@?$basic_string@DU?$char_traits@D@std@@V?$allocator@D@2@@std@@QAE_NPBD@Z 100064d0 f i common.obj
 0001:00005550       ?_Myptr@?$_String_val@U?$_Simple_types@D@std@@@std@@QAEPADXZ 10006550 f i common.obj
 0001:000055e0       ?_Myptr@?$_String_val@U?$_Simple_types@D@std@@@std@@QBEPBDXZ 100065e0 f i common.obj
 0001:00005670       ?_Orphan_all@_Container_base12@std@@QAEXXZ 10006670 f i common.obj
 0001:00005760       ?_Tidy@?$basic_string@DU?$char_traits@D@std@@V?$allocator@D@2@@std@@QAEX_NI@Z 10006760 f i common.obj
 0001:00005870       ?_Xlen@?$basic_string@DU?$char_traits@D@std@@V?$allocator@D@2@@std@@QBEXXZ 10006870 f i common.obj
 0001:000058d0       ?_Xran@?$basic_string@DU?$char_traits@D@std@@V?$allocator@D@2@@std@@QBEXXZ 100068d0 f i common.obj
 0001:00005930       ?allocate@?$_Wrap_alloc@V?$allocator@D@std@@@std@@QAEPADI@Z 10006930 f i common.obj
 0001:00005990       ?allocate@?$allocator@D@std@@QAEPADI@Z 10006990 f i common.obj
 0001:000059f0       ?allocate@?$allocator@U_Container_proxy@std@@@std@@QAEPAU_Container_proxy@2@I@Z 100069f0 f i common.obj
 0001:00005a50       ?assign@?$basic_string@DU?$char_traits@D@std@@V?$allocator@D@2@@std@@QAEAAV12@ABV12@II@Z 10006a50 f i common.obj
 0001:00005b60       ?assign@?$basic_string@DU?$char_traits@D@std@@V?$allocator@D@2@@std@@QAEAAV12@PBD@Z 10006b60 f i common.obj
 0001:00005bf0       ?assign@?$basic_string@DU?$char_traits@D@std@@V?$allocator@D@2@@std@@QAEAAV12@PBDI@Z 10006bf0 f i common.obj
 0001:00005cf0       ?assign@?$char_traits@D@std@@SAXAADABD@Z 10006cf0 f i common.obj
 0001:00005d30       ?category@error_code@std@@QBEABVerror_category@2@XZ 10006d30 f i common.obj
 0001:00005d70       ?category@error_condition@std@@QBEABVerror_category@2@XZ 10006d70 f i common.obj
 0001:00005db0       ?copy@?$char_traits@D@std@@SAPADPADPBDI@Z 10006db0 f i common.obj
 0001:00005e30       ?deallocate@?$_Wrap_alloc@V?$allocator@D@std@@@std@@QAEXPADI@Z 10006e30 f i common.obj
 0001:00005e90       ?deallocate@?$allocator@D@std@@QAEXPADI@Z 10006e90 f i common.obj
 0001:00005ef0       ?deallocate@?$allocator@U_Container_proxy@std@@@std@@QAEXPAU_Container_proxy@2@I@Z 10006ef0 f i common.obj
 0001:00005f50       ?default_error_condition@_System_error_category@std@@UBE?AVerror_condition@2@H@Z 10006f50 f i common.obj
 0001:00005ff0       ?default_error_condition@error_category@std@@UBE?AVerror_condition@2@H@Z 10006ff0 f i common.obj
 0001:00006050       ?equivalent@error_category@std@@UBE_NABVerror_code@2@H@Z 10007050 f i common.obj
 0001:000060f0       ?equivalent@error_category@std@@UBE_NHABVerror_condition@2@@Z 100070f0 f i common.obj
 0001:00006170       ?erase@?$basic_string@DU?$char_traits@D@std@@V?$allocator@D@2@@std@@QAEAAV12@I@Z 10007170 f i common.obj
 0001:000061f0       ?erase@?$basic_string@DU?$char_traits@D@std@@V?$allocator@D@2@@std@@QAEAAV12@II@Z 100071f0 f i common.obj
 0001:000062d0       ?generic_category@std@@YAABVerror_category@1@XZ 100072d0 f i common.obj
 0001:00006310       ?insert@@YAPADPAXPBXIIP6AH11@Z@Z 10007310 f   common.obj
 0001:00006480       ?length@?$char_traits@D@std@@SAIPBD@Z 10007480 f i common.obj
 0001:00006500       ?max_size@?$_Wrap_alloc@V?$allocator@D@std@@@std@@QBEIXZ 10007500 f i common.obj
 0001:00006560       ?max_size@?$allocator@D@std@@QBEIXZ 10007560 f i common.obj
 0001:000065a0       ?max_size@?$allocator_traits@V?$allocator@D@std@@@std@@SAIABV?$allocator@D@2@@Z 100075a0 f i common.obj
 0001:000065f0       ?max_size@?$basic_string@DU?$char_traits@D@std@@V?$allocator@D@2@@std@@QBEIXZ 100075f0 f i common.obj
 0001:00006690       ?message@_Generic_error_category@std@@UBE?AV?$basic_string@DU?$char_traits@D@std@@V?$allocator@D@2@@2@H@Z 10007690 f i common.obj
 0001:00006750       ?message@_Iostream_error_category@std@@UBE?AV?$basic_string@DU?$char_traits@D@std@@V?$allocator@D@2@@2@H@Z 10007750 f i common.obj
 0001:00006810       ?message@_System_error_category@std@@UBE?AV?$basic_string@DU?$char_traits@D@std@@V?$allocator@D@2@@2@H@Z 10007810 f i common.obj
 0001:000068d0       ?move@?$char_traits@D@std@@SAPADPADPBDI@Z 100078d0 f i common.obj
 0001:00006950       ?name@_Generic_error_category@std@@UBEPBDXZ 10007950 f i common.obj
 0001:00006990       ?name@_Iostream_error_category@std@@UBEPBDXZ 10007990 f i common.obj
 0001:000069d0       ?name@_System_error_category@std@@UBEPBDXZ 100079d0 f i common.obj
 0001:00006a10       ?size@?$basic_string@DU?$char_traits@D@std@@V?$allocator@D@2@@std@@QBEIXZ 10007a10 f i common.obj
 0001:00006a50       ?system_category@std@@YAABVerror_category@1@XZ 10007a50 f i common.obj
 0001:00006a90       ?value@error_code@std@@QBEHXZ 10007a90 f i common.obj
 0001:00006ad0       ?value@error_condition@std@@QBEHXZ 10007ad0 f i common.obj
 0001:00006b10       ??$strncpy_s@$0MI@@@YAHAAY0MI@DPBDI@Z 10007b10 f i Logger.obj
 0001:00006b70       ??0CLogger@@QAE@XZ         10007b70 f   Logger.obj
 0001:00006c80       ??1CLogger@@QAE@XZ         10007c80 f   Logger.obj
 0001:00006d90       ?Journal@CLogger@@QAEHPADH@Z 10007d90 f   Logger.obj
 0001:00006f20       ?Lock@CSync@@QAEXXZ        10007f20 f i Logger.obj
 0001:00006f80       ?Out@CLogger@@QAAXHPBD0ZZ  10007f80 f   Logger.obj
 0001:00007150       ?Unlock@CSync@@QAEXXZ      10008150 f i Logger.obj
 0001:000071b0       ??0?$_Wrap_alloc@V?$allocator@D@std@@@std@@QAE@ABV?$allocator@D@1@@Z 100081b0 f i ServerPlugin.obj
 0001:00007210       ??0?$allocator@D@std@@QAE@ABV01@@Z 10008210 f i ServerPlugin.obj
 0001:00007250       ??0?$basic_string@DU?$char_traits@D@std@@V?$allocator@D@2@@std@@QAE@ABV01@@Z 10008250 f i ServerPlugin.obj
 0001:00007340       ??0?$basic_string@DU?$char_traits@D@std@@V?$allocator@D@2@@std@@QAE@XZ 10008340 f i ServerPlugin.obj
 0001:00007400       ??1?$basic_string@DU?$char_traits@D@std@@V?$allocator@D@2@@std@@QAE@XZ 10008400 f i ServerPlugin.obj
 0001:00007460       ??4?$basic_string@DU?$char_traits@D@std@@V?$allocator@D@2@@std@@QAEAAV01@PBD@Z 10008460 f i ServerPlugin.obj
 0001:000074c0       ?Initialize@CLogger@@QAEXPBD@Z 100084c0 f i ServerPlugin.obj
 0001:00007560       ?MtSrvAbout@@YGXPAUPluginInfo@@@Z 10008560 f   ServerPlugin.obj
 0001:000075d0       ?MtSrvCleanup@@YGXXZ       100085d0 f   ServerPlugin.obj
 0001:00007600       ?MtSrvPluginCfgAdd@@YGHPBUPluginCfg@@@Z 10008600 f   ServerPlugin.obj
 0001:00007660       ?MtSrvPluginCfgDelete@@YGHPBD@Z 10008660 f   ServerPlugin.obj
 0001:000076e0       ?MtSrvPluginCfgGet@@YGHPBDPAUPluginCfg@@@Z 100086e0 f   ServerPlugin.obj
 0001:00007770       ?MtSrvPluginCfgNext@@YGHHPAUPluginCfg@@@Z 10008770 f   ServerPlugin.obj
 0001:000077d0       ?MtSrvPluginCfgSet@@YGHPBUPluginCfg@@H@Z 100087d0 f   ServerPlugin.obj
 0001:00007830       ?MtSrvPluginCfgTotal@@YGHXZ 10008830 f   ServerPlugin.obj
 0001:00007880       ?MtSrvStartup@@YGHPAUCServerInterface@@@Z 10008880 f   ServerPlugin.obj
 0001:00007910       ?MtSrvTelnet@@YGHKPADH@Z   10008910 f   ServerPlugin.obj
 0001:00007d70       ?MtSrvTradeRequestApply@@YGXPAURequestInfo@@H@Z 10008d70 f   ServerPlugin.obj
 0001:00007df0       ?MtSrvTradeRequestRestore@@YGXPAURequestInfo@@@Z 10008df0 f   ServerPlugin.obj
 0001:00007e70       ?MtSrvTradeTransaction@@YGHPAUTradeTransInfo@@PBUUserInfo@@PAH@Z 10008e70 f   ServerPlugin.obj
 0001:00007ee0       ?MtSrvTradesAdd@@YGXPAUTradeRecord@@PBUUserInfo@@PBUConSymbol@@@Z 10008ee0 f   ServerPlugin.obj
 0001:00007f60       ?MtSrvTradesAddExt@@YGXPAUTradeRecord@@PBUUserInfo@@PBUConSymbol@@H@Z 10008f60 f   ServerPlugin.obj
 0001:00007fc0       ?MtSrvTradesCloseBy@@YGXPAUTradeRecord@@00PAUConSymbol@@PAUUserInfo@@@Z 10008fc0 f   ServerPlugin.obj
 0001:00008020       ?MtSrvTradesUpdate@@YGXPAUTradeRecord@@PAUUserInfo@@H@Z 10009020 f   ServerPlugin.obj
 0001:00008140       ?append@?$basic_string@DU?$char_traits@D@std@@V?$allocator@D@2@@std@@QAEAAV12@ABV12@II@Z 10009140 f i ServerPlugin.obj
 0001:00008260       ?append@?$basic_string@DU?$char_traits@D@std@@V?$allocator@D@2@@std@@QAEAAV12@PBD@Z 10009260 f i ServerPlugin.obj
 0001:000082f0       ?append@?$basic_string@DU?$char_traits@D@std@@V?$allocator@D@2@@std@@QAEAAV12@PBDI@Z 100092f0 f i ServerPlugin.obj
 0001:00008430       ?c_str@?$basic_string@DU?$char_traits@D@std@@V?$allocator@D@2@@std@@QBEPBDXZ 10009430 f i ServerPlugin.obj
 0001:00008480       ?find@?$char_traits@D@std@@SAPBDPBDIABD@Z 10009480 f i ServerPlugin.obj
 0001:00008500       ?find_last_of@?$basic_string@DU?$char_traits@D@std@@V?$allocator@D@2@@std@@QBEIPBDI@Z 10009500 f i ServerPlugin.obj
 0001:00008590       ?find_last_of@?$basic_string@DU?$char_traits@D@std@@V?$allocator@D@2@@std@@QBEIPBDII@Z 10009590 f i ServerPlugin.obj
 0001:000086c0       ?select_on_container_copy_construction@?$_Wrap_alloc@V?$allocator@D@std@@@std@@QBE?AU12@XZ 100096c0 f i ServerPlugin.obj
 0001:00008730       ?select_on_container_copy_construction@?$allocator@D@std@@QBE?AV12@XZ 10009730 f i ServerPlugin.obj
 0001:00008790       ?select_on_container_copy_construction@?$allocator_traits@V?$allocator@D@std@@@std@@SA?AV?$allocator@D@2@ABV32@@Z 10009790 f i ServerPlugin.obj
 0001:000087f0       _DllMain@12                100097f0 f   ServerPlugin.obj
 0001:00008af0       ??$?0AAV?$_Tree_iterator@V?$_Tree_val@U?$_Tree_simple_types@U?$pair@$$CBV?$basic_string@DU?$char_traits@D@std@@V?$allocator@D@2@@std@@UPluginCfg@@@std@@@std@@@std@@@std@@AAV01@@?$pair@V?$_Tree_iterator@V?$_Tree_val@U?$_Tree_simple_types@U?$pair@$$CBV?$basic_string@DU?$char_traits@D@std@@V?$allocator@D@2@@std@@UPluginCfg@@@std@@@std@@@std@@@std@@V12@@std@@QAE@AAV?$_Tree_iterator@V?$_Tree_val@U?$_Tree_simple_types@U?$pair@$$CBV?$basic_string@DU?$char_traits@D@std@@V?$allocator@D@2@@std@@UPluginCfg@@@std@@@std@@@std@@@1@0PAPAX@Z 10009af0 f i Setting.obj
 0001:00008bc0       ??$?0AAV?$_Tree_iterator@V?$_Tree_val@U?$_Tree_simple_types@U?$pair@$$CBV?$basic_string@DU?$char_traits@D@std@@V?$allocator@D@2@@std@@UPluginCfg@@@std@@@std@@@std@@@std@@_N@?$pair@V?$_Tree_iterator@V?$_Tree_val@U?$_Tree_simple_types@U?$pair@$$CBV?$basic_string@DU?$char_traits@D@std@@V?$allocator@D@2@@std@@UPluginCfg@@@std@@@std@@@std@@@std@@_N@std@@QAE@AAV?$_Tree_iterator@V?$_Tree_val@U?$_Tree_simple_types@U?$pair@$$CBV?$basic_string@DU?$char_traits@D@std@@V?$allocator@D@2@@std@@UPluginCfg@@@std@@@std@@@std@@@1@$$QA_NPAPAX@Z 10009bc0 f i Setting.obj
 0001:00008c90       ??$?0ABV?$basic_string@DU?$char_traits@D@std@@V?$allocator@D@2@@std@@UPluginCfg@@@?$pair@V?$basic_string@DU?$char_traits@D@std@@V?$allocator@D@2@@std@@UPluginCfg@@@std@@QAE@ABV?$basic_string@DU?$char_traits@D@std@@V?$allocator@D@2@@1@$$QAUPluginCfg@@PAPAX@Z 10009c90 f i Setting.obj
 0001:00008d60       ??$?0U?$_Tree_node@U?$pair@$$CBV?$basic_string@DU?$char_traits@D@std@@V?$allocator@D@2@@std@@UPluginCfg@@@std@@PAX@std@@@?$allocator@U?$pair@$$CBV?$basic_string@DU?$char_traits@D@std@@V?$allocator@D@2@@std@@UPluginCfg@@@std@@@std@@QAE@ABV?$allocator@U?$_Tree_node@U?$pair@$$CBV?$basic_string@DU?$char_traits@D@std@@V?$allocator@D@2@@std@@UPluginCfg@@@std@@PAX@std@@@1@@Z 10009d60 f i Setting.obj
 0001:00008da0       ??$?0U?$_Tree_node@U?$pair@$$CBV?$basic_string@DU?$char_traits@D@std@@V?$allocator@D@2@@std@@UPluginCfg@@@std@@PAX@std@@@?$allocator@U_Container_proxy@std@@@std@@QAE@ABV?$allocator@U?$_Tree_node@U?$pair@$$CBV?$basic_string@DU?$char_traits@D@std@@V?$allocator@D@2@@std@@UPluginCfg@@@std@@PAX@std@@@1@@Z 10009da0 f i Setting.obj
 0001:00008de0       ??$?0U?$_Wrap_alloc@V?$allocator@U?$_Tree_node@U?$pair@$$CBV?$basic_string@DU?$char_traits@D@std@@V?$allocator@D@2@@std@@UPluginCfg@@@std@@PAX@std@@@std@@@std@@@?$_Wrap_alloc@V?$allocator@U_Container_proxy@std@@@std@@@std@@QAE@ABU?$_Wrap_alloc@V?$allocator@U?$_Tree_node@U?$pair@$$CBV?$basic_string@DU?$char_traits@D@std@@V?$allocator@D@2@@std@@UPluginCfg@@@std@@PAX@std@@@std@@@1@@Z 10009de0 f i Setting.obj
 0001:00008e40       ??$?0V?$_Tree_iterator@V?$_Tree_val@U?$_Tree_simple_types@U?$pair@$$CBV?$basic_string@DU?$char_traits@D@std@@V?$allocator@D@2@@std@@UPluginCfg@@@std@@@std@@@std@@@std@@V01@@?$pair@V?$_Tree_iterator@V?$_Tree_val@U?$_Tree_simple_types@U?$pair@$$CBV?$basic_string@DU?$char_traits@D@std@@V?$allocator@D@2@@std@@UPluginCfg@@@std@@@std@@@std@@@std@@V12@@std@@QAE@$$QAU01@PAPAX@Z 10009e40 f i Setting.obj
 0001:00008f10       ??$?0V?$_Tree_iterator@V?$_Tree_val@U?$_Tree_simple_types@U?$pair@$$CBV?$basic_string@DU?$char_traits@D@std@@V?$allocator@D@2@@std@@UPluginCfg@@@std@@@std@@@std@@@std@@_N@?$pair@V?$_Tree_iterator@V?$_Tree_val@U?$_Tree_simple_types@U?$pair@$$CBV?$basic_string@DU?$char_traits@D@std@@V?$allocator@D@2@@std@@UPluginCfg@@@std@@@std@@@std@@@std@@_N@std@@QAE@$$QAU01@PAPAX@Z 10009f10 f i Setting.obj
 0001:00008fe0       ??$?0V?$_Tree_iterator@V?$_Tree_val@U?$_Tree_simple_types@U?$pair@$$CBV?$basic_string@DU?$char_traits@D@std@@V?$allocator@D@2@@std@@UPluginCfg@@@std@@@std@@@std@@@std@@_N@?$pair@V?$_Tree_iterator@V?$_Tree_val@U?$_Tree_simple_types@U?$pair@$$CBV?$basic_string@DU?$char_traits@D@std@@V?$allocator@D@2@@std@@UPluginCfg@@@std@@@std@@@std@@@std@@_N@std@@QAE@$$QAV?$_Tree_iterator@V?$_Tree_val@U?$_Tree_simple_types@U?$pair@$$CBV?$basic_string@DU?$char_traits@D@std@@V?$allocator@D@2@@std@@UPluginCfg@@@std@@@std@@@std@@@1@$$QA_NPAPAX@Z 10009fe0 f i Setting.obj
 0001:000090b0       ??$?0V?$basic_string@DU?$char_traits@D@std@@V?$allocator@D@2@@std@@UPluginCfg@@@?$pair@$$CBV?$basic_string@DU?$char_traits@D@std@@V?$allocator@D@2@@std@@UPluginCfg@@@std@@QAE@$$QAU?$pair@V?$basic_string@DU?$char_traits@D@std@@V?$allocator@D@2@@std@@UPluginCfg@@@1@PAPAX@Z 1000a0b0 f i Setting.obj
 0001:00009180       ??$?0V?$basic_string@DU?$char_traits@D@std@@V?$allocator@D@2@@std@@UPluginCfg@@@?$pair@V?$basic_string@DU?$char_traits@D@std@@V?$allocator@D@2@@std@@UPluginCfg@@@std@@QAE@$$QAV?$basic_string@DU?$char_traits@D@std@@V?$allocator@D@2@@1@$$QAUPluginCfg@@PAPAX@Z 1000a180 f i Setting.obj
 0001:00009250       ??$?8DU?$char_traits@D@std@@V?$allocator@D@1@@std@@YA_NABV?$basic_string@DU?$char_traits@D@std@@V?$allocator@D@2@@0@PBD@Z 1000a250 f i Setting.obj
 0001:000092d0       ??$?MDU?$char_traits@D@std@@V?$allocator@D@1@@std@@YA_NABV?$basic_string@DU?$char_traits@D@std@@V?$allocator@D@2@@0@0@Z 1000a2d0 f i Setting.obj
 0001:00009350       ??$_Allocate@U?$_Tree_node@U?$pair@$$CBV?$basic_string@DU?$char_traits@D@std@@V?$allocator@D@2@@std@@UPluginCfg@@@std@@PAX@std@@@std@@YAPAU?$_Tree_node@U?$pair@$$CBV?$basic_string@DU?$char_traits@D@std@@V?$allocator@D@2@@std@@UPluginCfg@@@std@@PAX@0@IPAU10@@Z 1000a350 f i Setting.obj
 0001:000093e0       ??$_Buynode@AAU?$pair@$$CBV?$basic_string@DU?$char_traits@D@std@@V?$allocator@D@2@@std@@UPluginCfg@@@std@@@?$_Tree_buy@U?$pair@$$CBV?$basic_string@DU?$char_traits@D@std@@V?$allocator@D@2@@std@@UPluginCfg@@@std@@V?$allocator@U?$pair@$$CBV?$basic_string@DU?$char_traits@D@std@@V?$allocator@D@2@@std@@UPluginCfg@@@std@@@2@@std@@QAEPAU?$_Tree_node@U?$pair@$$CBV?$basic_string@DU?$char_traits@D@std@@V?$allocator@D@2@@std@@UPluginCfg@@@std@@PAX@1@AAU?$pair@$$CBV?$basic_string@DU?$char_traits@D@std@@V?$allocator@D@2@@std@@UPluginCfg@@@1@@Z 1000a3e0 f i Setting.obj
 0001:00009550       ??$_Buynode@U?$pair@V?$basic_string@DU?$char_traits@D@std@@V?$allocator@D@2@@std@@UPluginCfg@@@std@@@?$_Tree_buy@U?$pair@$$CBV?$basic_string@DU?$char_traits@D@std@@V?$allocator@D@2@@std@@UPluginCfg@@@std@@V?$allocator@U?$pair@$$CBV?$basic_string@DU?$char_traits@D@std@@V?$allocator@D@2@@std@@UPluginCfg@@@std@@@2@@std@@QAEPAU?$_Tree_node@U?$pair@$$CBV?$basic_string@DU?$char_traits@D@std@@V?$allocator@D@2@@std@@UPluginCfg@@@std@@PAX@1@$$QAU?$pair@V?$basic_string@DU?$char_traits@D@std@@V?$allocator@D@2@@std@@UPluginCfg@@@1@@Z 1000a550 f i Setting.obj
 0001:000096c0       ??$_Buynode_if_nil@AAU?$pair@$$CBV?$basic_string@DU?$char_traits@D@std@@V?$allocator@D@2@@std@@UPluginCfg@@@std@@@?$_Tree@V?$_Tmap_traits@V?$basic_string@DU?$char_traits@D@std@@V?$allocator@D@2@@std@@UPluginCfg@@U?$less@V?$basic_string@DU?$char_traits@D@std@@V?$allocator@D@2@@std@@@2@V?$allocator@U?$pair@$$CBV?$basic_string@DU?$char_traits@D@std@@V?$allocator@D@2@@std@@UPluginCfg@@@std@@@2@$0A@@std@@@std@@IAEPAU?$_Tree_node@U?$pair@$$CBV?$basic_string@DU?$char_traits@D@std@@V?$allocator@D@2@@std@@UPluginCfg@@@std@@PAX@1@PAU21@AAU?$pair@$$CBV?$basic_string@DU?$char_traits@D@std@@V?$allocator@D@2@@std@@UPluginCfg@@@1@@Z 1000a6c0 f i Setting.obj
 0001:00009700       ??$_Copy@U?$integral_constant@_N$0A@@std@@@?$_Tree@V?$_Tmap_traits@V?$basic_string@DU?$char_traits@D@std@@V?$allocator@D@2@@std@@UPluginCfg@@U?$less@V?$basic_string@DU?$char_traits@D@std@@V?$allocator@D@2@@std@@@2@V?$allocator@U?$pair@$$CBV?$basic_string@DU?$char_traits@D@std@@V?$allocator@D@2@@std@@UPluginCfg@@@std@@@2@$0A@@std@@@std@@IAEXABV01@U?$integral_constant@_N$0A@@1@@Z 1000a700 f i Setting.obj
 0001:00009830       ??$_Copy_nodes@U?$integral_constant@_N$0A@@std@@@?$_Tree@V?$_Tmap_traits@V?$basic_string@DU?$char_traits@D@std@@V?$allocator@D@2@@std@@UPluginCfg@@U?$less@V?$basic_string@DU?$char_traits@D@std@@V?$allocator@D@2@@std@@@2@V?$allocator@U?$pair@$$CBV?$basic_string@DU?$char_traits@D@std@@V?$allocator@D@2@@std@@UPluginCfg@@@std@@@2@$0A@@std@@@std@@IAEPAU?$_Tree_node@U?$pair@$$CBV?$basic_string@DU?$char_traits@D@std@@V?$allocator@D@2@@std@@UPluginCfg@@@std@@PAX@1@PAU21@0U?$integral_constant@_N$0A@@1@@Z 1000a830 f i Setting.obj
 0001:00009a60       ??$_Copy_or_move@U?$integral_constant@_N$0A@@std@@U?$integral_constant@_N$00@2@@?$_Tree@V?$_Tmap_traits@V?$basic_string@DU?$char_traits@D@std@@V?$allocator@D@2@@std@@UPluginCfg@@U?$less@V?$basic_string@DU?$char_traits@D@std@@V?$allocator@D@2@@std@@@2@V?$allocator@U?$pair@$$CBV?$basic_string@DU?$char_traits@D@std@@V?$allocator@D@2@@std@@UPluginCfg@@@std@@@2@$0A@@std@@@std@@IAEPAU?$_Tree_node@U?$pair@$$CBV?$basic_string@DU?$char_traits@D@std@@V?$allocator@D@2@@std@@UPluginCfg@@@std@@PAX@1@PAU21@U?$integral_constant@_N$0A@@1@U?$integral_constant@_N$00@1@@Z 1000aa60 f i Setting.obj
 0001:00009ad0       ??$_Debug_lt_pred@U?$less@V?$basic_string@DU?$char_traits@D@std@@V?$allocator@D@2@@std@@@std@@V?$basic_string@DU?$char_traits@D@std@@V?$allocator@D@2@@2@V32@@std@@YA_NU?$less@V?$basic_string@DU?$char_traits@D@std@@V?$allocator@D@2@@std@@@0@ABV?$basic_string@DU?$char_traits@D@std@@V?$allocator@D@2@@0@1PB_WI@Z 1000aad0 f i Setting.obj
 0001:00009b70       ??$_Distance2@V?$_Tree_iterator@V?$_Tree_val@U?$_Tree_simple_types@U?$pair@$$CBV?$basic_string@DU?$char_traits@D@std@@V?$allocator@D@2@@std@@UPluginCfg@@@std@@@std@@@std@@@std@@I@std@@YAXV?$_Tree_iterator@V?$_Tree_val@U?$_Tree_simple_types@U?$pair@$$CBV?$basic_string@DU?$char_traits@D@std@@V?$allocator@D@2@@std@@UPluginCfg@@@std@@@std@@@std@@@0@0AAIUbidirectional_iterator_tag@0@@Z 1000ab70 f i Setting.obj
 0001:00009c50       ??$_Distance@V?$_Tree_iterator@V?$_Tree_val@U?$_Tree_simple_types@U?$pair@$$CBV?$basic_string@DU?$char_traits@D@std@@V?$allocator@D@2@@std@@UPluginCfg@@@std@@@std@@@std@@@std@@I@std@@YAXV?$_Tree_iterator@V?$_Tree_val@U?$_Tree_simple_types@U?$pair@$$CBV?$basic_string@DU?$char_traits@D@std@@V?$allocator@D@2@@std@@UPluginCfg@@@std@@@std@@@std@@@0@0AAI@Z 1000ac50 f i Setting.obj
 0001:00009d80       ??$_Insert_at@AAU?$pair@$$CBV?$basic_string@DU?$char_traits@D@std@@V?$allocator@D@2@@std@@UPluginCfg@@@std@@PAU?$_Tree_node@U?$pair@$$CBV?$basic_string@DU?$char_traits@D@std@@V?$allocator@D@2@@std@@UPluginCfg@@@std@@PAX@2@@?$_Tree@V?$_Tmap_traits@V?$basic_string@DU?$char_traits@D@std@@V?$allocator@D@2@@std@@UPluginCfg@@U?$less@V?$basic_string@DU?$char_traits@D@std@@V?$allocator@D@2@@std@@@2@V?$allocator@U?$pair@$$CBV?$basic_string@DU?$char_traits@D@std@@V?$allocator@D@2@@std@@UPluginCfg@@@std@@@2@$0A@@std@@@std@@IAE?AV?$_Tree_iterator@V?$_Tree_val@U?$_Tree_simple_types@U?$pair@$$CBV?$basic_string@DU?$char_traits@D@std@@V?$allocator@D@2@@std@@UPluginCfg@@@std@@@std@@@std@@@1@_NPAU?$_Tree_node@U?$pair@$$CBV?$basic_string@DU?$char_traits@D@std@@V?$allocator@D@2@@std@@UPluginCfg@@@std@@PAX@1@AAU?$pair@$$CBV?$basic_string@DU?$char_traits@D@std@@V?$allocator@D@2@@std@@UPluginCfg@@@1@1@Z 1000ad80 f i Setting.obj
 0001:0000a300       ??$_Insert_hint@AAU?$pair@$$CBV?$basic_string@DU?$char_traits@D@std@@V?$allocator@D@2@@std@@UPluginCfg@@@std@@PAU?$_Tree_node@U?$pair@$$CBV?$basic_string@DU?$char_traits@D@std@@V?$allocator@D@2@@std@@UPluginCfg@@@std@@PAX@2@@?$_Tree@V?$_Tmap_traits@V?$basic_string@DU?$char_traits@D@std@@V?$allocator@D@2@@std@@UPluginCfg@@U?$less@V?$basic_string@DU?$char_traits@D@std@@V?$allocator@D@2@@std@@@2@V?$allocator@U?$pair@$$CBV?$basic_string@DU?$char_traits@D@std@@V?$allocator@D@2@@std@@UPluginCfg@@@std@@@2@$0A@@std@@@std@@IAE?AV?$_Tree_iterator@V?$_Tree_val@U?$_Tree_simple_types@U?$pair@$$CBV?$basic_string@DU?$char_traits@D@std@@V?$allocator@D@2@@std@@UPluginCfg@@@std@@@std@@@std@@@1@V?$_Tree_const_iterator@V?$_Tree_val@U?$_Tree_simple_types@U?$pair@$$CBV?$basic_string@DU?$char_traits@D@std@@V?$allocator@D@2@@std@@UPluginCfg@@@std@@@std@@@std@@@1@AAU?$pair@$$CBV?$basic_string@DU?$char_traits@D@std@@V?$allocator@D@2@@std@@UPluginCfg@@@1@PAU?$_Tree_node@U?$pair@$$CBV?$basic_string@DU?$char_traits@D@std@@V?$allocator@D@2@@std@@UPluginCfg@@@std@@PAX@1@@Z 1000b300 f i Setting.obj
 0001:0000ba50       ??$_Insert_nohint@AAU?$pair@$$CBV?$basic_string@DU?$char_traits@D@std@@V?$allocator@D@2@@std@@UPluginCfg@@@std@@PAU?$_Tree_node@U?$pair@$$CBV?$basic_string@DU?$char_traits@D@std@@V?$allocator@D@2@@std@@UPluginCfg@@@std@@PAX@2@@?$_Tree@V?$_Tmap_traits@V?$basic_string@DU?$char_traits@D@std@@V?$allocator@D@2@@std@@UPluginCfg@@U?$less@V?$basic_string@DU?$char_traits@D@std@@V?$allocator@D@2@@std@@@2@V?$allocator@U?$pair@$$CBV?$basic_string@DU?$char_traits@D@std@@V?$allocator@D@2@@std@@UPluginCfg@@@std@@@2@$0A@@std@@@std@@IAE?AU?$pair@V?$_Tree_iterator@V?$_Tree_val@U?$_Tree_simple_types@U?$pair@$$CBV?$basic_string@DU?$char_traits@D@std@@V?$allocator@D@2@@std@@UPluginCfg@@@std@@@std@@@std@@@std@@_N@1@_NAAU?$pair@$$CBV?$basic_string@DU?$char_traits@D@std@@V?$allocator@D@2@@std@@UPluginCfg@@@1@PAU?$_Tree_node@U?$pair@$$CBV?$basic_string@DU?$char_traits@D@std@@V?$allocator@D@2@@std@@UPluginCfg@@@std@@PAX@1@@Z 1000ca50 f i Setting.obj
 0001:0000c2c0       ??$_Iter_cat@V?$_Tree_iterator@V?$_Tree_val@U?$_Tree_simple_types@U?$pair@$$CBV?$basic_string@DU?$char_traits@D@std@@V?$allocator@D@2@@std@@UPluginCfg@@@std@@@std@@@std@@@std@@@std@@YA?AUbidirectional_iterator_tag@0@ABV?$_Tree_iterator@V?$_Tree_val@U?$_Tree_simple_types@U?$pair@$$CBV?$basic_string@DU?$char_traits@D@std@@V?$allocator@D@2@@std@@UPluginCfg@@@std@@@std@@@std@@@0@@Z 1000d2c0 f i Setting.obj
 0001:0000c340       ??$_Kfn@$$CBV?$basic_string@DU?$char_traits@D@std@@V?$allocator@D@2@@std@@UPluginCfg@@@?$_Tmap_traits@V?$basic_string@DU?$char_traits@D@std@@V?$allocator@D@2@@std@@UPluginCfg@@U?$less@V?$basic_string@DU?$char_traits@D@std@@V?$allocator@D@2@@std@@@2@V?$allocator@U?$pair@$$CBV?$basic_string@DU?$char_traits@D@std@@V?$allocator@D@2@@std@@UPluginCfg@@@std@@@2@$0A@@std@@SAABV?$basic_string@DU?$char_traits@D@std@@V?$allocator@D@2@@1@ABU?$pair@$$CBV?$basic_string@DU?$char_traits@D@std@@V?$allocator@D@2@@std@@UPluginCfg@@@1@@Z 1000d340 f i Setting.obj
 0001:0000c380       ??$_Move@AAD@std@@YA$$QADAAD@Z 1000d380 f i Setting.obj
 0001:0000c3c0       ??$addressof@PAU?$_Tree_node@U?$pair@$$CBV?$basic_string@DU?$char_traits@D@std@@V?$allocator@D@2@@std@@UPluginCfg@@@std@@PAX@std@@@std@@YAPAPAU?$_Tree_node@U?$pair@$$CBV?$basic_string@DU?$char_traits@D@std@@V?$allocator@D@2@@std@@UPluginCfg@@@std@@PAX@0@AAPAU10@@Z 1000d3c0 f i Setting.obj
 0001:0000c400       ??$addressof@U?$pair@$$CBV?$basic_string@DU?$char_traits@D@std@@V?$allocator@D@2@@std@@UPluginCfg@@@std@@@std@@YAPAU?$pair@$$CBV?$basic_string@DU?$char_traits@D@std@@V?$allocator@D@2@@std@@UPluginCfg@@@0@AAU10@@Z 1000d400 f i Setting.obj
 0001:0000c440       ??$construct@PAU?$_Tree_node@U?$pair@$$CBV?$basic_string@DU?$char_traits@D@std@@V?$allocator@D@2@@std@@UPluginCfg@@@std@@PAX@std@@AAPAU12@@?$_Wrap_alloc@V?$allocator@U?$_Tree_node@U?$pair@$$CBV?$basic_string@DU?$char_traits@D@std@@V?$allocator@D@2@@std@@UPluginCfg@@@std@@PAX@std@@@std@@@std@@QAEXPAPAU?$_Tree_node@U?$pair@$$CBV?$basic_string@DU?$char_traits@D@std@@V?$allocator@D@2@@std@@UPluginCfg@@@std@@PAX@1@AAPAU21@@Z 1000d440 f i Setting.obj
 0001:0000c4b0       ??$construct@PAU?$_Tree_node@U?$pair@$$CBV?$basic_string@DU?$char_traits@D@std@@V?$allocator@D@2@@std@@UPluginCfg@@@std@@PAX@std@@AAPAU12@@?$allocator@U?$_Tree_node@U?$pair@$$CBV?$basic_string@DU?$char_traits@D@std@@V?$allocator@D@2@@std@@UPluginCfg@@@std@@PAX@std@@@std@@QAEXPAPAU?$_Tree_node@U?$pair@$$CBV?$basic_string@DU?$char_traits@D@std@@V?$allocator@D@2@@std@@UPluginCfg@@@std@@PAX@1@AAPAU21@@Z 1000d4b0 f i Setting.obj
 0001:0000c5b0       ??$construct@PAU?$_Tree_node@U?$pair@$$CBV?$basic_string@DU?$char_traits@D@std@@V?$allocator@D@2@@std@@UPluginCfg@@@std@@PAX@std@@AAPAU12@@?$allocator_traits@V?$allocator@U?$_Tree_node@U?$pair@$$CBV?$basic_string@DU?$char_traits@D@std@@V?$allocator@D@2@@std@@UPluginCfg@@@std@@PAX@std@@@std@@@std@@SAXAAV?$allocator@U?$_Tree_node@U?$pair@$$CBV?$basic_string@DU?$char_traits@D@std@@V?$allocator@D@2@@std@@UPluginCfg@@@std@@PAX@std@@@1@PAPAU?$_Tree_node@U?$pair@$$CBV?$basic_string@DU?$char_traits@D@std@@V?$allocator@D@2@@std@@UPluginCfg@@@std@@PAX@1@AAPAU31@@Z 1000d5b0 f i Setting.obj
 0001:0000c610       ??$construct@U?$pair@$$CBV?$basic_string@DU?$char_traits@D@std@@V?$allocator@D@2@@std@@UPluginCfg@@@std@@AAU12@@?$_Wrap_alloc@V?$allocator@U?$_Tree_node@U?$pair@$$CBV?$basic_string@DU?$char_traits@D@std@@V?$allocator@D@2@@std@@UPluginCfg@@@std@@PAX@std@@@std@@@std@@QAEXPAU?$pair@$$CBV?$basic_string@DU?$char_traits@D@std@@V?$allocator@D@2@@std@@UPluginCfg@@@1@AAU21@@Z 1000d610 f i Setting.obj
 0001:0000c680       ??$construct@U?$pair@$$CBV?$basic_string@DU?$char_traits@D@std@@V?$allocator@D@2@@std@@UPluginCfg@@@std@@AAU12@@?$allocator@U?$_Tree_node@U?$pair@$$CBV?$basic_string@DU?$char_traits@D@std@@V?$allocator@D@2@@std@@UPluginCfg@@@std@@PAX@std@@@std@@QAEXPAU?$pair@$$CBV?$basic_string@DU?$char_traits@D@std@@V?$allocator@D@2@@std@@UPluginCfg@@@1@AAU21@@Z 1000d680 f i Setting.obj
 0001:0000c780       ??$construct@U?$pair@$$CBV?$basic_string@DU?$char_traits@D@std@@V?$allocator@D@2@@std@@UPluginCfg@@@std@@AAU12@@?$allocator_traits@V?$allocator@U?$_Tree_node@U?$pair@$$CBV?$basic_string@DU?$char_traits@D@std@@V?$allocator@D@2@@std@@UPluginCfg@@@std@@PAX@std@@@std@@@std@@SAXAAV?$allocator@U?$_Tree_node@U?$pair@$$CBV?$basic_string@DU?$char_traits@D@std@@V?$allocator@D@2@@std@@UPluginCfg@@@std@@PAX@std@@@1@PAU?$pair@$$CBV?$basic_string@DU?$char_traits@D@std@@V?$allocator@D@2@@std@@UPluginCfg@@@1@AAU31@@Z 1000d780 f i Setting.obj
 0001:0000c7e0       ??$construct@U?$pair@$$CBV?$basic_string@DU?$char_traits@D@std@@V?$allocator@D@2@@std@@UPluginCfg@@@std@@U?$pair@V?$basic_string@DU?$char_traits@D@std@@V?$allocator@D@2@@std@@UPluginCfg@@@2@@?$_Wrap_alloc@V?$allocator@U?$_Tree_node@U?$pair@$$CBV?$basic_string@DU?$char_traits@D@std@@V?$allocator@D@2@@std@@UPluginCfg@@@std@@PAX@std@@@std@@@std@@QAEXPAU?$pair@$$CBV?$basic_string@DU?$char_traits@D@std@@V?$allocator@D@2@@std@@UPluginCfg@@@1@$$QAU?$pair@V?$basic_string@DU?$char_traits@D@std@@V?$allocator@D@2@@std@@UPluginCfg@@@1@@Z 1000d7e0 f i Setting.obj
 0001:0000c850       ??$construct@U?$pair@$$CBV?$basic_string@DU?$char_traits@D@std@@V?$allocator@D@2@@std@@UPluginCfg@@@std@@U?$pair@V?$basic_string@DU?$char_traits@D@std@@V?$allocator@D@2@@std@@UPluginCfg@@@2@@?$allocator@U?$_Tree_node@U?$pair@$$CBV?$basic_string@DU?$char_traits@D@std@@V?$allocator@D@2@@std@@UPluginCfg@@@std@@PAX@std@@@std@@QAEXPAU?$pair@$$CBV?$basic_string@DU?$char_traits@D@std@@V?$allocator@D@2@@std@@UPluginCfg@@@1@$$QAU?$pair@V?$basic_string@DU?$char_traits@D@std@@V?$allocator@D@2@@std@@UPluginCfg@@@1@@Z 1000d850 f i Setting.obj
 0001:0000c950       ??$construct@U?$pair@$$CBV?$basic_string@DU?$char_traits@D@std@@V?$allocator@D@2@@std@@UPluginCfg@@@std@@U?$pair@V?$basic_string@DU?$char_traits@D@std@@V?$allocator@D@2@@std@@UPluginCfg@@@2@@?$allocator_traits@V?$allocator@U?$_Tree_node@U?$pair@$$CBV?$basic_string@DU?$char_traits@D@std@@V?$allocator@D@2@@std@@UPluginCfg@@@std@@PAX@std@@@std@@@std@@SAXAAV?$allocator@U?$_Tree_node@U?$pair@$$CBV?$basic_string@DU?$char_traits@D@std@@V?$allocator@D@2@@std@@UPluginCfg@@@std@@PAX@std@@@1@PAU?$pair@$$CBV?$basic_string@DU?$char_traits@D@std@@V?$allocator@D@2@@std@@UPluginCfg@@@1@$$QAU?$pair@V?$basic_string@DU?$char_traits@D@std@@V?$allocator@D@2@@std@@UPluginCfg@@@1@@Z 1000d950 f i Setting.obj
 0001:0000c9b0       ??$construct@U_Container_proxy@std@@U12@@?$_Wrap_alloc@V?$allocator@U_Container_proxy@std@@@std@@@std@@QAEXPAU_Container_proxy@1@$$QAU21@@Z 1000d9b0 f i Setting.obj
 0001:0000ca20       ??$construct@U_Container_proxy@std@@U12@@?$allocator_traits@V?$allocator@U_Container_proxy@std@@@std@@@std@@SAXAAV?$allocator@U_Container_proxy@std@@@1@PAU_Container_proxy@1@$$QAU31@@Z 1000da20 f i Setting.obj
 0001:0000ca80       ??$destroy@PAU?$_Tree_node@U?$pair@$$CBV?$basic_string@DU?$char_traits@D@std@@V?$allocator@D@2@@std@@UPluginCfg@@@std@@PAX@std@@@?$_Wrap_alloc@V?$allocator@U?$_Tree_node@U?$pair@$$CBV?$basic_string@DU?$char_traits@D@std@@V?$allocator@D@2@@std@@UPluginCfg@@@std@@PAX@std@@@std@@@std@@QAEXPAPAU?$_Tree_node@U?$pair@$$CBV?$basic_string@DU?$char_traits@D@std@@V?$allocator@D@2@@std@@UPluginCfg@@@std@@PAX@1@@Z 1000da80 f i Setting.obj
 0001:0000cae0       ??$destroy@PAU?$_Tree_node@U?$pair@$$CBV?$basic_string@DU?$char_traits@D@std@@V?$allocator@D@2@@std@@UPluginCfg@@@std@@PAX@std@@@?$allocator@U?$_Tree_node@U?$pair@$$CBV?$basic_string@DU?$char_traits@D@std@@V?$allocator@D@2@@std@@UPluginCfg@@@std@@PAX@std@@@std@@QAEXPAPAU?$_Tree_node@U?$pair@$$CBV?$basic_string@DU?$char_traits@D@std@@V?$allocator@D@2@@std@@UPluginCfg@@@std@@PAX@1@@Z 1000dae0 f i Setting.obj
 0001:0000cb20       ??$destroy@PAU?$_Tree_node@U?$pair@$$CBV?$basic_string@DU?$char_traits@D@std@@V?$allocator@D@2@@std@@UPluginCfg@@@std@@PAX@std@@@?$allocator_traits@V?$allocator@U?$_Tree_node@U?$pair@$$CBV?$basic_string@DU?$char_traits@D@std@@V?$allocator@D@2@@std@@UPluginCfg@@@std@@PAX@std@@@std@@@std@@SAXAAV?$allocator@U?$_Tree_node@U?$pair@$$CBV?$basic_string@DU?$char_traits@D@std@@V?$allocator@D@2@@std@@UPluginCfg@@@std@@PAX@std@@@1@PAPAU?$_Tree_node@U?$pair@$$CBV?$basic_string@DU?$char_traits@D@std@@V?$allocator@D@2@@std@@UPluginCfg@@@std@@PAX@1@@Z 1000db20 f i Setting.obj
 0001:0000cb70       ??$destroy@U?$pair@$$CBV?$basic_string@DU?$char_traits@D@std@@V?$allocator@D@2@@std@@UPluginCfg@@@std@@@?$_Wrap_alloc@V?$allocator@U?$_Tree_node@U?$pair@$$CBV?$basic_string@DU?$char_traits@D@std@@V?$allocator@D@2@@std@@UPluginCfg@@@std@@PAX@std@@@std@@@std@@QAEXPAU?$pair@$$CBV?$basic_string@DU?$char_traits@D@std@@V?$allocator@D@2@@std@@UPluginCfg@@@1@@Z 1000db70 f i Setting.obj
 0001:0000cbd0       ??$destroy@U?$pair@$$CBV?$basic_string@DU?$char_traits@D@std@@V?$allocator@D@2@@std@@UPluginCfg@@@std@@@?$allocator@U?$_Tree_node@U?$pair@$$CBV?$basic_string@DU?$char_traits@D@std@@V?$allocator@D@2@@std@@UPluginCfg@@@std@@PAX@std@@@std@@QAEXPAU?$pair@$$CBV?$basic_string@DU?$char_traits@D@std@@V?$allocator@D@2@@std@@UPluginCfg@@@1@@Z 1000dbd0 f i Setting.obj
 0001:0000cc30       ??$destroy@U?$pair@$$CBV?$basic_string@DU?$char_traits@D@std@@V?$allocator@D@2@@std@@UPluginCfg@@@std@@@?$allocator_traits@V?$allocator@U?$_Tree_node@U?$pair@$$CBV?$basic_string@DU?$char_traits@D@std@@V?$allocator@D@2@@std@@UPluginCfg@@@std@@PAX@std@@@std@@@std@@SAXAAV?$allocator@U?$_Tree_node@U?$pair@$$CBV?$basic_string@DU?$char_traits@D@std@@V?$allocator@D@2@@std@@UPluginCfg@@@std@@PAX@std@@@1@PAU?$pair@$$CBV?$basic_string@DU?$char_traits@D@std@@V?$allocator@D@2@@std@@UPluginCfg@@@1@@Z 1000dc30 f i Setting.obj
 0001:0000cc80       ??$destroy@U_Container_proxy@std@@@?$_Wrap_alloc@V?$allocator@U_Container_proxy@std@@@std@@@std@@QAEXPAU_Container_proxy@1@@Z 1000dc80 f i Setting.obj
 0001:0000cce0       ??$destroy@U_Container_proxy@std@@@?$allocator_traits@V?$allocator@U_Container_proxy@std@@@std@@@std@@SAXAAV?$allocator@U_Container_proxy@std@@@1@PAU_Container_proxy@1@@Z 1000dce0 f i Setting.obj
 0001:0000cd30       ??$forward@AAPAU?$_Tree_node@U?$pair@$$CBV?$basic_string@DU?$char_traits@D@std@@V?$allocator@D@2@@std@@UPluginCfg@@@std@@PAX@std@@@std@@YAAAPAU?$_Tree_node@U?$pair@$$CBV?$basic_string@DU?$char_traits@D@std@@V?$allocator@D@2@@std@@UPluginCfg@@@std@@PAX@0@AAPAU10@@Z 1000dd30 f i Setting.obj
 0001:0000cd70       ??$forward@AAU?$pair@$$CBV?$basic_string@DU?$char_traits@D@std@@V?$allocator@D@2@@std@@UPluginCfg@@@std@@@std@@YAAAU?$pair@$$CBV?$basic_string@DU?$char_traits@D@std@@V?$allocator@D@2@@std@@UPluginCfg@@@0@AAU10@@Z 1000dd70 f i Setting.obj
 0001:0000cdb0       ??$forward@AAV?$_Tree_iterator@V?$_Tree_val@U?$_Tree_simple_types@U?$pair@$$CBV?$basic_string@DU?$char_traits@D@std@@V?$allocator@D@2@@std@@UPluginCfg@@@std@@@std@@@std@@@std@@@std@@YAAAV?$_Tree_iterator@V?$_Tree_val@U?$_Tree_simple_types@U?$pair@$$CBV?$basic_string@DU?$char_traits@D@std@@V?$allocator@D@2@@std@@UPluginCfg@@@std@@@std@@@std@@@0@AAV10@@Z 1000ddb0 f i Setting.obj
 0001:0000cdf0       ??$forward@ABV?$basic_string@DU?$char_traits@D@std@@V?$allocator@D@2@@std@@@std@@YAABV?$basic_string@DU?$char_traits@D@std@@V?$allocator@D@2@@0@ABV10@@Z 1000ddf0 f i Setting.obj
 0001:0000ce30       ??$forward@U?$pair@V?$basic_string@DU?$char_traits@D@std@@V?$allocator@D@2@@std@@UPluginCfg@@@std@@@std@@YA$$QAU?$pair@V?$basic_string@DU?$char_traits@D@std@@V?$allocator@D@2@@std@@UPluginCfg@@@0@AAU10@@Z 1000de30 f i Setting.obj
 0001:0000ce70       ??$forward@UPluginCfg@@@std@@YA$$QAUPluginCfg@@AAU1@@Z 1000de70 f i Setting.obj
 0001:0000ceb0       ??$forward@V?$_Tree_iterator@V?$_Tree_val@U?$_Tree_simple_types@U?$pair@$$CBV?$basic_string@DU?$char_traits@D@std@@V?$allocator@D@2@@std@@UPluginCfg@@@std@@@std@@@std@@@std@@@std@@YA$$QAV?$_Tree_iterator@V?$_Tree_val@U?$_Tree_simple_types@U?$pair@$$CBV?$basic_string@DU?$char_traits@D@std@@V?$allocator@D@2@@std@@UPluginCfg@@@std@@@std@@@std@@@0@AAV10@@Z 1000deb0 f i Setting.obj
 0001:0000cef0       ??$forward@V?$basic_string@DU?$char_traits@D@std@@V?$allocator@D@2@@std@@@std@@YA$$QAV?$basic_string@DU?$char_traits@D@std@@V?$allocator@D@2@@0@AAV10@@Z 1000def0 f i Setting.obj
 0001:0000cf30       ??$forward@_N@std@@YA$$QA_NAA_N@Z 1000df30 f i Setting.obj
 0001:0000cf70       ??$insert@U?$pair@V?$basic_string@DU?$char_traits@D@std@@V?$allocator@D@2@@std@@UPluginCfg@@@std@@@?$_Tree@V?$_Tmap_traits@V?$basic_string@DU?$char_traits@D@std@@V?$allocator@D@2@@std@@UPluginCfg@@U?$less@V?$basic_string@DU?$char_traits@D@std@@V?$allocator@D@2@@std@@@2@V?$allocator@U?$pair@$$CBV?$basic_string@DU?$char_traits@D@std@@V?$allocator@D@2@@std@@UPluginCfg@@@std@@@2@$0A@@std@@@std@@QAE?AV?$_Tree_iterator@V?$_Tree_val@U?$_Tree_simple_types@U?$pair@$$CBV?$basic_string@DU?$char_traits@D@std@@V?$allocator@D@2@@std@@UPluginCfg@@@std@@@std@@@std@@@1@V?$_Tree_const_iterator@V?$_Tree_val@U?$_Tree_simple_types@U?$pair@$$CBV?$basic_string@DU?$char_traits@D@std@@V?$allocator@D@2@@std@@UPluginCfg@@@std@@@std@@@std@@@1@$$QAU?$pair@V?$basic_string@DU?$char_traits@D@std@@V?$allocator@D@2@@std@@UPluginCfg@@@1@@Z 1000df70 f i Setting.obj
 0001:0000d0a0       ??$move@AAV?$basic_string@DU?$char_traits@D@std@@V?$allocator@D@2@@std@@@std@@YA$$QAV?$basic_string@DU?$char_traits@D@std@@V?$allocator@D@2@@0@AAV10@@Z 1000e0a0 f i Setting.obj
 0001:0000d0e0       ??$strcpy_s@$0CA@@@YAHAAY0CA@DPBD@Z 1000e0e0 f i Setting.obj
 0001:0000d140       ??$strcpy_s@$0IA@@@YAHAAY0IA@DPBD@Z 1000e140 f i Setting.obj
 0001:0000d1a0       ??$swap@D@std@@YAXAAD0@Z   1000e1a0 f i Setting.obj
 0001:0000d260       ??0?$_Iterator012@Ubidirectional_iterator_tag@std@@U?$pair@$$CBV?$basic_string@DU?$char_traits@D@std@@V?$allocator@D@2@@std@@UPluginCfg@@@2@HPBU32@ABU32@U_Iterator_base12@2@@std@@QAE@ABU01@@Z 1000e260 f i Setting.obj
 0001:0000d2c0       ??0?$_Iterator012@Ubidirectional_iterator_tag@std@@U?$pair@$$CBV?$basic_string@DU?$char_traits@D@std@@V?$allocator@D@2@@std@@UPluginCfg@@@2@HPBU32@ABU32@U_Iterator_base12@2@@std@@QAE@XZ 1000e2c0 f i Setting.obj
 0001:0000d320       ??0?$_Tree@V?$_Tmap_traits@V?$basic_string@DU?$char_traits@D@std@@V?$allocator@D@2@@std@@UPluginCfg@@U?$less@V?$basic_string@DU?$char_traits@D@std@@V?$allocator@D@2@@std@@@2@V?$allocator@U?$pair@$$CBV?$basic_string@DU?$char_traits@D@std@@V?$allocator@D@2@@std@@UPluginCfg@@@std@@@2@$0A@@std@@@std@@QAE@ABU?$less@V?$basic_string@DU?$char_traits@D@std@@V?$allocator@D@2@@std@@@1@ABV?$allocator@U?$pair@$$CBV?$basic_string@DU?$char_traits@D@std@@V?$allocator@D@2@@std@@UPluginCfg@@@std@@@1@@Z 1000e320 f i Setting.obj
 0001:0000d380       ??0?$_Tree@V?$_Tmap_traits@V?$basic_string@DU?$char_traits@D@std@@V?$allocator@D@2@@std@@UPluginCfg@@U?$less@V?$basic_string@DU?$char_traits@D@std@@V?$allocator@D@2@@std@@@2@V?$allocator@U?$pair@$$CBV?$basic_string@DU?$char_traits@D@std@@V?$allocator@D@2@@std@@UPluginCfg@@@std@@@2@$0A@@std@@@std@@QAE@ABV01@ABV?$allocator@U?$pair@$$CBV?$basic_string@DU?$char_traits@D@std@@V?$allocator@D@2@@std@@UPluginCfg@@@std@@@1@@Z 1000e380 f i Setting.obj
 0001:0000d4a0       ??0?$_Tree_alloc@$0A@U?$_Tree_base_types@U?$pair@$$CBV?$basic_string@DU?$char_traits@D@std@@V?$allocator@D@2@@std@@UPluginCfg@@@std@@V?$allocator@U?$pair@$$CBV?$basic_string@DU?$char_traits@D@std@@V?$allocator@D@2@@std@@UPluginCfg@@@std@@@2@@std@@@std@@QAE@ABV?$allocator@U?$pair@$$CBV?$basic_string@DU?$char_traits@D@std@@V?$allocator@D@2@@std@@UPluginCfg@@@std@@@1@@Z 1000e4a0 f i Setting.obj
 0001:0000d5a0       ??0?$_Tree_buy@U?$pair@$$CBV?$basic_string@DU?$char_traits@D@std@@V?$allocator@D@2@@std@@UPluginCfg@@@std@@V?$allocator@U?$pair@$$CBV?$basic_string@DU?$char_traits@D@std@@V?$allocator@D@2@@std@@UPluginCfg@@@std@@@2@@std@@QAE@ABV?$allocator@U?$pair@$$CBV?$basic_string@DU?$char_traits@D@std@@V?$allocator@D@2@@std@@UPluginCfg@@@std@@@1@@Z 1000e5a0 f i Setting.obj
 0001:0000d600       ??0?$_Tree_comp@$0A@V?$_Tmap_traits@V?$basic_string@DU?$char_traits@D@std@@V?$allocator@D@2@@std@@UPluginCfg@@U?$less@V?$basic_string@DU?$char_traits@D@std@@V?$allocator@D@2@@std@@@2@V?$allocator@U?$pair@$$CBV?$basic_string@DU?$char_traits@D@std@@V?$allocator@D@2@@std@@UPluginCfg@@@std@@@2@$0A@@std@@@std@@QAE@ABU?$less@V?$basic_string@DU?$char_traits@D@std@@V?$allocator@D@2@@std@@@1@ABV?$allocator@U?$pair@$$CBV?$basic_string@DU?$char_traits@D@std@@V?$allocator@D@2@@std@@UPluginCfg@@@std@@@1@@Z 1000e600 f i Setting.obj
 0001:0000d660       ??0?$_Tree_const_iterator@V?$_Tree_val@U?$_Tree_simple_types@U?$pair@$$CBV?$basic_string@DU?$char_traits@D@std@@V?$allocator@D@2@@std@@UPluginCfg@@@std@@@std@@@std@@@std@@QAE@ABV01@@Z 1000e660 f i Setting.obj
 0001:0000d6c0       ??0?$_Tree_const_iterator@V?$_Tree_val@U?$_Tree_simple_types@U?$pair@$$CBV?$basic_string@DU?$char_traits@D@std@@V?$allocator@D@2@@std@@UPluginCfg@@@std@@@std@@@std@@@std@@QAE@PAU?$_Tree_node@U?$pair@$$CBV?$basic_string@DU?$char_traits@D@std@@V?$allocator@D@2@@std@@UPluginCfg@@@std@@PAX@1@PBV?$_Tree_val@U?$_Tree_simple_types@U?$pair@$$CBV?$basic_string@DU?$char_traits@D@std@@V?$allocator@D@2@@std@@UPluginCfg@@@std@@@std@@@1@@Z 1000e6c0 f i Setting.obj
 0001:0000d720       ??0?$_Tree_const_iterator@V?$_Tree_val@U?$_Tree_simple_types@U?$pair@$$CBV?$basic_string@DU?$char_traits@D@std@@V?$allocator@D@2@@std@@UPluginCfg@@@std@@@std@@@std@@@std@@QAE@XZ 1000e720 f i Setting.obj
 0001:0000d780       ??0?$_Tree_iterator@V?$_Tree_val@U?$_Tree_simple_types@U?$pair@$$CBV?$basic_string@DU?$char_traits@D@std@@V?$allocator@D@2@@std@@UPluginCfg@@@std@@@std@@@std@@@std@@QAE@ABV01@@Z 1000e780 f i Setting.obj
 0001:0000d7e0       ??0?$_Tree_iterator@V?$_Tree_val@U?$_Tree_simple_types@U?$pair@$$CBV?$basic_string@DU?$char_traits@D@std@@V?$allocator@D@2@@std@@UPluginCfg@@@std@@@std@@@std@@@std@@QAE@PAU?$_Tree_node@U?$pair@$$CBV?$basic_string@DU?$char_traits@D@std@@V?$allocator@D@2@@std@@UPluginCfg@@@std@@PAX@1@PBV?$_Tree_val@U?$_Tree_simple_types@U?$pair@$$CBV?$basic_string@DU?$char_traits@D@std@@V?$allocator@D@2@@std@@UPluginCfg@@@std@@@std@@@1@@Z 1000e7e0 f i Setting.obj
 0001:0000d840       ??0?$_Tree_unchecked_const_iterator@V?$_Tree_val@U?$_Tree_simple_types@U?$pair@$$CBV?$basic_string@DU?$char_traits@D@std@@V?$allocator@D@2@@std@@UPluginCfg@@@std@@@std@@@std@@U_Iterator_base12@2@@std@@QAE@ABV01@@Z 1000e840 f i Setting.obj
 0001:0000d8b0       ??0?$_Tree_unchecked_const_iterator@V?$_Tree_val@U?$_Tree_simple_types@U?$pair@$$CBV?$basic_string@DU?$char_traits@D@std@@V?$allocator@D@2@@std@@UPluginCfg@@@std@@@std@@@std@@U_Iterator_base12@2@@std@@QAE@PAU?$_Tree_node@U?$pair@$$CBV?$basic_string@DU?$char_traits@D@std@@V?$allocator@D@2@@std@@UPluginCfg@@@std@@PAX@1@PBV?$_Tree_val@U?$_Tree_simple_types@U?$pair@$$CBV?$basic_string@DU?$char_traits@D@std@@V?$allocator@D@2@@std@@UPluginCfg@@@std@@@std@@@1@@Z 1000e8b0 f i Setting.obj
 0001:0000d970       ??0?$_Tree_unchecked_const_iterator@V?$_Tree_val@U?$_Tree_simple_types@U?$pair@$$CBV?$basic_string@DU?$char_traits@D@std@@V?$allocator@D@2@@std@@UPluginCfg@@@std@@@std@@@std@@U_Iterator_base12@2@@std@@QAE@XZ 1000e970 f i Setting.obj
 0001:0000d9d0       ??0?$_Tree_val@U?$_Tree_simple_types@U?$pair@$$CBV?$basic_string@DU?$char_traits@D@std@@V?$allocator@D@2@@std@@UPluginCfg@@@std@@@std@@@std@@QAE@XZ 1000e9d0 f i Setting.obj
 0001:0000da40       ??0?$_Wrap_alloc@V?$allocator@U?$_Tree_node@U?$pair@$$CBV?$basic_string@DU?$char_traits@D@std@@V?$allocator@D@2@@std@@UPluginCfg@@@std@@PAX@std@@@std@@@std@@QAE@ABV?$allocator@U?$_Tree_node@U?$pair@$$CBV?$basic_string@DU?$char_traits@D@std@@V?$allocator@D@2@@std@@UPluginCfg@@@std@@PAX@std@@@1@@Z 1000ea40 f i Setting.obj
 0001:0000daa0       ??0?$_Wrap_alloc@V?$allocator@U?$_Tree_node@U?$pair@$$CBV?$basic_string@DU?$char_traits@D@std@@V?$allocator@D@2@@std@@UPluginCfg@@@std@@PAX@std@@@std@@@std@@QAE@XZ 1000eaa0 f i Setting.obj
 0001:0000db00       ??0?$allocator@U?$_Tree_node@U?$pair@$$CBV?$basic_string@DU?$char_traits@D@std@@V?$allocator@D@2@@std@@UPluginCfg@@@std@@PAX@std@@@std@@QAE@ABV01@@Z 1000eb00 f i Setting.obj
 0001:0000db40       ??0?$allocator@U?$_Tree_node@U?$pair@$$CBV?$basic_string@DU?$char_traits@D@std@@V?$allocator@D@2@@std@@UPluginCfg@@@std@@PAX@std@@@std@@QAE@XZ 1000eb40 f i Setting.obj
 0001:0000db80       ??0?$allocator@U?$pair@$$CBV?$basic_string@DU?$char_traits@D@std@@V?$allocator@D@2@@std@@UPluginCfg@@@std@@@std@@QAE@XZ 1000eb80 f i Setting.obj
 0001:0000dbc0       ??0?$basic_string@DU?$char_traits@D@std@@V?$allocator@D@2@@std@@QAE@$$QAV01@@Z 1000ebc0 f i Setting.obj
 0001:0000dc60       ??0?$map@V?$basic_string@DU?$char_traits@D@std@@V?$allocator@D@2@@std@@UPluginCfg@@U?$less@V?$basic_string@DU?$char_traits@D@std@@V?$allocator@D@2@@std@@@2@V?$allocator@U?$pair@$$CBV?$basic_string@DU?$char_traits@D@std@@V?$allocator@D@2@@std@@UPluginCfg@@@std@@@2@@std@@QAE@ABV01@@Z 1000ec60 f i Setting.obj
 0001:0000dd00       ??0?$map@V?$basic_string@DU?$char_traits@D@std@@V?$allocator@D@2@@std@@UPluginCfg@@U?$less@V?$basic_string@DU?$char_traits@D@std@@V?$allocator@D@2@@std@@@2@V?$allocator@U?$pair@$$CBV?$basic_string@DU?$char_traits@D@std@@V?$allocator@D@2@@std@@UPluginCfg@@@std@@@2@@std@@QAE@XZ 1000ed00 f i Setting.obj
 0001:0000dd70       ??0?$pair@$$CBV?$basic_string@DU?$char_traits@D@std@@V?$allocator@D@2@@std@@UPluginCfg@@@std@@QAE@ABU01@@Z 1000ed70 f i Setting.obj
 0001:0000ddf0       ??0Setting@@QAE@XZ         1000edf0 f   Setting.obj
 0001:0000de50       ??0_Iterator_base12@std@@QAE@ABU01@@Z 1000ee50 f i Setting.obj
 0001:0000ded0       ??0_Iterator_base12@std@@QAE@XZ 1000eed0 f i Setting.obj
 0001:0000df20       ??1?$_Iterator012@Ubidirectional_iterator_tag@std@@U?$pair@$$CBV?$basic_string@DU?$char_traits@D@std@@V?$allocator@D@2@@std@@UPluginCfg@@@2@HPBU32@ABU32@U_Iterator_base12@2@@std@@QAE@XZ 1000ef20 f i Setting.obj
 0001:0000df70       ??1?$_Tree@V?$_Tmap_traits@V?$basic_string@DU?$char_traits@D@std@@V?$allocator@D@2@@std@@UPluginCfg@@U?$less@V?$basic_string@DU?$char_traits@D@std@@V?$allocator@D@2@@std@@@2@V?$allocator@U?$pair@$$CBV?$basic_string@DU?$char_traits@D@std@@V?$allocator@D@2@@std@@UPluginCfg@@@std@@@2@$0A@@std@@@std@@QAE@XZ 1000ef70 f i Setting.obj
 0001:0000dfd0       ??1?$_Tree_alloc@$0A@U?$_Tree_base_types@U?$pair@$$CBV?$basic_string@DU?$char_traits@D@std@@V?$allocator@D@2@@std@@UPluginCfg@@@std@@V?$allocator@U?$pair@$$CBV?$basic_string@DU?$char_traits@D@std@@V?$allocator@D@2@@std@@UPluginCfg@@@std@@@2@@std@@@std@@QAE@XZ 1000efd0 f i Setting.obj
 0001:0000e040       ??1?$_Tree_buy@U?$pair@$$CBV?$basic_string@DU?$char_traits@D@std@@V?$allocator@D@2@@std@@UPluginCfg@@@std@@V?$allocator@U?$pair@$$CBV?$basic_string@DU?$char_traits@D@std@@V?$allocator@D@2@@std@@UPluginCfg@@@std@@@2@@std@@QAE@XZ 1000f040 f i Setting.obj
 0001:0000e090       ??1?$_Tree_comp@$0A@V?$_Tmap_traits@V?$basic_string@DU?$char_traits@D@std@@V?$allocator@D@2@@std@@UPluginCfg@@U?$less@V?$basic_string@DU?$char_traits@D@std@@V?$allocator@D@2@@std@@@2@V?$allocator@U?$pair@$$CBV?$basic_string@DU?$char_traits@D@std@@V?$allocator@D@2@@std@@UPluginCfg@@@std@@@2@$0A@@std@@@std@@QAE@XZ 1000f090 f i Setting.obj
 0001:0000e0e0       ??1?$_Tree_const_iterator@V?$_Tree_val@U?$_Tree_simple_types@U?$pair@$$CBV?$basic_string@DU?$char_traits@D@std@@V?$allocator@D@2@@std@@UPluginCfg@@@std@@@std@@@std@@@std@@QAE@XZ 1000f0e0 f i Setting.obj
 0001:0000e130       ??1?$_Tree_iterator@V?$_Tree_val@U?$_Tree_simple_types@U?$pair@$$CBV?$basic_string@DU?$char_traits@D@std@@V?$allocator@D@2@@std@@UPluginCfg@@@std@@@std@@@std@@@std@@QAE@XZ 1000f130 f i Setting.obj
 0001:0000e180       ??1?$_Tree_unchecked_const_iterator@V?$_Tree_val@U?$_Tree_simple_types@U?$pair@$$CBV?$basic_string@DU?$char_traits@D@std@@V?$allocator@D@2@@std@@UPluginCfg@@@std@@@std@@@std@@U_Iterator_base12@2@@std@@QAE@XZ 1000f180 f i Setting.obj
 0001:0000e1d0       ??1?$_Tree_val@U?$_Tree_simple_types@U?$pair@$$CBV?$basic_string@DU?$char_traits@D@std@@V?$allocator@D@2@@std@@UPluginCfg@@@std@@@std@@@std@@QAE@XZ 1000f1d0 f i Setting.obj
 0001:0000e220       ??1?$map@V?$basic_string@DU?$char_traits@D@std@@V?$allocator@D@2@@std@@UPluginCfg@@U?$less@V?$basic_string@DU?$char_traits@D@std@@V?$allocator@D@2@@std@@@2@V?$allocator@U?$pair@$$CBV?$basic_string@DU?$char_traits@D@std@@V?$allocator@D@2@@std@@UPluginCfg@@@std@@@2@@std@@QAE@XZ 1000f220 f i Setting.obj
 0001:0000e270       ??1?$pair@$$CBV?$basic_string@DU?$char_traits@D@std@@V?$allocator@D@2@@std@@UPluginCfg@@@std@@QAE@XZ 1000f270 f i Setting.obj
 0001:0000e2c0       ??1?$pair@V?$_Tree_iterator@V?$_Tree_val@U?$_Tree_simple_types@U?$pair@$$CBV?$basic_string@DU?$char_traits@D@std@@V?$allocator@D@2@@std@@UPluginCfg@@@std@@@std@@@std@@@std@@V12@@std@@QAE@XZ 1000f2c0 f i Setting.obj
 0001:0000e320       ??1?$pair@V?$_Tree_iterator@V?$_Tree_val@U?$_Tree_simple_types@U?$pair@$$CBV?$basic_string@DU?$char_traits@D@std@@V?$allocator@D@2@@std@@UPluginCfg@@@std@@@std@@@std@@@std@@_N@std@@QAE@XZ 1000f320 f i Setting.obj
 0001:0000e370       ??1?$pair@V?$basic_string@DU?$char_traits@D@std@@V?$allocator@D@2@@std@@UPluginCfg@@@std@@QAE@XZ 1000f370 f i Setting.obj
 0001:0000e3c0       ??1Setting@@QAE@XZ         1000f3c0 f   Setting.obj
 0001:0000e530       ??1_Iterator_base12@std@@QAE@XZ 1000f530 f i Setting.obj
 0001:0000e5d0       ??4?$_Iterator012@Ubidirectional_iterator_tag@std@@U?$pair@$$CBV?$basic_string@DU?$char_traits@D@std@@V?$allocator@D@2@@std@@UPluginCfg@@@2@HPBU32@ABU32@U_Iterator_base12@2@@std@@QAEAAU01@ABU01@@Z 1000f5d0 f i Setting.obj
 0001:0000e630       ??4?$_Tree_const_iterator@V?$_Tree_val@U?$_Tree_simple_types@U?$pair@$$CBV?$basic_string@DU?$char_traits@D@std@@V?$allocator@D@2@@std@@UPluginCfg@@@std@@@std@@@std@@@std@@QAEAAV01@ABV01@@Z 1000f630 f i Setting.obj
 0001:0000e690       ??4?$_Tree_iterator@V?$_Tree_val@U?$_Tree_simple_types@U?$pair@$$CBV?$basic_string@DU?$char_traits@D@std@@V?$allocator@D@2@@std@@UPluginCfg@@@std@@@std@@@std@@@std@@QAEAAV01@ABV01@@Z 1000f690 f i Setting.obj
 0001:0000e6f0       ??4?$_Tree_unchecked_const_iterator@V?$_Tree_val@U?$_Tree_simple_types@U?$pair@$$CBV?$basic_string@DU?$char_traits@D@std@@V?$allocator@D@2@@std@@UPluginCfg@@@std@@@std@@@std@@U_Iterator_base12@2@@std@@QAEAAV01@ABV01@@Z 1000f6f0 f i Setting.obj
 0001:0000e760       ??4_Iterator_base12@std@@QAEAAU01@ABU01@@Z 1000f760 f i Setting.obj
 0001:0000e880       ??8?$_Tree_const_iterator@V?$_Tree_val@U?$_Tree_simple_types@U?$pair@$$CBV?$basic_string@DU?$char_traits@D@std@@V?$allocator@D@2@@std@@UPluginCfg@@@std@@@std@@@std@@@std@@QBE_NABV01@@Z 1000f880 f i Setting.obj
 0001:0000e9b0       ??9?$_Tree_const_iterator@V?$_Tree_val@U?$_Tree_simple_types@U?$pair@$$CBV?$basic_string@DU?$char_traits@D@std@@V?$allocator@D@2@@std@@UPluginCfg@@@std@@@std@@@std@@@std@@QBE_NABV01@@Z 1000f9b0 f i Setting.obj
 0001:0000ea40       ??A?$map@V?$basic_string@DU?$char_traits@D@std@@V?$allocator@D@2@@std@@UPluginCfg@@U?$less@V?$basic_string@DU?$char_traits@D@std@@V?$allocator@D@2@@std@@@2@V?$allocator@U?$pair@$$CBV?$basic_string@DU?$char_traits@D@std@@V?$allocator@D@2@@std@@UPluginCfg@@@std@@@2@@std@@QAEAAUPluginCfg@@$$QAV?$basic_string@DU?$char_traits@D@std@@V?$allocator@D@2@@1@@Z 1000fa40 f i Setting.obj
 0001:0000ed60       ??A?$map@V?$basic_string@DU?$char_traits@D@std@@V?$allocator@D@2@@std@@UPluginCfg@@U?$less@V?$basic_string@DU?$char_traits@D@std@@V?$allocator@D@2@@std@@@2@V?$allocator@U?$pair@$$CBV?$basic_string@DU?$char_traits@D@std@@V?$allocator@D@2@@std@@UPluginCfg@@@std@@@2@@std@@QAEAAUPluginCfg@@ABV?$basic_string@DU?$char_traits@D@std@@V?$allocator@D@2@@1@@Z 1000fd60 f i Setting.obj
 0001:0000f070       ??C?$_Tree_iterator@V?$_Tree_val@U?$_Tree_simple_types@U?$pair@$$CBV?$basic_string@DU?$char_traits@D@std@@V?$allocator@D@2@@std@@UPluginCfg@@@std@@@std@@@std@@@std@@QBEPAU?$pair@$$CBV?$basic_string@DU?$char_traits@D@std@@V?$allocator@D@2@@std@@UPluginCfg@@@1@XZ 10010070 f i Setting.obj
 0001:0000f0d0       ??D?$_Tree_const_iterator@V?$_Tree_val@U?$_Tree_simple_types@U?$pair@$$CBV?$basic_string@DU?$char_traits@D@std@@V?$allocator@D@2@@std@@UPluginCfg@@@std@@@std@@@std@@@std@@QBEABU?$pair@$$CBV?$basic_string@DU?$char_traits@D@std@@V?$allocator@D@2@@std@@UPluginCfg@@@1@XZ 100100d0 f i Setting.obj
 0001:0000f1e0       ??D?$_Tree_iterator@V?$_Tree_val@U?$_Tree_simple_types@U?$pair@$$CBV?$basic_string@DU?$char_traits@D@std@@V?$allocator@D@2@@std@@UPluginCfg@@@std@@@std@@@std@@@std@@QBEAAU?$pair@$$CBV?$basic_string@DU?$char_traits@D@std@@V?$allocator@D@2@@std@@UPluginCfg@@@1@XZ 100101e0 f i Setting.obj
 0001:0000f230       ??E?$_Tree_const_iterator@V?$_Tree_val@U?$_Tree_simple_types@U?$pair@$$CBV?$basic_string@DU?$char_traits@D@std@@V?$allocator@D@2@@std@@UPluginCfg@@@std@@@std@@@std@@@std@@QAE?AV01@H@Z 10010230 f i Setting.obj
 0001:0000f350       ??E?$_Tree_const_iterator@V?$_Tree_val@U?$_Tree_simple_types@U?$pair@$$CBV?$basic_string@DU?$char_traits@D@std@@V?$allocator@D@2@@std@@UPluginCfg@@@std@@@std@@@std@@@std@@QAEAAV01@XZ 10010350 f i Setting.obj
 0001:0000f460       ??E?$_Tree_iterator@V?$_Tree_val@U?$_Tree_simple_types@U?$pair@$$CBV?$basic_string@DU?$char_traits@D@std@@V?$allocator@D@2@@std@@UPluginCfg@@@std@@@std@@@std@@@std@@QAEAAV01@XZ 10010460 f i Setting.obj
 0001:0000f4c0       ??E?$_Tree_unchecked_const_iterator@V?$_Tree_val@U?$_Tree_simple_types@U?$pair@$$CBV?$basic_string@DU?$char_traits@D@std@@V?$allocator@D@2@@std@@UPluginCfg@@@std@@@std@@@std@@U_Iterator_base12@2@@std@@QAEAAV01@XZ 100104c0 f i Setting.obj
 0001:0000f5f0       ??F?$_Tree_const_iterator@V?$_Tree_val@U?$_Tree_simple_types@U?$pair@$$CBV?$basic_string@DU?$char_traits@D@std@@V?$allocator@D@2@@std@@UPluginCfg@@@std@@@std@@@std@@@std@@QAEAAV01@XZ 100105f0 f i Setting.obj
 0001:0000f780       ??F?$_Tree_iterator@V?$_Tree_val@U?$_Tree_simple_types@U?$pair@$$CBV?$basic_string@DU?$char_traits@D@std@@V?$allocator@D@2@@std@@UPluginCfg@@@std@@@std@@@std@@@std@@QAEAAV01@XZ 10010780 f i Setting.obj
 0001:0000f7e0       ??F?$_Tree_unchecked_const_iterator@V?$_Tree_val@U?$_Tree_simple_types@U?$pair@$$CBV?$basic_string@DU?$char_traits@D@std@@V?$allocator@D@2@@std@@UPluginCfg@@@std@@@std@@@std@@U_Iterator_base12@2@@std@@QAEAAV01@XZ 100107e0 f i Setting.obj
 0001:0000f940       ??R?$less@V?$basic_string@DU?$char_traits@D@std@@V?$allocator@D@2@@std@@@std@@QBE_NABV?$basic_string@DU?$char_traits@D@std@@V?$allocator@D@2@@1@0@Z 10010940 f i Setting.obj
 0001:0000f9a0       ??_G?$pair@$$CBV?$basic_string@DU?$char_traits@D@std@@V?$allocator@D@2@@std@@UPluginCfg@@@std@@QAEPAXI@Z 100109a0 f i Setting.obj
 0001:0000fa10       ?_Adopt@_Iterator_base12@std@@QAEXPBU_Container_base12@2@@Z 10010a10 f i Setting.obj
 0001:0000fb90       ?_Alloc_proxy@?$_Tree_alloc@$0A@U?$_Tree_base_types@U?$pair@$$CBV?$basic_string@DU?$char_traits@D@std@@V?$allocator@D@2@@std@@UPluginCfg@@@std@@V?$allocator@U?$pair@$$CBV?$basic_string@DU?$char_traits@D@std@@V?$allocator@D@2@@std@@UPluginCfg@@@std@@@2@@std@@@std@@QAEXXZ 10010b90 f i Setting.obj
 0001:0000fc70       ?_Assign_rv@?$basic_string@DU?$char_traits@D@std@@V?$allocator@D@2@@std@@QAEX$$QAV12@@Z 10010c70 f i Setting.obj
 0001:0000fd60       ?_Buyheadnode@?$_Tree_alloc@$0A@U?$_Tree_base_types@U?$pair@$$CBV?$basic_string@DU?$char_traits@D@std@@V?$allocator@D@2@@std@@UPluginCfg@@@std@@V?$allocator@U?$pair@$$CBV?$basic_string@DU?$char_traits@D@std@@V?$allocator@D@2@@std@@UPluginCfg@@@std@@@2@@std@@@std@@QAEPAU?$_Tree_node@U?$pair@$$CBV?$basic_string@DU?$char_traits@D@std@@V?$allocator@D@2@@std@@UPluginCfg@@@std@@PAX@2@XZ 10010d60 f i Setting.obj
 0001:0000ffc0       ?_Buynode0@?$_Tree_buy@U?$pair@$$CBV?$basic_string@DU?$char_traits@D@std@@V?$allocator@D@2@@std@@UPluginCfg@@@std@@V?$allocator@U?$pair@$$CBV?$basic_string@DU?$char_traits@D@std@@V?$allocator@D@2@@std@@UPluginCfg@@@std@@@2@@std@@QAEPAU?$_Tree_node@U?$pair@$$CBV?$basic_string@DU?$char_traits@D@std@@V?$allocator@D@2@@std@@UPluginCfg@@@std@@PAX@2@XZ 10010fc0 f i Setting.obj
 0001:000101d0       ?_Clrcont@_Iterator_base12@std@@QAEXXZ 100111d0 f i Setting.obj
 0001:00010210       ?_Color@?$_Tree_val@U?$_Tree_simple_types@U?$pair@$$CBV?$basic_string@DU?$char_traits@D@std@@V?$allocator@D@2@@std@@UPluginCfg@@@std@@@std@@@std@@SAAADPAU?$_Tree_node@U?$pair@$$CBV?$basic_string@DU?$char_traits@D@std@@V?$allocator@D@2@@std@@UPluginCfg@@@std@@PAX@2@@Z 10011210 f i Setting.obj
 0001:00010250       ?_Destroy_if_not_nil@?$_Tree@V?$_Tmap_traits@V?$basic_string@DU?$char_traits@D@std@@V?$allocator@D@2@@std@@UPluginCfg@@U?$less@V?$basic_string@DU?$char_traits@D@std@@V?$allocator@D@2@@std@@@2@V?$allocator@U?$pair@$$CBV?$basic_string@DU?$char_traits@D@std@@V?$allocator@D@2@@std@@UPluginCfg@@@std@@@2@$0A@@std@@@std@@IAEXPAU?$_Tree_node@U?$pair@$$CBV?$basic_string@DU?$char_traits@D@std@@V?$allocator@D@2@@std@@UPluginCfg@@@std@@PAX@2@@Z 10011250 f i Setting.obj
 0001:00010300       ?_Eqrange@?$_Tree@V?$_Tmap_traits@V?$basic_string@DU?$char_traits@D@std@@V?$allocator@D@2@@std@@UPluginCfg@@U?$less@V?$basic_string@DU?$char_traits@D@std@@V?$allocator@D@2@@std@@@2@V?$allocator@U?$pair@$$CBV?$basic_string@DU?$char_traits@D@std@@V?$allocator@D@2@@std@@UPluginCfg@@@std@@@2@$0A@@std@@@std@@IAE?AU?$pair@V?$_Tree_iterator@V?$_Tree_val@U?$_Tree_simple_types@U?$pair@$$CBV?$basic_string@DU?$char_traits@D@std@@V?$allocator@D@2@@std@@UPluginCfg@@@std@@@std@@@std@@@std@@V12@@2@ABV?$basic_string@DU?$char_traits@D@std@@V?$allocator@D@2@@2@@Z 10011300 f i Setting.obj
 0001:000106d0       ?_Erase@?$_Tree@V?$_Tmap_traits@V?$basic_string@DU?$char_traits@D@std@@V?$allocator@D@2@@std@@UPluginCfg@@U?$less@V?$basic_string@DU?$char_traits@D@std@@V?$allocator@D@2@@std@@@2@V?$allocator@U?$pair@$$CBV?$basic_string@DU?$char_traits@D@std@@V?$allocator@D@2@@std@@UPluginCfg@@@std@@@2@$0A@@std@@@std@@IAEXPAU?$_Tree_node@U?$pair@$$CBV?$basic_string@DU?$char_traits@D@std@@V?$allocator@D@2@@std@@UPluginCfg@@@std@@PAX@2@@Z 100116d0 f i Setting.obj
 0001:000107e0       ?_Free_proxy@?$_Tree_alloc@$0A@U?$_Tree_base_types@U?$pair@$$CBV?$basic_string@DU?$char_traits@D@std@@V?$allocator@D@2@@std@@UPluginCfg@@@std@@V?$allocator@U?$pair@$$CBV?$basic_string@DU?$char_traits@D@std@@V?$allocator@D@2@@std@@UPluginCfg@@@std@@@2@@std@@@std@@QAEXXZ 100117e0 f i Setting.obj
 0001:000108c0       ?_Freeheadnode@?$_Tree_alloc@$0A@U?$_Tree_base_types@U?$pair@$$CBV?$basic_string@DU?$char_traits@D@std@@V?$allocator@D@2@@std@@UPluginCfg@@@std@@V?$allocator@U?$pair@$$CBV?$basic_string@DU?$char_traits@D@std@@V?$allocator@D@2@@std@@UPluginCfg@@@std@@@2@@std@@@std@@QAEXPAU?$_Tree_node@U?$pair@$$CBV?$basic_string@DU?$char_traits@D@std@@V?$allocator@D@2@@std@@UPluginCfg@@@std@@PAX@2@@Z 100118c0 f i Setting.obj
 0001:000109d0       ?_Freenode0@?$_Tree_buy@U?$pair@$$CBV?$basic_string@DU?$char_traits@D@std@@V?$allocator@D@2@@std@@UPluginCfg@@@std@@V?$allocator@U?$pair@$$CBV?$basic_string@DU?$char_traits@D@std@@V?$allocator@D@2@@std@@UPluginCfg@@@std@@@2@@std@@QAEXPAU?$_Tree_node@U?$pair@$$CBV?$basic_string@DU?$char_traits@D@std@@V?$allocator@D@2@@std@@UPluginCfg@@@std@@PAX@2@@Z 100119d0 f i Setting.obj
 0001:00010ae0       ?_Getal@?$_Tree_alloc@$0A@U?$_Tree_base_types@U?$pair@$$CBV?$basic_string@DU?$char_traits@D@std@@V?$allocator@D@2@@std@@UPluginCfg@@@std@@V?$allocator@U?$pair@$$CBV?$basic_string@DU?$char_traits@D@std@@V?$allocator@D@2@@std@@UPluginCfg@@@std@@@2@@std@@@std@@QBE?AU?$_Wrap_alloc@V?$allocator@U?$_Tree_node@U?$pair@$$CBV?$basic_string@DU?$char_traits@D@std@@V?$allocator@D@2@@std@@UPluginCfg@@@std@@PAX@std@@@std@@@2@XZ 10011ae0 f i Setting.obj
 0001:00010b40       ?_Getcomp@?$_Tree_comp@$0A@V?$_Tmap_traits@V?$basic_string@DU?$char_traits@D@std@@V?$allocator@D@2@@std@@UPluginCfg@@U?$less@V?$basic_string@DU?$char_traits@D@std@@V?$allocator@D@2@@std@@@2@V?$allocator@U?$pair@$$CBV?$basic_string@DU?$char_traits@D@std@@V?$allocator@D@2@@std@@UPluginCfg@@@std@@@2@$0A@@std@@@std@@QBE?AU?$less@V?$basic_string@DU?$char_traits@D@std@@V?$allocator@D@2@@std@@@2@XZ 10011b40 f i Setting.obj
 0001:00010b80       ?_Getcont@_Iterator_base12@std@@QBEPBU_Container_base12@2@XZ 10011b80 f i Setting.obj
 0001:00010bf0       ?_Getpfirst@_Container_base12@std@@QBEPAPAU_Iterator_base12@2@XZ 10011bf0 f i Setting.obj
 0001:00010c60       ?_Getpnext@_Iterator_base12@std@@QAEPAPAU12@XZ 10011c60 f i Setting.obj
 0001:00010ca0       ?_Isnil@?$_Tree_val@U?$_Tree_simple_types@U?$pair@$$CBV?$basic_string@DU?$char_traits@D@std@@V?$allocator@D@2@@std@@UPluginCfg@@@std@@@std@@@std@@SAAADPAU?$_Tree_node@U?$pair@$$CBV?$basic_string@DU?$char_traits@D@std@@V?$allocator@D@2@@std@@UPluginCfg@@@std@@PAX@2@@Z 10011ca0 f i Setting.obj
 0001:00010ce0       ?_Key@?$_Tree@V?$_Tmap_traits@V?$basic_string@DU?$char_traits@D@std@@V?$allocator@D@2@@std@@UPluginCfg@@U?$less@V?$basic_string@DU?$char_traits@D@std@@V?$allocator@D@2@@std@@@2@V?$allocator@U?$pair@$$CBV?$basic_string@DU?$char_traits@D@std@@V?$allocator@D@2@@std@@UPluginCfg@@@std@@@2@$0A@@std@@@std@@IBEABV?$basic_string@DU?$char_traits@D@std@@V?$allocator@D@2@@2@PAU?$_Tree_node@U?$pair@$$CBV?$basic_string@DU?$char_traits@D@std@@V?$allocator@D@2@@std@@UPluginCfg@@@std@@PAX@2@@Z 10011ce0 f i Setting.obj
 0001:00010d50       ?_Kfn@?$_Tree@V?$_Tmap_traits@V?$basic_string@DU?$char_traits@D@std@@V?$allocator@D@2@@std@@UPluginCfg@@U?$less@V?$basic_string@DU?$char_traits@D@std@@V?$allocator@D@2@@std@@@2@V?$allocator@U?$pair@$$CBV?$basic_string@DU?$char_traits@D@std@@V?$allocator@D@2@@std@@UPluginCfg@@@std@@@2@$0A@@std@@@std@@IBEABV?$basic_string@DU?$char_traits@D@std@@V?$allocator@D@2@@2@ABU?$pair@$$CBV?$basic_string@DU?$char_traits@D@std@@V?$allocator@D@2@@std@@UPluginCfg@@@2@@Z 10011d50 f i Setting.obj
 0001:00010db0       ?_Lbound@?$_Tree@V?$_Tmap_traits@V?$basic_string@DU?$char_traits@D@std@@V?$allocator@D@2@@std@@UPluginCfg@@U?$less@V?$basic_string@DU?$char_traits@D@std@@V?$allocator@D@2@@std@@@2@V?$allocator@U?$pair@$$CBV?$basic_string@DU?$char_traits@D@std@@V?$allocator@D@2@@std@@UPluginCfg@@@std@@@2@$0A@@std@@@std@@IAEPAU?$_Tree_node@U?$pair@$$CBV?$basic_string@DU?$char_traits@D@std@@V?$allocator@D@2@@std@@UPluginCfg@@@std@@PAX@2@ABV?$basic_string@DU?$char_traits@D@std@@V?$allocator@D@2@@2@@Z 10011db0 f i Setting.obj
 0001:00010ec0       ?_Left@?$_Tree_val@U?$_Tree_simple_types@U?$pair@$$CBV?$basic_string@DU?$char_traits@D@std@@V?$allocator@D@2@@std@@UPluginCfg@@@std@@@std@@@std@@SAAAPAU?$_Tree_node@U?$pair@$$CBV?$basic_string@DU?$char_traits@D@std@@V?$allocator@D@2@@std@@UPluginCfg@@@std@@PAX@2@PAU32@@Z 10011ec0 f i Setting.obj
 0001:00010f00       ?_Lmost@?$_Tree@V?$_Tmap_traits@V?$basic_string@DU?$char_traits@D@std@@V?$allocator@D@2@@std@@UPluginCfg@@U?$less@V?$basic_string@DU?$char_traits@D@std@@V?$allocator@D@2@@std@@@2@V?$allocator@U?$pair@$$CBV?$basic_string@DU?$char_traits@D@std@@V?$allocator@D@2@@std@@UPluginCfg@@@std@@@2@$0A@@std@@@std@@IBEAAPAU?$_Tree_node@U?$pair@$$CBV?$basic_string@DU?$char_traits@D@std@@V?$allocator@D@2@@std@@UPluginCfg@@@std@@PAX@2@XZ 10011f00 f i Setting.obj
 0001:00010f60       ?_Lrotate@?$_Tree@V?$_Tmap_traits@V?$basic_string@DU?$char_traits@D@std@@V?$allocator@D@2@@std@@UPluginCfg@@U?$less@V?$basic_string@DU?$char_traits@D@std@@V?$allocator@D@2@@std@@@2@V?$allocator@U?$pair@$$CBV?$basic_string@DU?$char_traits@D@std@@V?$allocator@D@2@@std@@UPluginCfg@@@std@@@2@$0A@@std@@@std@@IAEXPAU?$_Tree_node@U?$pair@$$CBV?$basic_string@DU?$char_traits@D@std@@V?$allocator@D@2@@std@@UPluginCfg@@@std@@PAX@2@@Z 10011f60 f i Setting.obj
 0001:00011110       ?_Max@?$_Tree_val@U?$_Tree_simple_types@U?$pair@$$CBV?$basic_string@DU?$char_traits@D@std@@V?$allocator@D@2@@std@@UPluginCfg@@@std@@@std@@@std@@SAPAU?$_Tree_node@U?$pair@$$CBV?$basic_string@DU?$char_traits@D@std@@V?$allocator@D@2@@std@@UPluginCfg@@@std@@PAX@2@PAU32@@Z 10012110 f i Setting.obj
 0001:00011190       ?_Min@?$_Tree_val@U?$_Tree_simple_types@U?$pair@$$CBV?$basic_string@DU?$char_traits@D@std@@V?$allocator@D@2@@std@@UPluginCfg@@@std@@@std@@@std@@SAPAU?$_Tree_node@U?$pair@$$CBV?$basic_string@DU?$char_traits@D@std@@V?$allocator@D@2@@std@@UPluginCfg@@@std@@PAX@2@PAU32@@Z 10012190 f i Setting.obj
 0001:00011210       ?_Mynode@?$_Tree_unchecked_const_iterator@V?$_Tree_val@U?$_Tree_simple_types@U?$pair@$$CBV?$basic_string@DU?$char_traits@D@std@@V?$allocator@D@2@@std@@UPluginCfg@@@std@@@std@@@std@@U_Iterator_base12@2@@std@@QBEPAU?$_Tree_node@U?$pair@$$CBV?$basic_string@DU?$char_traits@D@std@@V?$allocator@D@2@@std@@UPluginCfg@@@std@@PAX@2@XZ 10012210 f i Setting.obj
 0001:00011250       ?_Myval@?$_Tree_val@U?$_Tree_simple_types@U?$pair@$$CBV?$basic_string@DU?$char_traits@D@std@@V?$allocator@D@2@@std@@UPluginCfg@@@std@@@std@@@std@@SAAAU?$pair@$$CBV?$basic_string@DU?$char_traits@D@std@@V?$allocator@D@2@@std@@UPluginCfg@@@2@PAU?$_Tree_node@U?$pair@$$CBV?$basic_string@DU?$char_traits@D@std@@V?$allocator@D@2@@std@@UPluginCfg@@@std@@PAX@2@@Z 10012250 f i Setting.obj
 0001:00011290       ?_Orphan_me@_Iterator_base12@std@@QAEXXZ 10012290 f i Setting.obj
 0001:00011360       ?_Orphan_ptr@?$_Tree@V?$_Tmap_traits@V?$basic_string@DU?$char_traits@D@std@@V?$allocator@D@2@@std@@UPluginCfg@@U?$less@V?$basic_string@DU?$char_traits@D@std@@V?$allocator@D@2@@std@@@2@V?$allocator@U?$pair@$$CBV?$basic_string@DU?$char_traits@D@std@@V?$allocator@D@2@@std@@UPluginCfg@@@std@@@2@$0A@@std@@@std@@IBEXAAV12@PAU?$_Tree_node@U?$pair@$$CBV?$basic_string@DU?$char_traits@D@std@@V?$allocator@D@2@@std@@UPluginCfg@@@std@@PAX@2@@Z 10012360 f i Setting.obj
 0001:000114c0       ?_Parent@?$_Tree_val@U?$_Tree_simple_types@U?$pair@$$CBV?$basic_string@DU?$char_traits@D@std@@V?$allocator@D@2@@std@@UPluginCfg@@@std@@@std@@@std@@SAAAPAU?$_Tree_node@U?$pair@$$CBV?$basic_string@DU?$char_traits@D@std@@V?$allocator@D@2@@std@@UPluginCfg@@@std@@PAX@2@PAU32@@Z 100124c0 f i Setting.obj
 0001:00011500       ?_Right@?$_Tree_val@U?$_Tree_simple_types@U?$pair@$$CBV?$basic_string@DU?$char_traits@D@std@@V?$allocator@D@2@@std@@UPluginCfg@@@std@@@std@@@std@@SAAAPAU?$_Tree_node@U?$pair@$$CBV?$basic_string@DU?$char_traits@D@std@@V?$allocator@D@2@@std@@UPluginCfg@@@std@@PAX@2@PAU32@@Z 10012500 f i Setting.obj
 0001:00011540       ?_Rmost@?$_Tree@V?$_Tmap_traits@V?$basic_string@DU?$char_traits@D@std@@V?$allocator@D@2@@std@@UPluginCfg@@U?$less@V?$basic_string@DU?$char_traits@D@std@@V?$allocator@D@2@@std@@@2@V?$allocator@U?$pair@$$CBV?$basic_string@DU?$char_traits@D@std@@V?$allocator@D@2@@std@@UPluginCfg@@@std@@@2@$0A@@std@@@std@@IBEAAPAU?$_Tree_node@U?$pair@$$CBV?$basic_string@DU?$char_traits@D@std@@V?$allocator@D@2@@std@@UPluginCfg@@@std@@PAX@2@XZ 10012540 f i Setting.obj
 0001:000115a0       ?_Root@?$_Tree@V?$_Tmap_traits@V?$basic_string@DU?$char_traits@D@std@@V?$allocator@D@2@@std@@UPluginCfg@@U?$less@V?$basic_string@DU?$char_traits@D@std@@V?$allocator@D@2@@std@@@2@V?$allocator@U?$pair@$$CBV?$basic_string@DU?$char_traits@D@std@@V?$allocator@D@2@@std@@UPluginCfg@@@std@@@2@$0A@@std@@@std@@IBEAAPAU?$_Tree_node@U?$pair@$$CBV?$basic_string@DU?$char_traits@D@std@@V?$allocator@D@2@@std@@UPluginCfg@@@std@@PAX@2@XZ 100125a0 f i Setting.obj
 0001:00011600       ?_Rrotate@?$_Tree@V?$_Tmap_traits@V?$basic_string@DU?$char_traits@D@std@@V?$allocator@D@2@@std@@UPluginCfg@@U?$less@V?$basic_string@DU?$char_traits@D@std@@V?$allocator@D@2@@std@@@2@V?$allocator@U?$pair@$$CBV?$basic_string@DU?$char_traits@D@std@@V?$allocator@D@2@@std@@UPluginCfg@@@std@@@2@$0A@@std@@@std@@IAEXPAU?$_Tree_node@U?$pair@$$CBV?$basic_string@DU?$char_traits@D@std@@V?$allocator@D@2@@std@@UPluginCfg@@@std@@PAX@2@@Z 10012600 f i Setting.obj
 0001:000117b0       ?_Tidy@?$_Tree@V?$_Tmap_traits@V?$basic_string@DU?$char_traits@D@std@@V?$allocator@D@2@@std@@UPluginCfg@@U?$less@V?$basic_string@DU?$char_traits@D@std@@V?$allocator@D@2@@std@@@2@V?$allocator@U?$pair@$$CBV?$basic_string@DU?$char_traits@D@std@@V?$allocator@D@2@@std@@UPluginCfg@@@std@@@2@$0A@@std@@@std@@IAEXXZ 100127b0 f i Setting.obj
 0001:00011940       ?add@Setting@@QAEHPBUPluginCfg@@@Z 10012940 f   Setting.obj
 0001:00011cf0       ?allocate@?$_Wrap_alloc@V?$allocator@U?$_Tree_node@U?$pair@$$CBV?$basic_string@DU?$char_traits@D@std@@V?$allocator@D@2@@std@@UPluginCfg@@@std@@PAX@std@@@std@@@std@@QAEPAU?$_Tree_node@U?$pair@$$CBV?$basic_string@DU?$char_traits@D@std@@V?$allocator@D@2@@std@@UPluginCfg@@@std@@PAX@2@I@Z 10012cf0 f i Setting.obj
 0001:00011d50       ?allocate@?$_Wrap_alloc@V?$allocator@U_Container_proxy@std@@@std@@@std@@QAEPAU_Container_proxy@2@I@Z 10012d50 f i Setting.obj
 0001:00011db0       ?allocate@?$allocator@U?$_Tree_node@U?$pair@$$CBV?$basic_string@DU?$char_traits@D@std@@V?$allocator@D@2@@std@@UPluginCfg@@@std@@PAX@std@@@std@@QAEPAU?$_Tree_node@U?$pair@$$CBV?$basic_string@DU?$char_traits@D@std@@V?$allocator@D@2@@std@@UPluginCfg@@@std@@PAX@2@I@Z 10012db0 f i Setting.obj
 0001:00011e10       ?append@?$basic_string@DU?$char_traits@D@std@@V?$allocator@D@2@@std@@QAEAAV12@ABV12@@Z 10012e10 f i Setting.obj
 0001:00011e70       ?begin@?$_Tree@V?$_Tmap_traits@V?$basic_string@DU?$char_traits@D@std@@V?$allocator@D@2@@std@@UPluginCfg@@U?$less@V?$basic_string@DU?$char_traits@D@std@@V?$allocator@D@2@@std@@@2@V?$allocator@U?$pair@$$CBV?$basic_string@DU?$char_traits@D@std@@V?$allocator@D@2@@std@@UPluginCfg@@@std@@@2@$0A@@std@@@std@@QAE?AV?$_Tree_iterator@V?$_Tree_val@U?$_Tree_simple_types@U?$pair@$$CBV?$basic_string@DU?$char_traits@D@std@@V?$allocator@D@2@@std@@UPluginCfg@@@std@@@std@@@std@@@2@XZ 10012e70 f i Setting.obj
 0001:00011ee0       ?clear@?$_Tree@V?$_Tmap_traits@V?$basic_string@DU?$char_traits@D@std@@V?$allocator@D@2@@std@@UPluginCfg@@U?$less@V?$basic_string@DU?$char_traits@D@std@@V?$allocator@D@2@@std@@@2@V?$allocator@U?$pair@$$CBV?$basic_string@DU?$char_traits@D@std@@V?$allocator@D@2@@std@@UPluginCfg@@@std@@@2@$0A@@std@@@std@@QAEXXZ 10012ee0 f i Setting.obj
 0001:00011fa0       ?compare@?$basic_string@DU?$char_traits@D@std@@V?$allocator@D@2@@std@@QBEHABV12@@Z 10012fa0 f i Setting.obj
 0001:00012020       ?compare@?$basic_string@DU?$char_traits@D@std@@V?$allocator@D@2@@std@@QBEHIIPBDI@Z 10013020 f i Setting.obj
 0001:00012190       ?compare@?$basic_string@DU?$char_traits@D@std@@V?$allocator@D@2@@std@@QBEHPBD@Z 10013190 f i Setting.obj
 0001:00012220       ?compare@?$char_traits@D@std@@SAHPBD0I@Z 10013220 f i Setting.obj
 0001:000122a0       ?deallocate@?$_Wrap_alloc@V?$allocator@U?$_Tree_node@U?$pair@$$CBV?$basic_string@DU?$char_traits@D@std@@V?$allocator@D@2@@std@@UPluginCfg@@@std@@PAX@std@@@std@@@std@@QAEXPAU?$_Tree_node@U?$pair@$$CBV?$basic_string@DU?$char_traits@D@std@@V?$allocator@D@2@@std@@UPluginCfg@@@std@@PAX@2@I@Z 100132a0 f i Setting.obj
 0001:00012300       ?deallocate@?$_Wrap_alloc@V?$allocator@U_Container_proxy@std@@@std@@@std@@QAEXPAU_Container_proxy@2@I@Z 10013300 f i Setting.obj
 0001:00012360       ?deallocate@?$allocator@U?$_Tree_node@U?$pair@$$CBV?$basic_string@DU?$char_traits@D@std@@V?$allocator@D@2@@std@@UPluginCfg@@@std@@PAX@std@@@std@@QAEXPAU?$_Tree_node@U?$pair@$$CBV?$basic_string@DU?$char_traits@D@std@@V?$allocator@D@2@@std@@UPluginCfg@@@std@@PAX@2@I@Z 10013360 f i Setting.obj
 0001:000123c0       ?del@Setting@@QAEHV?$basic_string@DU?$char_traits@D@std@@V?$allocator@D@2@@std@@@Z 100133c0 f   Setting.obj
 0001:00012580       ?end@?$_Tree@V?$_Tmap_traits@V?$basic_string@DU?$char_traits@D@std@@V?$allocator@D@2@@std@@UPluginCfg@@U?$less@V?$basic_string@DU?$char_traits@D@std@@V?$allocator@D@2@@std@@@2@V?$allocator@U?$pair@$$CBV?$basic_string@DU?$char_traits@D@std@@V?$allocator@D@2@@std@@UPluginCfg@@@std@@@2@$0A@@std@@@std@@QAE?AV?$_Tree_iterator@V?$_Tree_val@U?$_Tree_simple_types@U?$pair@$$CBV?$basic_string@DU?$char_traits@D@std@@V?$allocator@D@2@@std@@UPluginCfg@@@std@@@std@@@std@@@2@XZ 10013580 f i Setting.obj
 0001:000125f0       ?equal_range@?$_Tree@V?$_Tmap_traits@V?$basic_string@DU?$char_traits@D@std@@V?$allocator@D@2@@std@@UPluginCfg@@U?$less@V?$basic_string@DU?$char_traits@D@std@@V?$allocator@D@2@@std@@@2@V?$allocator@U?$pair@$$CBV?$basic_string@DU?$char_traits@D@std@@V?$allocator@D@2@@std@@UPluginCfg@@@std@@@2@$0A@@std@@@std@@QAE?AU?$pair@V?$_Tree_iterator@V?$_Tree_val@U?$_Tree_simple_types@U?$pair@$$CBV?$basic_string@DU?$char_traits@D@std@@V?$allocator@D@2@@std@@UPluginCfg@@@std@@@std@@@std@@@std@@V12@@2@ABV?$basic_string@DU?$char_traits@D@std@@V?$allocator@D@2@@2@@Z 100135f0 f i Setting.obj
 0001:00012700       ?erase@?$_Tree@V?$_Tmap_traits@V?$basic_string@DU?$char_traits@D@std@@V?$allocator@D@2@@std@@UPluginCfg@@U?$less@V?$basic_string@DU?$char_traits@D@std@@V?$allocator@D@2@@std@@@2@V?$allocator@U?$pair@$$CBV?$basic_string@DU?$char_traits@D@std@@V?$allocator@D@2@@std@@UPluginCfg@@@std@@@2@$0A@@std@@@std@@QAE?AV?$_Tree_iterator@V?$_Tree_val@U?$_Tree_simple_types@U?$pair@$$CBV?$basic_string@DU?$char_traits@D@std@@V?$allocator@D@2@@std@@UPluginCfg@@@std@@@std@@@std@@@2@V?$_Tree_const_iterator@V?$_Tree_val@U?$_Tree_simple_types@U?$pair@$$CBV?$basic_string@DU?$char_traits@D@std@@V?$allocator@D@2@@std@@UPluginCfg@@@std@@@std@@@std@@@2@0@Z 10013700 f i Setting.obj
 0001:00012a20       ?erase@?$_Tree@V?$_Tmap_traits@V?$basic_string@DU?$char_traits@D@std@@V?$allocator@D@2@@std@@UPluginCfg@@U?$less@V?$basic_string@DU?$char_traits@D@std@@V?$allocator@D@2@@std@@@2@V?$allocator@U?$pair@$$CBV?$basic_string@DU?$char_traits@D@std@@V?$allocator@D@2@@std@@UPluginCfg@@@std@@@2@$0A@@std@@@std@@QAE?AV?$_Tree_iterator@V?$_Tree_val@U?$_Tree_simple_types@U?$pair@$$CBV?$basic_string@DU?$char_traits@D@std@@V?$allocator@D@2@@std@@UPluginCfg@@@std@@@std@@@std@@@2@V?$_Tree_const_iterator@V?$_Tree_val@U?$_Tree_simple_types@U?$pair@$$CBV?$basic_string@DU?$char_traits@D@std@@V?$allocator@D@2@@std@@UPluginCfg@@@std@@@std@@@std@@@2@@Z 10013a20 f i Setting.obj
[...]
 0003:000033dc       ?id@?$numpunct@_W@std@@2V0locale@2@A 101ad3dc     common.obj
 0003:000033e0       ?ExtProgramFile@@3PADA     101ad3e0     Logger.obj
 0003:000034a8       ?ExtLogger@@3VCLogger@@A   101ad4a8     Logger.obj
 0003:000035e8       ?ExtProgramPath@@3PADA     101ad5e8     ServerPlugin.obj
 0003:000036ec       ?ExtServer@@3PAUCServerInterface@@A 101ad6ec     ServerPlugin.obj
 0003:000036f4       ?trade@@3VSocialTrade@@A   101ad6f4     ServerPlugin.obj
 0003:00003708       ?ExtSync@@3VCSync@@A       101ad708     ServerPlugin.obj
 0003:00003764       ?setting@@3VSetting@@A     101ad764     Setting.obj
 0003:00003778       ?turnSync@@3VCSync@@A      101ad778     SocialTrade.obj
 0003:00003798       ?soc_server@@3VSocketServer@@A 101ad798     SocketServer.obj
 0003:00003e5c       _sqlite3_temp_directory    101ade5c     sqlite3.obj
 0003:00003e80       _sqlite3_data_directory    101ade80     sqlite3.obj
 0003:000042a0       ?sql@@3VSQLite@@A          101ae2a0     SQLite.obj
 0003:000042bc       ___@@_PchSym_@00@UngEUvjelozUxlkbPgizwvPhbhgvnUwvyftUhgwzucOlyq@973CF2A7143AE582 101ae2bc     StdAfx.obj
 0003:00004338       ___fastflag                101ae338     LIBCMTD:fpinit.obj
 0003:0000433c       ___pInvalidArgHandler      101ae33c     LIBCMTD:invarg.obj
 0003:00004660       ___crtDebugCheckCount      101ae660     LIBCMTD:dbgheap.obj
 0003:00004668       ?_pfnDumpClient@@3P6AXPAXI@ZA 101ae668     LIBCMTD:dbgheap.obj
 0003:00004694       ?wsprintffp@@3P6AHPADPBDZZA 101ae694     LIBCMTD:error.obj
 0003:00004698       __aenvptr                  101ae698     LIBCMTD:dllcrt0.obj
 0003:0000469c       __wenvptr                  101ae69c     LIBCMTD:dllcrt0.obj
 0003:00004810       ___app_type                101ae810     LIBCMTD:crt0msg.obj
 0003:00004e40       ___pPurecall               101aee40     LIBCMTD:inithelp.obj
 0003:00004e44       ?_pnhHeap@@3P6AHI@ZA       101aee44     LIBCMTD:handler.obj
 0003:00004e48       __umaskval                 101aee48     LIBCMTD:crt0dat.obj
 0003:00004e4c       __exitflag                 101aee4c     LIBCMTD:crt0dat.obj
 0003:00004e50       __C_Termination_Done       101aee50     LIBCMTD:crt0dat.obj
 0003:00004e54       ___winitenv                101aee54     LIBCMTD:crt0dat.obj
 0003:00004e58       ___initenv                 101aee58     LIBCMTD:crt0dat.obj
 0003:00004e5c       __C_Exit_Done              101aee5c     LIBCMTD:crt0dat.obj
 0003:00004e64       ___argc                    101aee64     LIBCMTD:crt0dat.obj
 0003:00004e68       ___argv                    101aee68     LIBCMTD:crt0dat.obj
 0003:00004e6c       ___wargv                   101aee6c     LIBCMTD:crt0dat.obj
 0003:00004e70       __environ                  101aee70     LIBCMTD:crt0dat.obj
 0003:00004e74       __wenviron                 101aee74     LIBCMTD:crt0dat.obj
 0003:00004e78       __pgmptr                   101aee78     LIBCMTD:crt0dat.obj
 0003:00004e7c       __wpgmptr                  101aee7c     LIBCMTD:crt0dat.obj
 0003:00004e80       ___isa_available           101aee80     LIBCMTD:cpu_disp.obj
 0003:00004e84       ___favor                   101aee84     LIBCMTD:cpu_disp.obj
 0003:00004e90       ?__pInconsistency@@3P6AXXZA 101aee90     LIBCMTD:hooks.obj
 0003:00004e9c       __cflush                   101aee9c     LIBCMTD:_file.obj
 0003:00004ea0       __stdbuf                   101aeea0     LIBCMTD:_sftbuf.obj
 0003:00004ea8       ___pioinfo                 101aeea8     LIBCMTD:ioinit.obj
 0003:00004fa8       ___mblocalename            101aefa8     LIBCMTD:mbctype.obj
 0003:00004fac       ___mbcodepage              101aefac     LIBCMTD:mbctype.obj
 0003:00004fb0       ___ismbcodepage            101aefb0     LIBCMTD:mbctype.obj
 0003:00004fb4       ___mbulinfo                101aefb4     LIBCMTD:mbctype.obj
 0003:00004fc4       ___locale_changed          101aefc4     LIBCMTD:wsetloca.obj
 0003:00004ff0       __newmode                  101aeff0     LIBCMTD:_newmode.obj
 0003:00004ff4       __crtheap                  101aeff4     LIBCMTD:heapinit.obj
 0003:000051c8       ___error_mode              101af1c8     LIBCMTD:errmode.obj
 0003:000051d4       ?pArgList@UnDecorator@@0PAVReplicator@@A 101af1d4     LIBCMTD:undname.obj
 0003:000051d8       ?pZNameList@UnDecorator@@0PAVReplicator@@A 101af1d8     LIBCMTD:undname.obj
 0003:000051dc       ?pTemplateArgList@UnDecorator@@0PAVReplicator@@A 101af1dc     LIBCMTD:undname.obj
 0003:000051e0       ?gName@UnDecorator@@0PBDB  101af1e0     LIBCMTD:undname.obj
 0003:000051e4       ?name@UnDecorator@@0PBDB   101af1e4     LIBCMTD:undname.obj
 0003:000051e8       ?outputString@UnDecorator@@0PADA 101af1e8     LIBCMTD:undname.obj
 0003:000051ec       ?maxStringLength@UnDecorator@@0HA 101af1ec     LIBCMTD:undname.obj
 0003:000051f0       ?disableFlags@UnDecorator@@0KA 101af1f0     LIBCMTD:undname.obj
 0003:000051f4       ?fExplicitTemplateParams@UnDecorator@@0_NA 101af1f4     LIBCMTD:undname.obj
 0003:000051f5       ?fGetTemplateArgumentList@UnDecorator@@0_NA 101af1f5     LIBCMTD:undname.obj
 0003:000051f8       ?m_pGetParameter@UnDecorator@@0P6APADJ@ZA 101af1f8     LIBCMTD:undname.obj
 0003:00005260       ?nodes@?1??make@DNameStatusNode@@SAPAV2@W4DNameStatus@@@Z@4PAV2@A 101af260     LIBCMTD:undname.obj
 0003:00005290       ??_B?1??make@DNameStatusNode@@SAPAV1@W4DNameStatus@@@Z@51 101af290     LIBCMTD:undname.obj
 0003:00005294       __outputformat             101af294     LIBCMTD:outputformat.obj
 0003:00005298       __commode                  101af298     LIBCMTD:ncommode.obj
 0003:000052a0       ___lconv_static_null       101af2a0     LIBCMTD:lconv.obj
 0003:000052a4       ___lconv_static_W_null     101af2a4     LIBCMTD:lconv.obj
 0003:000052a8       __fmode                    101af2a8     LIBCMTD:txtmode.obj
 0003:000052ac       __pReportHookListW         101af2ac     <common>
 0003:000052bc       __pReportHookList          101af2bc     <common>
 0003:000052c0       __pfnReportHook            101af2c0     <common>
 0003:000052c4       ___unguarded_readlc_active 101af2c4     <common>
 0003:000052d4       ___setlc_active            101af2d4     <common>
 0003:000052d8       __debugger_hook_dummy      101af2d8     <common>
 0003:000052e4       __nhandle                  101af2e4     <common>
 0003:000052f0       ___piob                    101af2f0     <common>
 0003:00005630       __nstream                  101af630     <common>
 0003:00005640       __bufin                    101af640     <common>
 0003:00006640       ___dyn_tls_init_callback   101b0640     <common>
 0003:00006650       ___onexitend               101b0650     <common>
 0003:00006654       ___onexitbegin             101b0654     <common>
 0003:00006658       ___mbctype_initialized     101b0658     <common>
 0003:0000665c       ___env_initialized         101b065c     <common>
 0003:00006660       _encodedKERNEL32Functions  101b0660     <common>
 0003:000066f4       __acmdln                   101b06f4     <common>
 0004:00000000       __IMPORT_DESCRIPTOR_KERNEL32 101b1000     kernel32:KERNEL32.dll
 0004:00000014       __IMPORT_DESCRIPTOR_WS2_32 101b1014     ws2_32:WS2_32.dll
 0004:00000028       __NULL_IMPORT_DESCRIPTOR   101b1028     kernel32:KERNEL32.dll
 0004:00000364       __imp__InitializeCriticalSection@4 101b1364     kernel32:KERNEL32.dll
 0004:00000368       __imp__DeleteCriticalSection@4 101b1368     kernel32:KERNEL32.dll
 0004:0000036c       __imp__EnterCriticalSection@4 101b136c     kernel32:KERNEL32.dll
 0004:00000370       __imp__LeaveCriticalSection@4 101b1370     kernel32:KERNEL32.dll
 0004:00000374       __imp__GetLocalTime@4      101b1374     kernel32:KERNEL32.dll
 0004:00000378       __imp__GetModuleFileNameA@12 101b1378     kernel32:KERNEL32.dll
 0004:0000037c       __imp__CloseHandle@4       101b137c     kernel32:KERNEL32.dll
 0004:00000380       __imp__WaitForSingleObject@8 101b1380     kernel32:KERNEL32.dll
 0004:00000384       __imp__TerminateThread@8   101b1384     kernel32:KERNEL32.dll
 0004:00000388       __imp__DeleteFileA@4       101b1388     kernel32:KERNEL32.dll
 0004:0000038c       __imp__AreFileApisANSI@0   101b138c     kernel32:KERNEL32.dll
 0004:00000390       __imp__GetSystemTime@4     101b1390     kernel32:KERNEL32.dll
 0004:00000394       __imp__LocalFree@4         101b1394     kernel32:KERNEL32.dll
 0004:00000398       __imp__GetTempPathA@8      101b1398     kernel32:KERNEL32.dll
 0004:0000039c       __imp__GetCurrentProcessId@0 101b139c     kernel32:KERNEL32.dll
 0004:000003a0       __imp__DeleteFileW@4       101b13a0     kernel32:KERNEL32.dll
 0004:000003a4       __imp__GetVersionExA@4     101b13a4     kernel32:KERNEL32.dll
 0004:000003a8       __imp__OutputDebugStringA@4 101b13a8     kernel32:KERNEL32.dll
 0004:000003ac       __imp__GetFileAttributesExW@12 101b13ac     kernel32:KERNEL32.dll
 0004:000003b0       __imp__GetSystemInfo@4     101b13b0     kernel32:KERNEL32.dll
 0004:000003b4       __imp__GetDiskFreeSpaceA@20 101b13b4     kernel32:KERNEL32.dll
 0004:000003b8       __imp__CreateFileMappingW@24 101b13b8     kernel32:KERNEL32.dll
 0004:000003bc       __imp__CreateFileMappingA@24 101b13bc     kernel32:KERNEL32.dll
 0004:000003c0       __imp__LoadLibraryA@4      101b13c0     kernel32:KERNEL32.dll
 0004:000003c4       __imp__GetDiskFreeSpaceW@20 101b13c4     kernel32:KERNEL32.dll
 0004:000003c8       __imp__LockFileEx@24       101b13c8     kernel32:KERNEL32.dll
 0004:000003cc       __imp__HeapSize@12         101b13cc     kernel32:KERNEL32.dll
 0004:000003d0       __imp__GetProcAddress@8    101b13d0     kernel32:KERNEL32.dll
 0004:000003d4       __imp__GetLastError@0      101b13d4     kernel32:KERNEL32.dll
 0004:000003d8       __imp__GetTempPathW@8      101b13d8     kernel32:KERNEL32.dll
 0004:000003dc       __imp__FlushFileBuffers@4  101b13dc     kernel32:KERNEL32.dll
 0004:000003e0       __imp__MultiByteToWideChar@24 101b13e0     kernel32:KERNEL32.dll
 0004:000003e4       __imp__CreateFileW@28      101b13e4     kernel32:KERNEL32.dll
 0004:000003e8       __imp__ReadFile@20         101b13e8     kernel32:KERNEL32.dll
 0004:000003ec       __imp__GetFileAttributesW@4 101b13ec     kernel32:KERNEL32.dll
 0004:000003f0       __imp__HeapValidate@12     101b13f0     kernel32:KERNEL32.dll
 0004:000003f4       __imp__HeapCreate@12       101b13f4     kernel32:KERNEL32.dll
 0004:000003f8       __imp__GetFileAttributesA@4 101b13f8     kernel32:KERNEL32.dll
 0004:000003fc       __imp__HeapDestroy@4       101b13fc     kernel32:KERNEL32.dll
 0004:00000400       __imp__GetVersionExW@4     101b1400     kernel32:KERNEL32.dll
 0004:00000404       __imp__FormatMessageW@28   101b1404     kernel32:KERNEL32.dll
 0004:00000408       __imp__Sleep@4             101b1408     kernel32:KERNEL32.dll
 0004:0000040c       __imp__LoadLibraryW@4      101b140c     kernel32:KERNEL32.dll
 0004:00000410       __imp__WideCharToMultiByte@32 101b1410     kernel32:KERNEL32.dll
 0004:00000414       __imp__WriteFile@20        101b1414     kernel32:KERNEL32.dll
 0004:00000418       __imp__FormatMessageA@28   101b1418     kernel32:KERNEL32.dll
 0004:0000041c       __imp__GetSystemTimeAsFileTime@4 101b141c     kernel32:KERNEL32.dll
 0004:00000420       __imp__GetProcessHeap@0    101b1420     kernel32:KERNEL32.dll
 0004:00000424       __imp__UnlockFileEx@20     101b1424     kernel32:KERNEL32.dll
 0004:00000428       __imp__GetTickCount@0      101b1428     kernel32:KERNEL32.dll
 0004:0000042c       __imp__OutputDebugStringW@4 101b142c     kernel32:KERNEL32.dll
 0004:00000430       __imp__WaitForSingleObjectEx@12 101b1430     kernel32:KERNEL32.dll
 0004:00000434       __imp__LockFile@20         101b1434     kernel32:KERNEL32.dll
 0004:00000438       __imp__FlushViewOfFile@8   101b1438     kernel32:KERNEL32.dll
 0004:0000043c       __imp__UnlockFile@20       101b143c     kernel32:KERNEL32.dll
 0004:00000440       __imp__InterlockedCompareExchange@12 101b1440     kernel32:KERNEL32.dll
 0004:00000444       __imp__HeapFree@12         101b1444     kernel32:KERNEL32.dll
 0004:00000448       __imp__QueryPerformanceCounter@4 101b1448     kernel32:KERNEL32.dll
 0004:0000044c       __imp__SystemTimeToFileTime@8 101b144c     kernel32:KERNEL32.dll
 0004:00000450       __imp__HeapAlloc@12        101b1450     kernel32:KERNEL32.dll
 0004:00000454       __imp__FreeLibrary@4       101b1454     kernel32:KERNEL32.dll
 0004:00000458       __imp__SetEndOfFile@4      101b1458     kernel32:KERNEL32.dll
 0004:0000045c       __imp__UnmapViewOfFile@4   101b145c     kernel32:KERNEL32.dll
 0004:00000460       __imp__MapViewOfFile@20    101b1460     kernel32:KERNEL32.dll
 0004:00000464       __imp__SetFilePointer@16   101b1464     kernel32:KERNEL32.dll
 0004:00000468       __imp__HeapCompact@8       101b1468     kernel32:KERNEL32.dll
 0004:0000046c       __imp__CreateMutexW@12     101b146c     kernel32:KERNEL32.dll
 0004:00000470       __imp__GetFileSize@8       101b1470     kernel32:KERNEL32.dll
 0004:00000474       __imp__CreateFileA@28      101b1474     kernel32:KERNEL32.dll
 0004:00000478       __imp__HeapReAlloc@16      101b1478     kernel32:KERNEL32.dll
 0004:0000047c       __imp__GetFullPathNameA@16 101b147c     kernel32:KERNEL32.dll
 0004:00000480       __imp__GetFullPathNameW@16 101b1480     kernel32:KERNEL32.dll
 0004:00000484       __imp__TryEnterCriticalSection@4 101b1484     kernel32:KERNEL32.dll
 0004:00000488       __imp__GetCurrentThreadId@0 101b1488     kernel32:KERNEL32.dll
 0004:0000048c       __imp__GetStringTypeW@16   101b148c     kernel32:KERNEL32.dll
 0004:00000490       __imp__SetEnvironmentVariableA@8 101b1490     kernel32:KERNEL32.dll
 0004:00000494       __imp__SetFilePointerEx@20 101b1494     kernel32:KERNEL32.dll
 0004:00000498       __imp__EnumSystemLocalesW@8 101b1498     kernel32:KERNEL32.dll
 0004:0000049c       __imp__GetUserDefaultLCID@0 101b149c     kernel32:KERNEL32.dll
 0004:000004a0       __imp__IsValidLocale@8     101b14a0     kernel32:KERNEL32.dll
 0004:000004a4       __imp__GetLocaleInfoW@16   101b14a4     kernel32:KERNEL32.dll
 0004:000004a8       __imp__LCMapStringW@24     101b14a8     kernel32:KERNEL32.dll
 0004:000004ac       __imp__CompareStringW@24   101b14ac     kernel32:KERNEL32.dll
 0004:000004b0       __imp__GetTimeFormatW@24   101b14b0     kernel32:KERNEL32.dll
 0004:000004b4       __imp__GetDateFormatW@24   101b14b4     kernel32:KERNEL32.dll
 0004:000004b8       __imp__FreeEnvironmentStringsW@4 101b14b8     kernel32:KERNEL32.dll
 0004:000004bc       __imp__GetEnvironmentStringsW@0 101b14bc     kernel32:KERNEL32.dll
 0004:000004c0       __imp__VirtualQuery@12     101b14c0     kernel32:KERNEL32.dll
 0004:000004c4       __imp__GetTimeZoneInformation@4 101b14c4     kernel32:KERNEL32.dll
 0004:000004c8       __imp__HeapQueryInformation@20 101b14c8     kernel32:KERNEL32.dll
 0004:000004cc       __imp__InterlockedIncrement@4 101b14cc     kernel32:KERNEL32.dll
 0004:000004d0       __imp__InterlockedDecrement@4 101b14d0     kernel32:KERNEL32.dll
 0004:000004d4       __imp__InterlockedExchange@8 101b14d4     kernel32:KERNEL32.dll
 0004:000004d8       __imp__EncodePointer@4     101b14d8     kernel32:KERNEL32.dll
 0004:000004dc       __imp__DecodePointer@4     101b14dc     kernel32:KERNEL32.dll
 0004:000004e0       __imp__RaiseException@16   101b14e0     kernel32:KERNEL32.dll
 0004:000004e4       __imp__RtlUnwind@16        101b14e4     kernel32:KERNEL32.dll
 0004:000004e8       __imp__IsDebuggerPresent@0 101b14e8     kernel32:KERNEL32.dll
 0004:000004ec       __imp__IsProcessorFeaturePresent@4 101b14ec     kernel32:KERNEL32.dll
 0004:000004f0       __imp__GetModuleFileNameW@12 101b14f0     kernel32:KERNEL32.dll
 0004:000004f4       __imp__GetModuleHandleExW@12 101b14f4     kernel32:KERNEL32.dll
 0004:000004f8       __imp__CreateThread@24     101b14f8     kernel32:KERNEL32.dll
 0004:000004fc       __imp__ExitThread@4        101b14fc     kernel32:KERNEL32.dll
 0004:00000500       __imp__ResumeThread@4      101b1500     kernel32:KERNEL32.dll
 0004:00000504       __imp__LoadLibraryExW@12   101b1504     kernel32:KERNEL32.dll
 0004:00000508       __imp__lstrlenA@4          101b1508     kernel32:KERNEL32.dll
 0004:0000050c       __imp__GetCommandLineA@0   101b150c     kernel32:KERNEL32.dll
 0004:00000510       __imp__InitializeCriticalSectionAndSpinCount@8 101b1510     kernel32:KERNEL32.dll
 0004:00000514       __imp__FatalAppExitA@8     101b1514     kernel32:KERNEL32.dll
 0004:00000518       __imp__UnhandledExceptionFilter@4 101b1518     kernel32:KERNEL32.dll
 0004:0000051c       __imp__SetUnhandledExceptionFilter@4 101b151c     kernel32:KERNEL32.dll
 0004:00000520       __imp__SetLastError@4      101b1520     kernel32:KERNEL32.dll
 0004:00000524       __imp__GetCurrentProcess@0 101b1524     kernel32:KERNEL32.dll
 0004:00000528       __imp__TerminateProcess@8  101b1528     kernel32:KERNEL32.dll
 0004:0000052c       __imp__TlsAlloc@0          101b152c     kernel32:KERNEL32.dll
 0004:00000530       __imp__TlsGetValue@4       101b1530     kernel32:KERNEL32.dll
 0004:00000534       __imp__TlsSetValue@8       101b1534     kernel32:KERNEL32.dll
 0004:00000538       __imp__TlsFree@4           101b1538     kernel32:KERNEL32.dll
 0004:0000053c       __imp__GetStartupInfoW@4   101b153c     kernel32:KERNEL32.dll
 0004:00000540       __imp__GetModuleHandleW@4  101b1540     kernel32:KERNEL32.dll
 0004:00000544       __imp__CreateSemaphoreW@16 101b1544     kernel32:KERNEL32.dll
 0004:00000548       __imp__GetStdHandle@4      101b1548     kernel32:KERNEL32.dll
 0004:0000054c       __imp__ExitProcess@4       101b154c     kernel32:KERNEL32.dll
 0004:00000550       __imp__GetCurrentThread@0  101b1550     kernel32:KERNEL32.dll
 0004:00000554       __imp__GetConsoleCP@0      101b1554     kernel32:KERNEL32.dll
 0004:00000558       __imp__GetConsoleMode@8    101b1558     kernel32:KERNEL32.dll
 0004:0000055c       __imp__GetFileType@4       101b155c     kernel32:KERNEL32.dll
 0004:00000560       __imp__ReadConsoleW@20     101b1560     kernel32:KERNEL32.dll
 0004:00000564       __imp__SetStdHandle@8      101b1564     kernel32:KERNEL32.dll
 0004:00000568       __imp__IsValidCodePage@4   101b1568     kernel32:KERNEL32.dll
 0004:0000056c       __imp__GetACP@0            101b156c     kernel32:KERNEL32.dll
 0004:00000570       __imp__GetOEMCP@0          101b1570     kernel32:KERNEL32.dll
 0004:00000574       __imp__GetCPInfo@8         101b1574     kernel32:KERNEL32.dll
 0004:00000578       __imp__SetConsoleCtrlHandler@8 101b1578     kernel32:KERNEL32.dll
 0004:0000057c       __imp__WriteConsoleW@20    101b157c     kernel32:KERNEL32.dll
 0004:00000580       \177KERNEL32_NULL_THUNK_DATA 101b1580     kernel32:KERNEL32.dll
 0004:00000618       __imp__WSAGetLastError@0   101b1618     ws2_32:WS2_32.dll
 0004:0000061c       __imp__socket@12           101b161c     ws2_32:WS2_32.dll
 0004:00000620       __imp__send@16             101b1620     ws2_32:WS2_32.dll
 0004:00000624       __imp__recv@16             101b1624     ws2_32:WS2_32.dll
 0004:00000628       __imp__listen@8            101b1628     ws2_32:WS2_32.dll
 0004:0000062c       __imp__htons@4             101b162c     ws2_32:WS2_32.dll
 0004:00000630       __imp__htonl@4             101b1630     ws2_32:WS2_32.dll
 0004:00000634       __imp__closesocket@4       101b1634     ws2_32:WS2_32.dll
 0004:00000638       __imp__bind@12             101b1638     ws2_32:WS2_32.dll
 0004:0000063c       __imp__accept@12           101b163c     ws2_32:WS2_32.dll
 0004:00000640       __imp__WSACleanup@0        101b1640     ws2_32:WS2_32.dll
 0004:00000644       __imp__WSAStartup@8        101b1644     ws2_32:WS2_32.dll
 0004:00000648       __imp__gethostname@8       101b1648     ws2_32:WS2_32.dll
 0004:0000064c       __imp__inet_ntoa@4         101b164c     ws2_32:WS2_32.dll
 0004:00000650       __imp__gethostbyname@4     101b1650     ws2_32:WS2_32.dll
 0004:00000654       \177WS2_32_NULL_THUNK_DATA 101b1654     ws2_32:WS2_32.dll

 entry point at        0001:00114c50

